<?xml version="1.0" encoding="ISO-8859-1" ?>
<link_info>
   <banner>TI ARM Clang Linker PC v4.0.4.LTS</banner>
   <copyright>Copyright (c) 1996-2018 Texas Instruments Incorporated</copyright>
   <command_line>D:\TI\ccs\tools\compiler\ti-cgt-armllvm_4.0.4.LTS\bin\tiarmlnk -ID:\TI\ccs\tools\compiler\ti-cgt-armllvm_4.0.4.LTS\lib -o 2025-NUEDC-E-Car.out -m2025-NUEDC-E-Car.map -iD:/TI/mspm0_sdk_2_10_00_04/source -iE:/Projects/2025-NUEDC-E/2025-NUEDC-E-Car -iE:/Projects/2025-NUEDC-E/2025-NUEDC-E-Car/Debug/syscfg -iD:/TI/ccs/tools/compiler/ti-cgt-armllvm_4.0.4.LTS/lib --diag_wrap=off --display_error_number --warn_sections --xml_link_info=2025-NUEDC-E-Car_linkInfo.xml --rom_model ./empty.o ./ti_msp_dl_config.o ./startup_mspm0g350x_ticlang.o -l./device_linker.cmd -ldevice.cmd.genlibs -llibc.a --start-group -llibc++.a -llibc++abi.a -llibc.a -llibsys.a -llibsysbm.a -llibclang_rt.builtins.a -llibclang_rt.profile.a --end-group --cg_opt_level=2</command_line>
   <link_time>0x6a0dfb57</link_time>
   <link_errors>0x0</link_errors>
   <output_file>E:\Projects\2025-NUEDC-E\2025-NUEDC-E-Car\Debug\2025-NUEDC-E-Car.out</output_file>
   <entry_point>
      <name>_c_int00_noargs</name>
      <address>0x6c9</address>
   </entry_point>
   <input_file_list>
      <input_file id="fl-1">
         <path>E:\Projects\2025-NUEDC-E\2025-NUEDC-E-Car\Debug\.\</path>
         <kind>object</kind>
         <file>empty.o</file>
         <name>empty.o</name>
      </input_file>
      <input_file id="fl-2">
         <path>E:\Projects\2025-NUEDC-E\2025-NUEDC-E-Car\Debug\.\</path>
         <kind>object</kind>
         <file>ti_msp_dl_config.o</file>
         <name>ti_msp_dl_config.o</name>
      </input_file>
      <input_file id="fl-3">
         <path>E:\Projects\2025-NUEDC-E\2025-NUEDC-E-Car\Debug\.\</path>
         <kind>object</kind>
         <file>startup_mspm0g350x_ticlang.o</file>
         <name>startup_mspm0g350x_ticlang.o</name>
      </input_file>
      <input_file id="fl-10">
         <path>E:\Projects\2025-NUEDC-E\2025-NUEDC-E-Car\Debug\</path>
         <kind>object</kind>
         <file>&lt;internal&gt;</file>
         <name>&lt;internal&gt;</name>
      </input_file>
      <input_file id="fl-11">
         <path>D:\TI\mspm0_sdk_2_10_00_04\source\ti\driverlib\lib\ticlang\m0p\mspm0g1x0x_g3x0x\</path>
         <kind>archive</kind>
         <file>driverlib.a</file>
         <name>dl_common.o</name>
      </input_file>
      <input_file id="fl-12">
         <path>D:\TI\mspm0_sdk_2_10_00_04\source\ti\driverlib\lib\ticlang\m0p\mspm0g1x0x_g3x0x\</path>
         <kind>archive</kind>
         <file>driverlib.a</file>
         <name>dl_i2c.o</name>
      </input_file>
      <input_file id="fl-13">
         <path>D:\TI\mspm0_sdk_2_10_00_04\source\ti\driverlib\lib\ticlang\m0p\mspm0g1x0x_g3x0x\</path>
         <kind>archive</kind>
         <file>driverlib.a</file>
         <name>dl_timer.o</name>
      </input_file>
      <input_file id="fl-14">
         <path>D:\TI\mspm0_sdk_2_10_00_04\source\ti\driverlib\lib\ticlang\m0p\mspm0g1x0x_g3x0x\</path>
         <kind>archive</kind>
         <file>driverlib.a</file>
         <name>dl_uart.o</name>
      </input_file>
      <input_file id="fl-2b">
         <path>D:\TI\ccs\tools\compiler\ti-cgt-armllvm_4.0.4.LTS\lib\armv6m-ti-none-eabi\c\</path>
         <kind>archive</kind>
         <file>libc.a</file>
         <name>boot_cortex_m.c.obj</name>
      </input_file>
      <input_file id="fl-2c">
         <path>D:\TI\ccs\tools\compiler\ti-cgt-armllvm_4.0.4.LTS\lib\armv6m-ti-none-eabi\c\</path>
         <kind>archive</kind>
         <file>libc.a</file>
         <name>mathacl_init.c.obj</name>
      </input_file>
      <input_file id="fl-2d">
         <path>D:\TI\ccs\tools\compiler\ti-cgt-armllvm_4.0.4.LTS\lib\armv6m-ti-none-eabi\c\</path>
         <kind>archive</kind>
         <file>libc.a</file>
         <name>autoinit.c.obj</name>
      </input_file>
      <input_file id="fl-2e">
         <path>D:\TI\ccs\tools\compiler\ti-cgt-armllvm_4.0.4.LTS\lib\armv6m-ti-none-eabi\c\</path>
         <kind>archive</kind>
         <file>libc.a</file>
         <name>pre_init.c.obj</name>
      </input_file>
      <input_file id="fl-2f">
         <path>D:\TI\ccs\tools\compiler\ti-cgt-armllvm_4.0.4.LTS\lib\armv6m-ti-none-eabi\c\</path>
         <kind>archive</kind>
         <file>libc.a</file>
         <name>cpy_tbl.c.obj</name>
      </input_file>
      <input_file id="fl-30">
         <path>D:\TI\ccs\tools\compiler\ti-cgt-armllvm_4.0.4.LTS\lib\armv6m-ti-none-eabi\c\</path>
         <kind>archive</kind>
         <file>libc.a</file>
         <name>copy_zero_init.c.obj</name>
      </input_file>
      <input_file id="fl-31">
         <path>D:\TI\ccs\tools\compiler\ti-cgt-armllvm_4.0.4.LTS\lib\armv6m-ti-none-eabi\c\</path>
         <kind>archive</kind>
         <file>libc.a</file>
         <name>copy_decompress_none.c.obj</name>
      </input_file>
      <input_file id="fl-32">
         <path>D:\TI\ccs\tools\compiler\ti-cgt-armllvm_4.0.4.LTS\lib\armv6m-ti-none-eabi\c\</path>
         <kind>archive</kind>
         <file>libc.a</file>
         <name>copy_decompress_lzss.c.obj</name>
      </input_file>
      <input_file id="fl-33">
         <path>D:\TI\ccs\tools\compiler\ti-cgt-armllvm_4.0.4.LTS\lib\armv6m-ti-none-eabi\c\</path>
         <kind>archive</kind>
         <file>libc.a</file>
         <name>exit.c.obj</name>
      </input_file>
      <input_file id="fl-34">
         <path>D:\TI\ccs\tools\compiler\ti-cgt-armllvm_4.0.4.LTS\lib\armv6m-ti-none-eabi\c\</path>
         <kind>archive</kind>
         <file>libc.a</file>
         <name>_lock.c.obj</name>
      </input_file>
      <input_file id="fl-35">
         <path>D:\TI\ccs\tools\compiler\ti-cgt-armllvm_4.0.4.LTS\lib\armv6m-ti-none-eabi\c\</path>
         <kind>archive</kind>
         <file>libc.a</file>
         <name>args_main.c.obj</name>
      </input_file>
      <input_file id="fl-d5">
         <path>D:\TI\ccs\tools\compiler\ti-cgt-armllvm_4.0.4.LTS\lib\armv6m-ti-none-eabi\c\</path>
         <kind>archive</kind>
         <file>libsysbm.a</file>
         <name>hostexit.c.obj</name>
      </input_file>
      <input_file id="fl-d6">
         <path>D:\TI\ccs\tools\compiler\ti-cgt-armllvm_4.0.4.LTS\lib\armv6m-ti-none-eabi\</path>
         <kind>archive</kind>
         <file>libclang_rt.builtins.a</file>
         <name>aeabi_memcpy.S.obj</name>
      </input_file>
      <input_file id="fl-d7">
         <path>D:\TI\ccs\tools\compiler\ti-cgt-armllvm_4.0.4.LTS\lib\armv6m-ti-none-eabi\</path>
         <kind>archive</kind>
         <file>libclang_rt.builtins.a</file>
         <name>aeabi_memset.S.obj</name>
      </input_file>
      <input_file id="fl-d8">
         <path>D:\TI\ccs\tools\compiler\ti-cgt-armllvm_4.0.4.LTS\lib\armv6m-ti-none-eabi\</path>
         <kind>archive</kind>
         <file>libclang_rt.builtins.a</file>
         <name>aeabi_uidivmod.S.obj</name>
      </input_file>
      <input_file id="fl-d9">
         <path>D:\TI\ccs\tools\compiler\ti-cgt-armllvm_4.0.4.LTS\lib\armv6m-ti-none-eabi\</path>
         <kind>archive</kind>
         <file>libclang_rt.builtins.a</file>
         <name>aeabi_div0.c.obj</name>
      </input_file>
      <input_file id="fl-da">
         <path>D:\TI\ccs\tools\compiler\ti-cgt-armllvm_4.0.4.LTS\lib\armv6m-ti-none-eabi\c\</path>
         <kind>archive</kind>
         <file>libc.a</file>
         <name>memcpy16.S.obj</name>
      </input_file>
      <input_file id="fl-db">
         <path>D:\TI\ccs\tools\compiler\ti-cgt-armllvm_4.0.4.LTS\lib\armv6m-ti-none-eabi\c\</path>
         <kind>archive</kind>
         <file>libc.a</file>
         <name>memset16.S.obj</name>
      </input_file>
   </input_file_list>
   <object_component_list>
      <object_component id="oc-18">
         <name>.intvecs</name>
         <load_address>0x0</load_address>
         <readonly>true</readonly>
         <run_address>0x0</run_address>
         <size>0xc0</size>
         <alignment>0x4</alignment>
         <input_file_ref idref="fl-3"/>
      </object_component>
      <object_component id="oc-a3">
         <name>.text.SYSCFG_DL_GPIO_init</name>
         <load_address>0xc0</load_address>
         <readonly>true</readonly>
         <executable>true</executable>
         <run_address>0xc0</run_address>
         <size>0x124</size>
         <alignment>0x4</alignment>
         <input_file_ref idref="fl-2"/>
      </object_component>
      <object_component id="oc-ca">
         <name>.text.DL_Timer_initFourCCPWMMode</name>
         <load_address>0x1e4</load_address>
         <readonly>true</readonly>
         <executable>true</executable>
         <run_address>0x1e4</run_address>
         <size>0x104</size>
         <alignment>0x4</alignment>
         <input_file_ref idref="fl-13"/>
      </object_component>
      <object_component id="oc-d0">
         <name>.text.DL_Timer_initTimerMode</name>
         <load_address>0x2e8</load_address>
         <readonly>true</readonly>
         <executable>true</executable>
         <run_address>0x2e8</run_address>
         <size>0xfc</size>
         <alignment>0x4</alignment>
         <input_file_ref idref="fl-13"/>
      </object_component>
      <object_component id="oc-a6">
         <name>.text.SYSCFG_DL_PWM_0_init</name>
         <load_address>0x3e4</load_address>
         <readonly>true</readonly>
         <executable>true</executable>
         <run_address>0x3e4</run_address>
         <size>0x94</size>
         <alignment>0x4</alignment>
         <input_file_ref idref="fl-2"/>
      </object_component>
      <object_component id="oc-a9">
         <name>.text.SYSCFG_DL_UART1_init</name>
         <load_address>0x478</load_address>
         <readonly>true</readonly>
         <executable>true</executable>
         <run_address>0x478</run_address>
         <size>0x6c</size>
         <alignment>0x4</alignment>
         <input_file_ref idref="fl-2"/>
      </object_component>
      <object_component id="oc-a8">
         <name>.text.SYSCFG_DL_OLED_init</name>
         <load_address>0x4e4</load_address>
         <readonly>true</readonly>
         <executable>true</executable>
         <run_address>0x4e4</run_address>
         <size>0x60</size>
         <alignment>0x4</alignment>
         <input_file_ref idref="fl-2"/>
      </object_component>
      <object_component id="oc-a2">
         <name>.text.SYSCFG_DL_initPower</name>
         <load_address>0x544</load_address>
         <readonly>true</readonly>
         <executable>true</executable>
         <run_address>0x544</run_address>
         <size>0x54</size>
         <alignment>0x4</alignment>
         <input_file_ref idref="fl-2"/>
      </object_component>
      <object_component id="oc-e0">
         <name>.text.DL_UART_init</name>
         <load_address>0x598</load_address>
         <readonly>true</readonly>
         <executable>true</executable>
         <run_address>0x598</run_address>
         <size>0x48</size>
         <alignment>0x4</alignment>
         <input_file_ref idref="fl-14"/>
      </object_component>
      <object_component id="oc-a4">
         <name>.text.SYSCFG_DL_SYSCTL_init</name>
         <load_address>0x5e0</load_address>
         <readonly>true</readonly>
         <executable>true</executable>
         <run_address>0x5e0</run_address>
         <size>0x3c</size>
         <alignment>0x4</alignment>
         <input_file_ref idref="fl-2"/>
      </object_component>
      <object_component id="oc-89">
         <name>.text:__TI_auto_init_nobinit_nopinit</name>
         <load_address>0x61c</load_address>
         <readonly>true</readonly>
         <executable>true</executable>
         <run_address>0x61c</run_address>
         <size>0x3c</size>
         <alignment>0x4</alignment>
         <input_file_ref idref="fl-2d"/>
      </object_component>
      <object_component id="oc-a7">
         <name>.text.SYSCFG_DL_TIMER_0_init</name>
         <load_address>0x658</load_address>
         <readonly>true</readonly>
         <executable>true</executable>
         <run_address>0x658</run_address>
         <size>0x38</size>
         <alignment>0x4</alignment>
         <input_file_ref idref="fl-2"/>
      </object_component>
      <object_component id="oc-7b">
         <name>.text.SYSCFG_DL_init</name>
         <load_address>0x690</load_address>
         <readonly>true</readonly>
         <executable>true</executable>
         <run_address>0x690</run_address>
         <size>0x38</size>
         <alignment>0x4</alignment>
         <input_file_ref idref="fl-2"/>
      </object_component>
      <object_component id="oc-4f">
         <name>.text:_c_int00_noargs</name>
         <load_address>0x6c8</load_address>
         <readonly>true</readonly>
         <executable>true</executable>
         <run_address>0x6c8</run_address>
         <size>0x28</size>
         <alignment>0x4</alignment>
         <input_file_ref idref="fl-2b"/>
      </object_component>
      <object_component id="oc-d3">
         <name>.text.DL_I2C_setClockConfig</name>
         <load_address>0x6f0</load_address>
         <readonly>true</readonly>
         <executable>true</executable>
         <run_address>0x6f0</run_address>
         <size>0x26</size>
         <alignment>0x2</alignment>
         <input_file_ref idref="fl-12"/>
      </object_component>
      <object_component id="oc-33">
         <name>.text.Default_Handler</name>
         <load_address>0x716</load_address>
         <readonly>true</readonly>
         <executable>true</executable>
         <run_address>0x716</run_address>
         <size>0x2</size>
         <alignment>0x2</alignment>
         <input_file_ref idref="fl-3"/>
      </object_component>
      <object_component id="oc-cc">
         <name>.text.DL_Timer_setCaptCompUpdateMethod</name>
         <load_address>0x718</load_address>
         <readonly>true</readonly>
         <executable>true</executable>
         <run_address>0x718</run_address>
         <size>0x1c</size>
         <alignment>0x4</alignment>
         <input_file_ref idref="fl-13"/>
      </object_component>
      <object_component id="oc-c4">
         <name>.text.DL_Timer_setClockConfig</name>
         <load_address>0x734</load_address>
         <readonly>true</readonly>
         <executable>true</executable>
         <run_address>0x734</run_address>
         <size>0x1c</size>
         <alignment>0x4</alignment>
         <input_file_ref idref="fl-13"/>
      </object_component>
      <object_component id="oc-cb">
         <name>.text.DL_Timer_setCaptureCompareOutCtl</name>
         <load_address>0x750</load_address>
         <readonly>true</readonly>
         <executable>true</executable>
         <run_address>0x750</run_address>
         <size>0x18</size>
         <alignment>0x4</alignment>
         <input_file_ref idref="fl-13"/>
      </object_component>
      <object_component id="oc-46">
         <name>.text:decompress:ZI:__TI_zero_init_nomemset</name>
         <load_address>0x768</load_address>
         <readonly>true</readonly>
         <executable>true</executable>
         <run_address>0x768</run_address>
         <size>0x16</size>
         <alignment>0x2</alignment>
         <input_file_ref idref="fl-30"/>
      </object_component>
      <object_component id="oc-da">
         <name>.text.DL_UART_setClockConfig</name>
         <load_address>0x77e</load_address>
         <readonly>true</readonly>
         <executable>true</executable>
         <run_address>0x77e</run_address>
         <size>0x12</size>
         <alignment>0x2</alignment>
         <input_file_ref idref="fl-14"/>
      </object_component>
      <object_component id="oc-cd">
         <name>.text.DL_Timer_setCaptureCompareValue</name>
         <load_address>0x790</load_address>
         <readonly>true</readonly>
         <executable>true</executable>
         <run_address>0x790</run_address>
         <size>0x10</size>
         <alignment>0x4</alignment>
         <input_file_ref idref="fl-13"/>
      </object_component>
      <object_component id="oc-c0">
         <name>.text.DL_Common_delayCycles</name>
         <load_address>0x7a0</load_address>
         <readonly>true</readonly>
         <executable>true</executable>
         <run_address>0x7a0</run_address>
         <size>0xa</size>
         <alignment>0x2</alignment>
         <input_file_ref idref="fl-11"/>
      </object_component>
      <object_component id="oc-63">
         <name>.text.main</name>
         <load_address>0x7aa</load_address>
         <readonly>true</readonly>
         <executable>true</executable>
         <run_address>0x7aa</run_address>
         <size>0x6</size>
         <alignment>0x2</alignment>
         <input_file_ref idref="fl-1"/>
      </object_component>
      <object_component id="oc-82">
         <name>.text:abort</name>
         <load_address>0x7b0</load_address>
         <readonly>true</readonly>
         <executable>true</executable>
         <run_address>0x7b0</run_address>
         <size>0x6</size>
         <alignment>0x2</alignment>
         <input_file_ref idref="fl-33"/>
      </object_component>
      <object_component id="oc-af">
         <name>.text.HOSTexit</name>
         <load_address>0x7b6</load_address>
         <readonly>true</readonly>
         <executable>true</executable>
         <run_address>0x7b6</run_address>
         <size>0x4</size>
         <alignment>0x2</alignment>
         <input_file_ref idref="fl-d5"/>
      </object_component>
      <object_component id="oc-2f">
         <name>.text.Reset_Handler</name>
         <load_address>0x7ba</load_address>
         <readonly>true</readonly>
         <executable>true</executable>
         <run_address>0x7ba</run_address>
         <size>0x4</size>
         <alignment>0x2</alignment>
         <input_file_ref idref="fl-3"/>
      </object_component>
      <object_component id="oc-5f">
         <name>.text._system_pre_init</name>
         <load_address>0x7be</load_address>
         <readonly>true</readonly>
         <executable>true</executable>
         <run_address>0x7be</run_address>
         <size>0x4</size>
         <alignment>0x2</alignment>
         <input_file_ref idref="fl-2e"/>
      </object_component>
      <object_component id="oc-aa">
         <name>.text.SYSCFG_DL_SYSTICK_init</name>
         <load_address>0x7c2</load_address>
         <readonly>true</readonly>
         <executable>true</executable>
         <run_address>0x7c2</run_address>
         <size>0x2</size>
         <alignment>0x2</alignment>
         <input_file_ref idref="fl-2"/>
      </object_component>
      <object_component id="oc-138">
         <name>.cinit..bss.load</name>
         <load_address>0x7f8</load_address>
         <readonly>true</readonly>
         <run_address>0x7f8</run_address>
         <size>0x8</size>
         <alignment>0x4</alignment>
      </object_component>
      <object_component id="oc-136">
         <name>__TI_handler_table</name>
         <load_address>0x800</load_address>
         <readonly>true</readonly>
         <run_address>0x800</run_address>
         <size>0x4</size>
         <alignment>0x4</alignment>
      </object_component>
      <object_component id="oc-137">
         <name>__TI_cinit_table</name>
         <load_address>0x804</load_address>
         <readonly>true</readonly>
         <run_address>0x804</run_address>
         <size>0x8</size>
         <alignment>0x4</alignment>
      </object_component>
      <object_component id="oc-d2">
         <name>.rodata.gTIMER_0TimerConfig</name>
         <load_address>0x7c8</load_address>
         <readonly>true</readonly>
         <run_address>0x7c8</run_address>
         <size>0x14</size>
         <alignment>0x4</alignment>
         <input_file_ref idref="fl-2"/>
      </object_component>
      <object_component id="oc-e2">
         <name>.rodata.gUART1Config</name>
         <load_address>0x7dc</load_address>
         <readonly>true</readonly>
         <run_address>0x7dc</run_address>
         <size>0xa</size>
         <alignment>0x2</alignment>
         <input_file_ref idref="fl-2"/>
      </object_component>
      <object_component id="oc-d9">
         <name>.rodata.gOLEDClockConfig</name>
         <load_address>0x7e6</load_address>
         <readonly>true</readonly>
         <run_address>0x7e6</run_address>
         <size>0x2</size>
         <alignment>0x1</alignment>
         <input_file_ref idref="fl-2"/>
      </object_component>
      <object_component id="oc-cf">
         <name>.rodata.gPWM_0Config</name>
         <load_address>0x7e8</load_address>
         <readonly>true</readonly>
         <run_address>0x7e8</run_address>
         <size>0x8</size>
         <alignment>0x4</alignment>
         <input_file_ref idref="fl-2"/>
      </object_component>
      <object_component id="oc-ce">
         <name>.rodata.gPWM_0ClockConfig</name>
         <load_address>0x7f0</load_address>
         <readonly>true</readonly>
         <run_address>0x7f0</run_address>
         <size>0x3</size>
         <alignment>0x1</alignment>
         <input_file_ref idref="fl-2"/>
      </object_component>
      <object_component id="oc-d1">
         <name>.rodata.gTIMER_0ClockConfig</name>
         <load_address>0x7f3</load_address>
         <readonly>true</readonly>
         <run_address>0x7f3</run_address>
         <size>0x3</size>
         <alignment>0x1</alignment>
         <input_file_ref idref="fl-2"/>
      </object_component>
      <object_component id="oc-e1">
         <name>.rodata.gUART1ClockConfig</name>
         <load_address>0x7f6</load_address>
         <readonly>true</readonly>
         <run_address>0x7f6</run_address>
         <size>0x2</size>
         <alignment>0x1</alignment>
         <input_file_ref idref="fl-2"/>
      </object_component>
      <object_component id="oc-100">
         <name>.binit</name>
         <load_address>0x0</load_address>
         <readonly>true</readonly>
         <run_address>0x0</run_address>
         <size>0x0</size>
         <alignment>0x4</alignment>
      </object_component>
      <object_component id="oc-ab">
         <name>.common:gPWM_0Backup</name>
         <uninitialized>true</uninitialized>
         <readwrite>true</readwrite>
         <run_address>0x20200000</run_address>
         <size>0xbc</size>
         <alignment>0x4</alignment>
      </object_component>
      <object_component id="oc-ac">
         <name>.common:gTIMER_0Backup</name>
         <uninitialized>true</uninitialized>
         <readwrite>true</readwrite>
         <run_address>0x202000bc</run_address>
         <size>0xbc</size>
         <alignment>0x4</alignment>
      </object_component>
      <object_component id="oc-1a">
         <name>.stack</name>
         <uninitialized>true</uninitialized>
         <readwrite>true</readwrite>
         <run_address>0x20207e00</run_address>
         <size>0x4</size>
         <alignment>0x4</alignment>
         <input_file_ref idref="fl-2b"/>
      </object_component>
      <object_component id="oc-13a">
         <name>.stack</name>
         <uninitialized>true</uninitialized>
         <readwrite>true</readwrite>
         <run_address>0x20207e00</run_address>
         <size>0x0</size>
         <alignment>0x8</alignment>
      </object_component>
      <object_component id="oc-80">
         <name>.debug_abbrev</name>
         <load_address>0x0</load_address>
         <run_address>0x0</run_address>
         <size>0x47</size>
         <alignment>0x1</alignment>
         <input_file_ref idref="fl-1"/>
      </object_component>
      <object_component id="oc-ad">
         <name>.debug_abbrev</name>
         <load_address>0x47</load_address>
         <run_address>0x47</run_address>
         <size>0x22b</size>
         <alignment>0x1</alignment>
         <input_file_ref idref="fl-2"/>
      </object_component>
      <object_component id="oc-34">
         <name>.debug_abbrev</name>
         <load_address>0x272</load_address>
         <run_address>0x272</run_address>
         <size>0x6d</size>
         <alignment>0x1</alignment>
         <input_file_ref idref="fl-3"/>
      </object_component>
      <object_component id="oc-ee">
         <name>.debug_abbrev</name>
         <load_address>0x2df</load_address>
         <run_address>0x2df</run_address>
         <size>0x62</size>
         <alignment>0x1</alignment>
         <input_file_ref idref="fl-11"/>
      </object_component>
      <object_component id="oc-f3">
         <name>.debug_abbrev</name>
         <load_address>0x341</load_address>
         <run_address>0x341</run_address>
         <size>0x1e7</size>
         <alignment>0x1</alignment>
         <input_file_ref idref="fl-12"/>
      </object_component>
      <object_component id="oc-f1">
         <name>.debug_abbrev</name>
         <load_address>0x528</load_address>
         <run_address>0x528</run_address>
         <size>0x286</size>
         <alignment>0x1</alignment>
         <input_file_ref idref="fl-13"/>
      </object_component>
      <object_component id="oc-f5">
         <name>.debug_abbrev</name>
         <load_address>0x7ae</load_address>
         <run_address>0x7ae</run_address>
         <size>0x29b</size>
         <alignment>0x1</alignment>
         <input_file_ref idref="fl-14"/>
      </object_component>
      <object_component id="oc-36">
         <name>.debug_abbrev</name>
         <load_address>0xa49</load_address>
         <run_address>0xa49</run_address>
         <size>0xaf</size>
         <alignment>0x1</alignment>
         <input_file_ref idref="fl-2b"/>
      </object_component>
      <object_component id="oc-b9">
         <name>.debug_abbrev</name>
         <load_address>0xaf8</load_address>
         <run_address>0xaf8</run_address>
         <size>0x170</size>
         <alignment>0x1</alignment>
         <input_file_ref idref="fl-2d"/>
      </object_component>
      <object_component id="oc-79">
         <name>.debug_abbrev</name>
         <load_address>0xc68</load_address>
         <run_address>0xc68</run_address>
         <size>0x39</size>
         <alignment>0x1</alignment>
         <input_file_ref idref="fl-2e"/>
      </object_component>
      <object_component id="oc-58">
         <name>.debug_abbrev</name>
         <load_address>0xca1</load_address>
         <run_address>0xca1</run_address>
         <size>0xc2</size>
         <alignment>0x1</alignment>
         <input_file_ref idref="fl-30"/>
      </object_component>
      <object_component id="oc-b3">
         <name>.debug_abbrev</name>
         <load_address>0xd63</load_address>
         <run_address>0xd63</run_address>
         <size>0x98</size>
         <alignment>0x1</alignment>
         <input_file_ref idref="fl-33"/>
      </object_component>
      <object_component id="oc-e3">
         <name>.debug_abbrev</name>
         <load_address>0xdfb</load_address>
         <run_address>0xdfb</run_address>
         <size>0x2c</size>
         <alignment>0x1</alignment>
         <input_file_ref idref="fl-d5"/>
      </object_component>
      <object_component id="oc-13c">
         <name>.debug_abbrev</name>
         <load_address>0xe27</load_address>
         <run_address>0xe27</run_address>
         <size>0xf</size>
         <alignment>0x0</alignment>
      </object_component>
      <object_component id="oc-64">
         <name>.debug_info</name>
         <load_address>0x0</load_address>
         <run_address>0x0</run_address>
         <size>0x51</size>
         <alignment>0x1</alignment>
         <input_file_ref idref="fl-1"/>
      </object_component>
      <object_component id="oc-7c">
         <name>.debug_info</name>
         <load_address>0x51</load_address>
         <run_address>0x51</run_address>
         <size>0x3ae0</size>
         <alignment>0x1</alignment>
         <input_file_ref idref="fl-2"/>
      </object_component>
      <object_component id="oc-19">
         <name>.debug_info</name>
         <load_address>0x3b31</load_address>
         <run_address>0x3b31</run_address>
         <size>0x80</size>
         <alignment>0x1</alignment>
         <input_file_ref idref="fl-3"/>
      </object_component>
      <object_component id="oc-c2">
         <name>.debug_info</name>
         <load_address>0x3bb1</load_address>
         <run_address>0x3bb1</run_address>
         <size>0x75</size>
         <alignment>0x1</alignment>
         <input_file_ref idref="fl-11"/>
      </object_component>
      <object_component id="oc-d5">
         <name>.debug_info</name>
         <load_address>0x3c26</load_address>
         <run_address>0x3c26</run_address>
         <size>0xcd0</size>
         <alignment>0x1</alignment>
         <input_file_ref idref="fl-12"/>
      </object_component>
      <object_component id="oc-c6">
         <name>.debug_info</name>
         <load_address>0x48f6</load_address>
         <run_address>0x48f6</run_address>
         <size>0x32ed</size>
         <alignment>0x1</alignment>
         <input_file_ref idref="fl-13"/>
      </object_component>
      <object_component id="oc-dd">
         <name>.debug_info</name>
         <load_address>0x7be3</load_address>
         <run_address>0x7be3</run_address>
         <size>0x12cf</size>
         <alignment>0x1</alignment>
         <input_file_ref idref="fl-14"/>
      </object_component>
      <object_component id="oc-1b">
         <name>.debug_info</name>
         <load_address>0x8eb2</load_address>
         <run_address>0x8eb2</run_address>
         <size>0x423</size>
         <alignment>0x1</alignment>
         <input_file_ref idref="fl-2b"/>
      </object_component>
      <object_component id="oc-8b">
         <name>.debug_info</name>
         <load_address>0x92d5</load_address>
         <run_address>0x92d5</run_address>
         <size>0x744</size>
         <alignment>0x1</alignment>
         <input_file_ref idref="fl-2d"/>
      </object_component>
      <object_component id="oc-62">
         <name>.debug_info</name>
         <load_address>0x9a19</load_address>
         <run_address>0x9a19</run_address>
         <size>0x46</size>
         <alignment>0x1</alignment>
         <input_file_ref idref="fl-2e"/>
      </object_component>
      <object_component id="oc-48">
         <name>.debug_info</name>
         <load_address>0x9a5f</load_address>
         <run_address>0x9a5f</run_address>
         <size>0x192</size>
         <alignment>0x1</alignment>
         <input_file_ref idref="fl-30"/>
      </object_component>
      <object_component id="oc-84">
         <name>.debug_info</name>
         <load_address>0x9bf1</load_address>
         <run_address>0x9bf1</run_address>
         <size>0xf8</size>
         <alignment>0x1</alignment>
         <input_file_ref idref="fl-33"/>
      </object_component>
      <object_component id="oc-b0">
         <name>.debug_info</name>
         <load_address>0x9ce9</load_address>
         <run_address>0x9ce9</run_address>
         <size>0x3b</size>
         <alignment>0x1</alignment>
         <input_file_ref idref="fl-d5"/>
      </object_component>
      <object_component id="oc-13b">
         <name>.debug_info</name>
         <load_address>0x9d24</load_address>
         <run_address>0x9d24</run_address>
         <size>0xa3</size>
         <alignment>0x0</alignment>
      </object_component>
      <object_component id="oc-81">
         <name>.debug_str</name>
         <load_address>0x0</load_address>
         <run_address>0x0</run_address>
         <size>0xcb</size>
         <alignment>0x1</alignment>
         <input_file_ref idref="fl-1"/>
      </object_component>
      <object_component id="oc-ae">
         <name>.debug_str</name>
         <load_address>0xcb</load_address>
         <run_address>0xcb</run_address>
         <size>0x2b9b</size>
         <alignment>0x1</alignment>
         <input_file_ref idref="fl-2"/>
      </object_component>
      <object_component id="oc-35">
         <name>.debug_str</name>
         <load_address>0x2c66</load_address>
         <run_address>0x2c66</run_address>
         <size>0x15a</size>
         <alignment>0x1</alignment>
         <input_file_ref idref="fl-3"/>
      </object_component>
      <object_component id="oc-ef">
         <name>.debug_str</name>
         <load_address>0x2dc0</load_address>
         <run_address>0x2dc0</run_address>
         <size>0x16d</size>
         <alignment>0x1</alignment>
         <input_file_ref idref="fl-11"/>
      </object_component>
      <object_component id="oc-f4">
         <name>.debug_str</name>
         <load_address>0x2f2d</load_address>
         <run_address>0x2f2d</run_address>
         <size>0x8af</size>
         <alignment>0x1</alignment>
         <input_file_ref idref="fl-12"/>
      </object_component>
      <object_component id="oc-f2">
         <name>.debug_str</name>
         <load_address>0x37dc</load_address>
         <run_address>0x37dc</run_address>
         <size>0x1fe1</size>
         <alignment>0x1</alignment>
         <input_file_ref idref="fl-13"/>
      </object_component>
      <object_component id="oc-f6">
         <name>.debug_str</name>
         <load_address>0x57bd</load_address>
         <run_address>0x57bd</run_address>
         <size>0xcf2</size>
         <alignment>0x1</alignment>
         <input_file_ref idref="fl-14"/>
      </object_component>
      <object_component id="oc-37">
         <name>.debug_str</name>
         <load_address>0x64af</load_address>
         <run_address>0x64af</run_address>
         <size>0x21e</size>
         <alignment>0x1</alignment>
         <input_file_ref idref="fl-2b"/>
      </object_component>
      <object_component id="oc-ba">
         <name>.debug_str</name>
         <load_address>0x66cd</load_address>
         <run_address>0x66cd</run_address>
         <size>0x328</size>
         <alignment>0x1</alignment>
         <input_file_ref idref="fl-2d"/>
      </object_component>
      <object_component id="oc-7a">
         <name>.debug_str</name>
         <load_address>0x69f5</load_address>
         <run_address>0x69f5</run_address>
         <size>0xee</size>
         <alignment>0x1</alignment>
         <input_file_ref idref="fl-2e"/>
      </object_component>
      <object_component id="oc-59">
         <name>.debug_str</name>
         <load_address>0x6ae3</load_address>
         <run_address>0x6ae3</run_address>
         <size>0x194</size>
         <alignment>0x1</alignment>
         <input_file_ref idref="fl-30"/>
      </object_component>
      <object_component id="oc-b4">
         <name>.debug_str</name>
         <load_address>0x6c77</load_address>
         <run_address>0x6c77</run_address>
         <size>0x141</size>
         <alignment>0x1</alignment>
         <input_file_ref idref="fl-33"/>
      </object_component>
      <object_component id="oc-e4">
         <name>.debug_str</name>
         <load_address>0x6db8</load_address>
         <run_address>0x6db8</run_address>
         <size>0xe2</size>
         <alignment>0x1</alignment>
         <input_file_ref idref="fl-d5"/>
      </object_component>
      <object_component id="oc-65">
         <name>.debug_frame</name>
         <load_address>0x0</load_address>
         <run_address>0x0</run_address>
         <size>0x20</size>
         <alignment>0x4</alignment>
         <input_file_ref idref="fl-1"/>
      </object_component>
      <object_component id="oc-7e">
         <name>.debug_frame</name>
         <load_address>0x20</load_address>
         <run_address>0x20</run_address>
         <size>0x120</size>
         <alignment>0x4</alignment>
         <input_file_ref idref="fl-2"/>
      </object_component>
      <object_component id="oc-30">
         <name>.debug_frame</name>
         <load_address>0x140</load_address>
         <run_address>0x140</run_address>
         <size>0x30</size>
         <alignment>0x4</alignment>
         <input_file_ref idref="fl-3"/>
      </object_component>
      <object_component id="oc-c3">
         <name>.debug_frame</name>
         <load_address>0x170</load_address>
         <run_address>0x170</run_address>
         <size>0x20</size>
         <alignment>0x4</alignment>
         <input_file_ref idref="fl-11"/>
      </object_component>
      <object_component id="oc-d6">
         <name>.debug_frame</name>
         <load_address>0x190</load_address>
         <run_address>0x190</run_address>
         <size>0x12c</size>
         <alignment>0x4</alignment>
         <input_file_ref idref="fl-12"/>
      </object_component>
      <object_component id="oc-c7">
         <name>.debug_frame</name>
         <load_address>0x2bc</load_address>
         <run_address>0x2bc</run_address>
         <size>0x408</size>
         <alignment>0x4</alignment>
         <input_file_ref idref="fl-13"/>
      </object_component>
      <object_component id="oc-df">
         <name>.debug_frame</name>
         <load_address>0x6c4</load_address>
         <run_address>0x6c4</run_address>
         <size>0x1b8</size>
         <alignment>0x4</alignment>
         <input_file_ref idref="fl-14"/>
      </object_component>
      <object_component id="oc-4e">
         <name>.debug_frame</name>
         <load_address>0x87c</load_address>
         <run_address>0x87c</run_address>
         <size>0x90</size>
         <alignment>0x4</alignment>
         <input_file_ref idref="fl-2b"/>
      </object_component>
      <object_component id="oc-8e">
         <name>.debug_frame</name>
         <load_address>0x90c</load_address>
         <run_address>0x90c</run_address>
         <size>0x100</size>
         <alignment>0x4</alignment>
         <input_file_ref idref="fl-2d"/>
      </object_component>
      <object_component id="oc-61">
         <name>.debug_frame</name>
         <load_address>0xa0c</load_address>
         <run_address>0xa0c</run_address>
         <size>0x20</size>
         <alignment>0x4</alignment>
         <input_file_ref idref="fl-2e"/>
      </object_component>
      <object_component id="oc-4b">
         <name>.debug_frame</name>
         <load_address>0xa2c</load_address>
         <run_address>0xa2c</run_address>
         <size>0x38</size>
         <alignment>0x4</alignment>
         <input_file_ref idref="fl-30"/>
      </object_component>
      <object_component id="oc-85">
         <name>.debug_frame</name>
         <load_address>0xa64</load_address>
         <run_address>0xa64</run_address>
         <size>0x30</size>
         <alignment>0x4</alignment>
         <input_file_ref idref="fl-33"/>
      </object_component>
      <object_component id="oc-b1">
         <name>.debug_frame</name>
         <load_address>0xa94</load_address>
         <run_address>0xa94</run_address>
         <size>0x20</size>
         <alignment>0x4</alignment>
         <input_file_ref idref="fl-d5"/>
      </object_component>
      <object_component id="oc-66">
         <name>.debug_line</name>
         <load_address>0x0</load_address>
         <run_address>0x0</run_address>
         <size>0x3e</size>
         <alignment>0x1</alignment>
         <input_file_ref idref="fl-1"/>
      </object_component>
      <object_component id="oc-7f">
         <name>.debug_line</name>
         <load_address>0x3e</load_address>
         <run_address>0x3e</run_address>
         <size>0x6f6</size>
         <alignment>0x1</alignment>
         <input_file_ref idref="fl-2"/>
      </object_component>
      <object_component id="oc-32">
         <name>.debug_line</name>
         <load_address>0x734</load_address>
         <run_address>0x734</run_address>
         <size>0xb8</size>
         <alignment>0x1</alignment>
         <input_file_ref idref="fl-3"/>
      </object_component>
      <object_component id="oc-c1">
         <name>.debug_line</name>
         <load_address>0x7ec</load_address>
         <run_address>0x7ec</run_address>
         <size>0x178</size>
         <alignment>0x1</alignment>
         <input_file_ref idref="fl-11"/>
      </object_component>
      <object_component id="oc-d7">
         <name>.debug_line</name>
         <load_address>0x964</load_address>
         <run_address>0x964</run_address>
         <size>0x6a8</size>
         <alignment>0x1</alignment>
         <input_file_ref idref="fl-12"/>
      </object_component>
      <object_component id="oc-c8">
         <name>.debug_line</name>
         <load_address>0x100c</load_address>
         <run_address>0x100c</run_address>
         <size>0x17a0</size>
         <alignment>0x1</alignment>
         <input_file_ref idref="fl-13"/>
      </object_component>
      <object_component id="oc-db">
         <name>.debug_line</name>
         <load_address>0x27ac</load_address>
         <run_address>0x27ac</run_address>
         <size>0xa40</size>
         <alignment>0x1</alignment>
         <input_file_ref idref="fl-14"/>
      </object_component>
      <object_component id="oc-38">
         <name>.debug_line</name>
         <load_address>0x31ec</load_address>
         <run_address>0x31ec</run_address>
         <size>0x1dc</size>
         <alignment>0x1</alignment>
         <input_file_ref idref="fl-2b"/>
      </object_component>
      <object_component id="oc-8d">
         <name>.debug_line</name>
         <load_address>0x33c8</load_address>
         <run_address>0x33c8</run_address>
         <size>0x505</size>
         <alignment>0x1</alignment>
         <input_file_ref idref="fl-2d"/>
      </object_component>
      <object_component id="oc-60">
         <name>.debug_line</name>
         <load_address>0x38cd</load_address>
         <run_address>0x38cd</run_address>
         <size>0x3e</size>
         <alignment>0x1</alignment>
         <input_file_ref idref="fl-2e"/>
      </object_component>
      <object_component id="oc-4a">
         <name>.debug_line</name>
         <load_address>0x390b</load_address>
         <run_address>0x390b</run_address>
         <size>0xf7</size>
         <alignment>0x1</alignment>
         <input_file_ref idref="fl-30"/>
      </object_component>
      <object_component id="oc-86">
         <name>.debug_line</name>
         <load_address>0x3a02</load_address>
         <run_address>0x3a02</run_address>
         <size>0x67</size>
         <alignment>0x1</alignment>
         <input_file_ref idref="fl-33"/>
      </object_component>
      <object_component id="oc-b2">
         <name>.debug_line</name>
         <load_address>0x3a69</load_address>
         <run_address>0x3a69</run_address>
         <size>0x41</size>
         <alignment>0x1</alignment>
         <input_file_ref idref="fl-d5"/>
      </object_component>
      <object_component id="oc-a5">
         <name>.debug_loc</name>
         <load_address>0x0</load_address>
         <run_address>0x0</run_address>
         <size>0x12f</size>
         <alignment>0x1</alignment>
         <input_file_ref idref="fl-2"/>
      </object_component>
      <object_component id="oc-f0">
         <name>.debug_loc</name>
         <load_address>0x12f</load_address>
         <run_address>0x12f</run_address>
         <size>0x13</size>
         <alignment>0x1</alignment>
         <input_file_ref idref="fl-11"/>
      </object_component>
      <object_component id="oc-d8">
         <name>.debug_loc</name>
         <load_address>0x142</load_address>
         <run_address>0x142</run_address>
         <size>0x37a</size>
         <alignment>0x1</alignment>
         <input_file_ref idref="fl-12"/>
      </object_component>
      <object_component id="oc-c5">
         <name>.debug_loc</name>
         <load_address>0x4bc</load_address>
         <run_address>0x4bc</run_address>
         <size>0x1a68</size>
         <alignment>0x1</alignment>
         <input_file_ref idref="fl-13"/>
      </object_component>
      <object_component id="oc-de">
         <name>.debug_loc</name>
         <load_address>0x1f24</load_address>
         <run_address>0x1f24</run_address>
         <size>0x7e4</size>
         <alignment>0x1</alignment>
         <input_file_ref idref="fl-14"/>
      </object_component>
      <object_component id="oc-3a">
         <name>.debug_loc</name>
         <load_address>0x2708</load_address>
         <run_address>0x2708</run_address>
         <size>0xd8</size>
         <alignment>0x1</alignment>
         <input_file_ref idref="fl-2b"/>
      </object_component>
      <object_component id="oc-8a">
         <name>.debug_loc</name>
         <load_address>0x27e0</load_address>
         <run_address>0x27e0</run_address>
         <size>0x424</size>
         <alignment>0x1</alignment>
         <input_file_ref idref="fl-2d"/>
      </object_component>
      <object_component id="oc-47">
         <name>.debug_loc</name>
         <load_address>0x2c04</load_address>
         <run_address>0x2c04</run_address>
         <size>0x16c</size>
         <alignment>0x1</alignment>
         <input_file_ref idref="fl-30"/>
      </object_component>
      <object_component id="oc-88">
         <name>.debug_loc</name>
         <load_address>0x2d70</load_address>
         <run_address>0x2d70</run_address>
         <size>0x26</size>
         <alignment>0x1</alignment>
         <input_file_ref idref="fl-33"/>
      </object_component>
      <object_component id="oc-7d">
         <name>.debug_ranges</name>
         <load_address>0x0</load_address>
         <run_address>0x0</run_address>
         <size>0x60</size>
         <alignment>0x1</alignment>
         <input_file_ref idref="fl-2"/>
      </object_component>
      <object_component id="oc-31">
         <name>.debug_ranges</name>
         <load_address>0x60</load_address>
         <run_address>0x60</run_address>
         <size>0x18</size>
         <alignment>0x1</alignment>
         <input_file_ref idref="fl-3"/>
      </object_component>
      <object_component id="oc-d4">
         <name>.debug_ranges</name>
         <load_address>0x78</load_address>
         <run_address>0x78</run_address>
         <size>0x1f8</size>
         <alignment>0x1</alignment>
         <input_file_ref idref="fl-12"/>
      </object_component>
      <object_component id="oc-c9">
         <name>.debug_ranges</name>
         <load_address>0x270</load_address>
         <run_address>0x270</run_address>
         <size>0x1d8</size>
         <alignment>0x1</alignment>
         <input_file_ref idref="fl-13"/>
      </object_component>
      <object_component id="oc-dc">
         <name>.debug_ranges</name>
         <load_address>0x448</load_address>
         <run_address>0x448</run_address>
         <size>0x1c8</size>
         <alignment>0x1</alignment>
         <input_file_ref idref="fl-14"/>
      </object_component>
      <object_component id="oc-39">
         <name>.debug_ranges</name>
         <load_address>0x610</load_address>
         <run_address>0x610</run_address>
         <size>0x48</size>
         <alignment>0x1</alignment>
         <input_file_ref idref="fl-2b"/>
      </object_component>
      <object_component id="oc-8c">
         <name>.debug_ranges</name>
         <load_address>0x658</load_address>
         <run_address>0x658</run_address>
         <size>0x48</size>
         <alignment>0x1</alignment>
         <input_file_ref idref="fl-2d"/>
      </object_component>
      <object_component id="oc-49">
         <name>.debug_ranges</name>
         <load_address>0x6a0</load_address>
         <run_address>0x6a0</run_address>
         <size>0x18</size>
         <alignment>0x1</alignment>
         <input_file_ref idref="fl-30"/>
      </object_component>
      <object_component id="oc-83">
         <name>.debug_ranges</name>
         <load_address>0x6b8</load_address>
         <run_address>0x6b8</run_address>
         <size>0x18</size>
         <alignment>0x1</alignment>
         <input_file_ref idref="fl-33"/>
      </object_component>
   </object_component_list>
   <logical_group_list>
      <logical_group id="lg-2" display="no" color="cyan">
         <name>.intvecs</name>
         <load_address>0x0</load_address>
         <run_address>0x0</run_address>
         <size>0xc0</size>
         <contents>
            <object_component_ref idref="oc-18"/>
         </contents>
      </logical_group>
      <logical_group id="lg-3" display="no" color="cyan">
         <name>.text</name>
         <load_address>0xc0</load_address>
         <run_address>0xc0</run_address>
         <size>0x708</size>
         <contents>
            <object_component_ref idref="oc-a3"/>
            <object_component_ref idref="oc-ca"/>
            <object_component_ref idref="oc-d0"/>
            <object_component_ref idref="oc-a6"/>
            <object_component_ref idref="oc-a9"/>
            <object_component_ref idref="oc-a8"/>
            <object_component_ref idref="oc-a2"/>
            <object_component_ref idref="oc-e0"/>
            <object_component_ref idref="oc-a4"/>
            <object_component_ref idref="oc-89"/>
            <object_component_ref idref="oc-a7"/>
            <object_component_ref idref="oc-7b"/>
            <object_component_ref idref="oc-4f"/>
            <object_component_ref idref="oc-d3"/>
            <object_component_ref idref="oc-33"/>
            <object_component_ref idref="oc-cc"/>
            <object_component_ref idref="oc-c4"/>
            <object_component_ref idref="oc-cb"/>
            <object_component_ref idref="oc-46"/>
            <object_component_ref idref="oc-da"/>
            <object_component_ref idref="oc-cd"/>
            <object_component_ref idref="oc-c0"/>
            <object_component_ref idref="oc-63"/>
            <object_component_ref idref="oc-82"/>
            <object_component_ref idref="oc-af"/>
            <object_component_ref idref="oc-2f"/>
            <object_component_ref idref="oc-5f"/>
            <object_component_ref idref="oc-aa"/>
         </contents>
      </logical_group>
      <logical_group id="lg-4" display="no" color="cyan">
         <name>.const</name>
         <run_address>0x0</run_address>
         <size>0x0</size>
         <contents>
         </contents>
      </logical_group>
      <logical_group id="lg-5" display="no" color="cyan">
         <name>.cinit</name>
         <load_address>0x7f8</load_address>
         <run_address>0x7f8</run_address>
         <size>0x18</size>
         <contents>
            <object_component_ref idref="oc-138"/>
            <object_component_ref idref="oc-136"/>
            <object_component_ref idref="oc-137"/>
         </contents>
      </logical_group>
      <logical_group id="lg-6" display="no" color="cyan">
         <name>.pinit</name>
         <run_address>0x0</run_address>
         <size>0x0</size>
         <contents>
         </contents>
      </logical_group>
      <logical_group id="lg-7" display="no" color="cyan">
         <name>.rodata</name>
         <load_address>0x7c8</load_address>
         <run_address>0x7c8</run_address>
         <size>0x30</size>
         <contents>
            <object_component_ref idref="oc-d2"/>
            <object_component_ref idref="oc-e2"/>
            <object_component_ref idref="oc-d9"/>
            <object_component_ref idref="oc-cf"/>
            <object_component_ref idref="oc-ce"/>
            <object_component_ref idref="oc-d1"/>
            <object_component_ref idref="oc-e1"/>
         </contents>
      </logical_group>
      <logical_group id="lg-8" display="no" color="cyan">
         <name>.ARM.exidx</name>
         <run_address>0x0</run_address>
         <size>0x0</size>
         <contents>
         </contents>
      </logical_group>
      <logical_group id="lg-9" display="no" color="cyan">
         <name>.init_array</name>
         <run_address>0x0</run_address>
         <size>0x0</size>
         <contents>
         </contents>
      </logical_group>
      <logical_group id="lg-a" display="no" color="cyan">
         <name>.binit</name>
         <load_address>0x0</load_address>
         <run_address>0x0</run_address>
         <size>0x0</size>
         <contents>
            <object_component_ref idref="oc-100"/>
         </contents>
      </logical_group>
      <logical_group id="lg-b" display="no" color="cyan">
         <name>.TI.ramfunc</name>
         <run_address>0x0</run_address>
         <size>0x0</size>
         <contents>
         </contents>
      </logical_group>
      <logical_group id="lg-c" display="no" color="cyan">
         <name>.vtable</name>
         <run_address>0x0</run_address>
         <size>0x0</size>
         <contents>
         </contents>
      </logical_group>
      <logical_group id="lg-d" display="no" color="cyan">
         <name>.args</name>
         <run_address>0x0</run_address>
         <size>0x0</size>
         <contents>
         </contents>
      </logical_group>
      <logical_group id="lg-e" display="no" color="cyan">
         <name>.data</name>
         <run_address>0x0</run_address>
         <size>0x0</size>
         <contents>
         </contents>
      </logical_group>
      <logical_group id="lg-f" display="no" color="cyan">
         <name>.bss</name>
         <run_address>0x20200000</run_address>
         <size>0x178</size>
         <contents>
            <object_component_ref idref="oc-ab"/>
            <object_component_ref idref="oc-ac"/>
         </contents>
      </logical_group>
      <logical_group id="lg-10" display="no" color="cyan">
         <name>.sysmem</name>
         <run_address>0x0</run_address>
         <size>0x0</size>
         <contents>
         </contents>
      </logical_group>
      <logical_group id="lg-11" display="no" color="cyan">
         <name>.stack</name>
         <run_address>0x20207e00</run_address>
         <size>0x200</size>
         <contents>
            <object_component_ref idref="oc-1a"/>
            <object_component_ref idref="oc-13a"/>
         </contents>
      </logical_group>
      <logical_group id="lg-12" display="no" color="cyan">
         <name>.BCRConfig</name>
         <run_address>0x0</run_address>
         <size>0x0</size>
         <contents>
         </contents>
      </logical_group>
      <logical_group id="lg-13" display="no" color="cyan">
         <name>.BSLConfig</name>
         <run_address>0x0</run_address>
         <size>0x0</size>
         <contents>
         </contents>
      </logical_group>
      <logical_group id="lg-f7" display="no" color="cyan">
         <name>.TI.noinit</name>
         <run_address>0x0</run_address>
         <size>0x0</size>
         <contents>
         </contents>
      </logical_group>
      <logical_group id="lg-f8" display="no" color="cyan">
         <name>.TI.persistent</name>
         <run_address>0x0</run_address>
         <size>0x0</size>
         <contents>
         </contents>
      </logical_group>
      <logical_group id="lg-f9" display="no" color="cyan">
         <name>.TI.local</name>
         <run_address>0x0</run_address>
         <size>0x0</size>
         <contents>
         </contents>
      </logical_group>
      <logical_group id="lg-fa" display="no" color="cyan">
         <name>.TI.onchip</name>
         <run_address>0x0</run_address>
         <size>0x0</size>
         <contents>
         </contents>
      </logical_group>
      <logical_group id="lg-fb" display="no" color="cyan">
         <name>.TI.offchip</name>
         <run_address>0x0</run_address>
         <size>0x0</size>
         <contents>
         </contents>
      </logical_group>
      <logical_group id="lg-fc" display="no" color="cyan">
         <name>__llvm_prf_cnts</name>
         <run_address>0x20200000</run_address>
         <size>0x0</size>
         <contents>
         </contents>
      </logical_group>
      <logical_group id="lg-fe" display="no" color="cyan">
         <name>__llvm_prf_bits</name>
         <run_address>0x20200000</run_address>
         <size>0x0</size>
         <contents>
         </contents>
      </logical_group>
      <logical_group id="lg-11a" display="never" color="cyan">
         <name>.debug_abbrev</name>
         <load_address>0x0</load_address>
         <run_address>0x0</run_address>
         <size>0xe36</size>
         <contents>
            <object_component_ref idref="oc-80"/>
            <object_component_ref idref="oc-ad"/>
            <object_component_ref idref="oc-34"/>
            <object_component_ref idref="oc-ee"/>
            <object_component_ref idref="oc-f3"/>
            <object_component_ref idref="oc-f1"/>
            <object_component_ref idref="oc-f5"/>
            <object_component_ref idref="oc-36"/>
            <object_component_ref idref="oc-b9"/>
            <object_component_ref idref="oc-79"/>
            <object_component_ref idref="oc-58"/>
            <object_component_ref idref="oc-b3"/>
            <object_component_ref idref="oc-e3"/>
            <object_component_ref idref="oc-13c"/>
         </contents>
      </logical_group>
      <logical_group id="lg-11c" display="never" color="cyan">
         <name>.debug_info</name>
         <load_address>0x0</load_address>
         <run_address>0x0</run_address>
         <size>0x9dc7</size>
         <contents>
            <object_component_ref idref="oc-64"/>
            <object_component_ref idref="oc-7c"/>
            <object_component_ref idref="oc-19"/>
            <object_component_ref idref="oc-c2"/>
            <object_component_ref idref="oc-d5"/>
            <object_component_ref idref="oc-c6"/>
            <object_component_ref idref="oc-dd"/>
            <object_component_ref idref="oc-1b"/>
            <object_component_ref idref="oc-8b"/>
            <object_component_ref idref="oc-62"/>
            <object_component_ref idref="oc-48"/>
            <object_component_ref idref="oc-84"/>
            <object_component_ref idref="oc-b0"/>
            <object_component_ref idref="oc-13b"/>
         </contents>
      </logical_group>
      <logical_group id="lg-11e" display="never" color="cyan">
         <name>.debug_str</name>
         <load_address>0x0</load_address>
         <run_address>0x0</run_address>
         <size>0x6e9a</size>
         <contents>
            <object_component_ref idref="oc-81"/>
            <object_component_ref idref="oc-ae"/>
            <object_component_ref idref="oc-35"/>
            <object_component_ref idref="oc-ef"/>
            <object_component_ref idref="oc-f4"/>
            <object_component_ref idref="oc-f2"/>
            <object_component_ref idref="oc-f6"/>
            <object_component_ref idref="oc-37"/>
            <object_component_ref idref="oc-ba"/>
            <object_component_ref idref="oc-7a"/>
            <object_component_ref idref="oc-59"/>
            <object_component_ref idref="oc-b4"/>
            <object_component_ref idref="oc-e4"/>
         </contents>
      </logical_group>
      <logical_group id="lg-120" display="never" color="cyan">
         <name>.debug_frame</name>
         <load_address>0x0</load_address>
         <run_address>0x0</run_address>
         <size>0xab4</size>
         <contents>
            <object_component_ref idref="oc-65"/>
            <object_component_ref idref="oc-7e"/>
            <object_component_ref idref="oc-30"/>
            <object_component_ref idref="oc-c3"/>
            <object_component_ref idref="oc-d6"/>
            <object_component_ref idref="oc-c7"/>
            <object_component_ref idref="oc-df"/>
            <object_component_ref idref="oc-4e"/>
            <object_component_ref idref="oc-8e"/>
            <object_component_ref idref="oc-61"/>
            <object_component_ref idref="oc-4b"/>
            <object_component_ref idref="oc-85"/>
            <object_component_ref idref="oc-b1"/>
         </contents>
      </logical_group>
      <logical_group id="lg-122" display="never" color="cyan">
         <name>.debug_line</name>
         <load_address>0x0</load_address>
         <run_address>0x0</run_address>
         <size>0x3aaa</size>
         <contents>
            <object_component_ref idref="oc-66"/>
            <object_component_ref idref="oc-7f"/>
            <object_component_ref idref="oc-32"/>
            <object_component_ref idref="oc-c1"/>
            <object_component_ref idref="oc-d7"/>
            <object_component_ref idref="oc-c8"/>
            <object_component_ref idref="oc-db"/>
            <object_component_ref idref="oc-38"/>
            <object_component_ref idref="oc-8d"/>
            <object_component_ref idref="oc-60"/>
            <object_component_ref idref="oc-4a"/>
            <object_component_ref idref="oc-86"/>
            <object_component_ref idref="oc-b2"/>
         </contents>
      </logical_group>
      <logical_group id="lg-124" display="never" color="cyan">
         <name>.debug_loc</name>
         <load_address>0x0</load_address>
         <run_address>0x0</run_address>
         <size>0x2d96</size>
         <contents>
            <object_component_ref idref="oc-a5"/>
            <object_component_ref idref="oc-f0"/>
            <object_component_ref idref="oc-d8"/>
            <object_component_ref idref="oc-c5"/>
            <object_component_ref idref="oc-de"/>
            <object_component_ref idref="oc-3a"/>
            <object_component_ref idref="oc-8a"/>
            <object_component_ref idref="oc-47"/>
            <object_component_ref idref="oc-88"/>
         </contents>
      </logical_group>
      <logical_group id="lg-126" display="never" color="cyan">
         <name>.debug_ranges</name>
         <load_address>0x0</load_address>
         <run_address>0x0</run_address>
         <size>0x6d0</size>
         <contents>
            <object_component_ref idref="oc-7d"/>
            <object_component_ref idref="oc-31"/>
            <object_component_ref idref="oc-d4"/>
            <object_component_ref idref="oc-c9"/>
            <object_component_ref idref="oc-dc"/>
            <object_component_ref idref="oc-39"/>
            <object_component_ref idref="oc-8c"/>
            <object_component_ref idref="oc-49"/>
            <object_component_ref idref="oc-83"/>
         </contents>
      </logical_group>
      <logical_group id="lg-139" display="no" color="cyan">
         <name>Veneer$$CMSE</name>
         <run_address>0x0</run_address>
         <size>0x0</size>
         <contents>
         </contents>
      </logical_group>
      <load_segment id="lg-13f" display="no" color="cyan">
         <name>SEGMENT_0</name>
         <load_address>0x0</load_address>
         <run_address>0x0</run_address>
         <size>0x810</size>
         <flags>0x5</flags>
         <contents>
            <logical_group_ref idref="lg-2"/>
            <logical_group_ref idref="lg-3"/>
            <logical_group_ref idref="lg-7"/>
            <logical_group_ref idref="lg-5"/>
         </contents>
      </load_segment>
      <load_segment id="lg-140" display="no" color="cyan">
         <name>SEGMENT_1</name>
         <run_address>0x20200000</run_address>
         <size>0x178</size>
         <flags>0x6</flags>
         <contents>
            <logical_group_ref idref="lg-f"/>
         </contents>
      </load_segment>
      <load_segment id="lg-141" display="no" color="cyan">
         <name>SEGMENT_2</name>
         <run_address>0x20207e00</run_address>
         <size>0x200</size>
         <flags>0x6</flags>
         <contents>
            <logical_group_ref idref="lg-11"/>
         </contents>
      </load_segment>
   </logical_group_list>
   <placement_map>
      <memory_area display="yes" color="green">
         <name>FLASH</name>
         <page_id>0x0</page_id>
         <origin>0x0</origin>
         <length>0x20000</length>
         <used_space>0x810</used_space>
         <unused_space>0x1f7f0</unused_space>
         <attributes>RX</attributes>
         <usage_details>
            <allocated_space>
               <start_address>0x0</start_address>
               <size>0x0</size>
               <logical_group_ref idref="lg-a"/>
            </allocated_space>
            <allocated_space>
               <start_address>0x0</start_address>
               <size>0xc0</size>
               <logical_group_ref idref="lg-2"/>
            </allocated_space>
            <allocated_space>
               <start_address>0xc0</start_address>
               <size>0x708</size>
               <logical_group_ref idref="lg-3"/>
            </allocated_space>
            <allocated_space>
               <start_address>0x7c8</start_address>
               <size>0x30</size>
               <logical_group_ref idref="lg-7"/>
            </allocated_space>
            <allocated_space>
               <start_address>0x7f8</start_address>
               <size>0x18</size>
               <logical_group_ref idref="lg-5"/>
            </allocated_space>
            <available_space>
               <start_address>0x810</start_address>
               <size>0x1f7f0</size>
            </available_space>
         </usage_details>
      </memory_area>
      <memory_area display="yes" color="green">
         <name>SRAM</name>
         <page_id>0x0</page_id>
         <origin>0x20200000</origin>
         <length>0x8000</length>
         <used_space>0x378</used_space>
         <unused_space>0x7c88</unused_space>
         <attributes>RWX</attributes>
         <usage_details>
            <allocated_space>
               <start_address>0x20200000</start_address>
               <size>0x0</size>
               <logical_group_ref idref="lg-fc"/>
            </allocated_space>
            <allocated_space>
               <start_address>0x20200000</start_address>
               <size>0x0</size>
               <logical_group_ref idref="lg-fe"/>
            </allocated_space>
            <allocated_space>
               <start_address>0x20200000</start_address>
               <size>0x178</size>
               <logical_group_ref idref="lg-f"/>
            </allocated_space>
            <available_space>
               <start_address>0x20200178</start_address>
               <size>0x7c88</size>
            </available_space>
            <allocated_space>
               <start_address>0x20207e00</start_address>
               <size>0x200</size>
               <logical_group_ref idref="lg-11"/>
            </allocated_space>
         </usage_details>
      </memory_area>
      <memory_area display="yes" color="green">
         <name>BCR_CONFIG</name>
         <page_id>0x0</page_id>
         <origin>0x41c00000</origin>
         <length>0xff</length>
         <used_space>0x0</used_space>
         <unused_space>0xff</unused_space>
         <attributes>R</attributes>
         <usage_details>
         </usage_details>
      </memory_area>
      <memory_area display="yes" color="green">
         <name>BSL_CONFIG</name>
         <page_id>0x0</page_id>
         <origin>0x41c00100</origin>
         <length>0x80</length>
         <used_space>0x0</used_space>
         <unused_space>0x80</unused_space>
         <attributes>R</attributes>
         <usage_details>
         </usage_details>
      </memory_area>
   </placement_map>
   <cptbl_list>
      <cptbl>
         <name>__TI_cinit_table</name>
         <cprec>
            <name>.bss</name>
            <load_address>0x7f8</load_address>
            <load_size>0x8</load_size>
            <run_address>0x20200000</run_address>
            <run_size>0x178</run_size>
            <compression>zero_init</compression>
         </cprec>
      </cptbl>
   </cptbl_list>
   <handler_table>
      <handler_table_name>__TI_handler_table</handler_table_name>
      <handler>
         <index>0x0</index>
         <name>__TI_zero_init</name>
      </handler>
   </handler_table>
   <symbol_table>
      <symbol id="sm-1">
         <name>__start___llvm_prf_cnts</name>
         <value>0x20200000</value>
      </symbol>
      <symbol id="sm-2">
         <name>__stop___llvm_prf_cnts</name>
         <value>0x20200000</value>
      </symbol>
      <symbol id="sm-3">
         <name>__start___llvm_prf_bits</name>
         <value>0x20200000</value>
      </symbol>
      <symbol id="sm-4">
         <name>__stop___llvm_prf_bits</name>
         <value>0x20200000</value>
      </symbol>
      <symbol id="sm-5">
         <name>__TI_CINIT_Base</name>
         <value>0x804</value>
      </symbol>
      <symbol id="sm-6">
         <name>__TI_CINIT_Limit</name>
         <value>0x80c</value>
      </symbol>
      <symbol id="sm-7">
         <name>__TI_CINIT_Warm</name>
         <value>0x80c</value>
      </symbol>
      <symbol id="sm-8">
         <name>__TI_Handler_Table_Base</name>
         <value>0x800</value>
      </symbol>
      <symbol id="sm-9">
         <name>__TI_Handler_Table_Limit</name>
         <value>0x804</value>
      </symbol>
      <symbol id="sm-a">
         <name>binit</name>
         <value>0xffffffff</value>
      </symbol>
      <symbol id="sm-b">
         <name>__binit__</name>
         <value>0xffffffff</value>
      </symbol>
      <symbol id="sm-c">
         <name>__STACK_SIZE</name>
         <value>0x200</value>
      </symbol>
      <symbol id="sm-d">
         <name>__STACK_END</name>
         <value>0x20208000</value>
      </symbol>
      <symbol id="sm-e">
         <name>__TI_pprof_out_hndl</name>
         <value>0xffffffff</value>
      </symbol>
      <symbol id="sm-f">
         <name>__TI_prof_data_start</name>
         <value>0xffffffff</value>
      </symbol>
      <symbol id="sm-10">
         <name>__TI_prof_data_size</name>
         <value>0xffffffff</value>
      </symbol>
      <symbol id="sm-39">
         <name>main</name>
         <value>0x7ab</value>
         <object_component_ref idref="oc-63"/>
      </symbol>
      <symbol id="sm-69">
         <name>SYSCFG_DL_init</name>
         <value>0x691</value>
         <object_component_ref idref="oc-7b"/>
      </symbol>
      <symbol id="sm-6a">
         <name>SYSCFG_DL_initPower</name>
         <value>0x545</value>
         <object_component_ref idref="oc-a2"/>
      </symbol>
      <symbol id="sm-6b">
         <name>SYSCFG_DL_GPIO_init</name>
         <value>0xc1</value>
         <object_component_ref idref="oc-a3"/>
      </symbol>
      <symbol id="sm-6c">
         <name>SYSCFG_DL_SYSCTL_init</name>
         <value>0x5e1</value>
         <object_component_ref idref="oc-a4"/>
      </symbol>
      <symbol id="sm-6d">
         <name>SYSCFG_DL_PWM_0_init</name>
         <value>0x3e5</value>
         <object_component_ref idref="oc-a6"/>
      </symbol>
      <symbol id="sm-6e">
         <name>SYSCFG_DL_TIMER_0_init</name>
         <value>0x659</value>
         <object_component_ref idref="oc-a7"/>
      </symbol>
      <symbol id="sm-6f">
         <name>SYSCFG_DL_OLED_init</name>
         <value>0x4e5</value>
         <object_component_ref idref="oc-a8"/>
      </symbol>
      <symbol id="sm-70">
         <name>SYSCFG_DL_UART1_init</name>
         <value>0x479</value>
         <object_component_ref idref="oc-a9"/>
      </symbol>
      <symbol id="sm-71">
         <name>SYSCFG_DL_SYSTICK_init</name>
         <value>0x7c3</value>
         <object_component_ref idref="oc-aa"/>
      </symbol>
      <symbol id="sm-72">
         <name>gPWM_0Backup</name>
         <value>0x20200000</value>
      </symbol>
      <symbol id="sm-73">
         <name>gTIMER_0Backup</name>
         <value>0x202000bc</value>
      </symbol>
      <symbol id="sm-7e">
         <name>Default_Handler</name>
         <value>0x717</value>
         <object_component_ref idref="oc-33"/>
      </symbol>
      <symbol id="sm-7f">
         <name>Reset_Handler</name>
         <value>0x7bb</value>
         <object_component_ref idref="oc-2f"/>
      </symbol>
      <symbol id="sm-80">
         <name>interruptVectors</name>
         <value>0x0</value>
         <object_component_ref idref="oc-18"/>
      </symbol>
      <symbol id="sm-81">
         <name>NMI_Handler</name>
         <value>0x717</value>
         <object_component_ref idref="oc-33"/>
      </symbol>
      <symbol id="sm-82">
         <name>HardFault_Handler</name>
         <value>0x717</value>
         <object_component_ref idref="oc-33"/>
      </symbol>
      <symbol id="sm-83">
         <name>SVC_Handler</name>
         <value>0x717</value>
         <object_component_ref idref="oc-33"/>
      </symbol>
      <symbol id="sm-84">
         <name>PendSV_Handler</name>
         <value>0x717</value>
         <object_component_ref idref="oc-33"/>
      </symbol>
      <symbol id="sm-85">
         <name>SysTick_Handler</name>
         <value>0x717</value>
         <object_component_ref idref="oc-33"/>
      </symbol>
      <symbol id="sm-86">
         <name>GROUP0_IRQHandler</name>
         <value>0x717</value>
         <object_component_ref idref="oc-33"/>
      </symbol>
      <symbol id="sm-87">
         <name>GROUP1_IRQHandler</name>
         <value>0x717</value>
         <object_component_ref idref="oc-33"/>
      </symbol>
      <symbol id="sm-88">
         <name>TIMG8_IRQHandler</name>
         <value>0x717</value>
         <object_component_ref idref="oc-33"/>
      </symbol>
      <symbol id="sm-89">
         <name>UART3_IRQHandler</name>
         <value>0x717</value>
         <object_component_ref idref="oc-33"/>
      </symbol>
      <symbol id="sm-8a">
         <name>ADC0_IRQHandler</name>
         <value>0x717</value>
         <object_component_ref idref="oc-33"/>
      </symbol>
      <symbol id="sm-8b">
         <name>ADC1_IRQHandler</name>
         <value>0x717</value>
         <object_component_ref idref="oc-33"/>
      </symbol>
      <symbol id="sm-8c">
         <name>CANFD0_IRQHandler</name>
         <value>0x717</value>
         <object_component_ref idref="oc-33"/>
      </symbol>
      <symbol id="sm-8d">
         <name>DAC0_IRQHandler</name>
         <value>0x717</value>
         <object_component_ref idref="oc-33"/>
      </symbol>
      <symbol id="sm-8e">
         <name>SPI0_IRQHandler</name>
         <value>0x717</value>
         <object_component_ref idref="oc-33"/>
      </symbol>
      <symbol id="sm-8f">
         <name>SPI1_IRQHandler</name>
         <value>0x717</value>
         <object_component_ref idref="oc-33"/>
      </symbol>
      <symbol id="sm-90">
         <name>UART1_IRQHandler</name>
         <value>0x717</value>
         <object_component_ref idref="oc-33"/>
      </symbol>
      <symbol id="sm-91">
         <name>UART2_IRQHandler</name>
         <value>0x717</value>
         <object_component_ref idref="oc-33"/>
      </symbol>
      <symbol id="sm-92">
         <name>UART0_IRQHandler</name>
         <value>0x717</value>
         <object_component_ref idref="oc-33"/>
      </symbol>
      <symbol id="sm-93">
         <name>TIMG0_IRQHandler</name>
         <value>0x717</value>
         <object_component_ref idref="oc-33"/>
      </symbol>
      <symbol id="sm-94">
         <name>TIMG6_IRQHandler</name>
         <value>0x717</value>
         <object_component_ref idref="oc-33"/>
      </symbol>
      <symbol id="sm-95">
         <name>TIMA0_IRQHandler</name>
         <value>0x717</value>
         <object_component_ref idref="oc-33"/>
      </symbol>
      <symbol id="sm-96">
         <name>TIMA1_IRQHandler</name>
         <value>0x717</value>
         <object_component_ref idref="oc-33"/>
      </symbol>
      <symbol id="sm-97">
         <name>TIMG7_IRQHandler</name>
         <value>0x717</value>
         <object_component_ref idref="oc-33"/>
      </symbol>
      <symbol id="sm-98">
         <name>TIMG12_IRQHandler</name>
         <value>0x717</value>
         <object_component_ref idref="oc-33"/>
      </symbol>
      <symbol id="sm-99">
         <name>I2C0_IRQHandler</name>
         <value>0x717</value>
         <object_component_ref idref="oc-33"/>
      </symbol>
      <symbol id="sm-9a">
         <name>I2C1_IRQHandler</name>
         <value>0x717</value>
         <object_component_ref idref="oc-33"/>
      </symbol>
      <symbol id="sm-9b">
         <name>AES_IRQHandler</name>
         <value>0x717</value>
         <object_component_ref idref="oc-33"/>
      </symbol>
      <symbol id="sm-9c">
         <name>RTC_IRQHandler</name>
         <value>0x717</value>
         <object_component_ref idref="oc-33"/>
      </symbol>
      <symbol id="sm-9d">
         <name>DMA_IRQHandler</name>
         <value>0x717</value>
         <object_component_ref idref="oc-33"/>
      </symbol>
      <symbol id="sm-9e">
         <name>__TI_ATRegion0_src_addr</name>
         <value>0x0</value>
      </symbol>
      <symbol id="sm-9f">
         <name>__TI_ATRegion0_trg_addr</name>
         <value>0x0</value>
      </symbol>
      <symbol id="sm-a0">
         <name>__TI_ATRegion0_region_sz</name>
         <value>0x0</value>
      </symbol>
      <symbol id="sm-a1">
         <name>__TI_ATRegion1_src_addr</name>
         <value>0x0</value>
      </symbol>
      <symbol id="sm-a2">
         <name>__TI_ATRegion1_trg_addr</name>
         <value>0x0</value>
      </symbol>
      <symbol id="sm-a3">
         <name>__TI_ATRegion1_region_sz</name>
         <value>0x0</value>
      </symbol>
      <symbol id="sm-a4">
         <name>__TI_ATRegion2_src_addr</name>
         <value>0x0</value>
      </symbol>
      <symbol id="sm-a5">
         <name>__TI_ATRegion2_trg_addr</name>
         <value>0x0</value>
      </symbol>
      <symbol id="sm-a6">
         <name>__TI_ATRegion2_region_sz</name>
         <value>0x0</value>
      </symbol>
      <symbol id="sm-af">
         <name>DL_Common_delayCycles</name>
         <value>0x7a1</value>
         <object_component_ref idref="oc-c0"/>
      </symbol>
      <symbol id="sm-b9">
         <name>DL_I2C_setClockConfig</name>
         <value>0x6f1</value>
         <object_component_ref idref="oc-d3"/>
      </symbol>
      <symbol id="sm-d5">
         <name>DL_Timer_setClockConfig</name>
         <value>0x735</value>
         <object_component_ref idref="oc-c4"/>
      </symbol>
      <symbol id="sm-d6">
         <name>DL_Timer_initTimerMode</name>
         <value>0x2e9</value>
         <object_component_ref idref="oc-d0"/>
      </symbol>
      <symbol id="sm-d7">
         <name>DL_Timer_setCaptureCompareValue</name>
         <value>0x791</value>
         <object_component_ref idref="oc-cd"/>
      </symbol>
      <symbol id="sm-d8">
         <name>DL_Timer_setCaptCompUpdateMethod</name>
         <value>0x719</value>
         <object_component_ref idref="oc-cc"/>
      </symbol>
      <symbol id="sm-d9">
         <name>DL_Timer_setCaptureCompareOutCtl</name>
         <value>0x751</value>
         <object_component_ref idref="oc-cb"/>
      </symbol>
      <symbol id="sm-da">
         <name>DL_Timer_initFourCCPWMMode</name>
         <value>0x1e5</value>
         <object_component_ref idref="oc-ca"/>
      </symbol>
      <symbol id="sm-e7">
         <name>DL_UART_init</name>
         <value>0x599</value>
         <object_component_ref idref="oc-e0"/>
      </symbol>
      <symbol id="sm-e8">
         <name>DL_UART_setClockConfig</name>
         <value>0x77f</value>
         <object_component_ref idref="oc-da"/>
      </symbol>
      <symbol id="sm-f3">
         <name>_c_int00_noargs</name>
         <value>0x6c9</value>
         <object_component_ref idref="oc-4f"/>
      </symbol>
      <symbol id="sm-f4">
         <name>__stack</name>
         <value>0x20207e00</value>
         <object_component_ref idref="oc-1a"/>
      </symbol>
      <symbol id="sm-100">
         <name>__TI_auto_init_nobinit_nopinit</name>
         <value>0x61d</value>
         <object_component_ref idref="oc-89"/>
      </symbol>
      <symbol id="sm-108">
         <name>_system_pre_init</name>
         <value>0x7bf</value>
         <object_component_ref idref="oc-5f"/>
      </symbol>
      <symbol id="sm-113">
         <name>__TI_zero_init_nomemset</name>
         <value>0x769</value>
         <object_component_ref idref="oc-46"/>
      </symbol>
      <symbol id="sm-11f">
         <name>abort</name>
         <value>0x7b1</value>
         <object_component_ref idref="oc-82"/>
      </symbol>
      <symbol id="sm-129">
         <name>HOSTexit</name>
         <value>0x7b7</value>
         <object_component_ref idref="oc-af"/>
      </symbol>
      <symbol id="sm-12a">
         <name>C$$EXIT</name>
         <value>0x7b6</value>
         <object_component_ref idref="oc-af"/>
      </symbol>
      <symbol id="sm-12c">
         <name>__TI_static_base__</name>
         <value>0x0</value>
      </symbol>
      <symbol id="sm-12e">
         <name>__mpu_init</name>
         <value>0x0</value>
      </symbol>
      <symbol id="sm-12f">
         <name>_system_post_cinit</name>
         <value>0x0</value>
      </symbol>
   </symbol_table>
   <title>Link successful</title>
</link_info>
