<?xml version="1.0" encoding="ISO-8859-1" ?>
<link_info>
   <banner>TI ARM Clang Linker PC v4.0.4.LTS</banner>
   <copyright>Copyright (c) 1996-2018 Texas Instruments Incorporated</copyright>
   <command_line>D:\ccs\ccs\tools\compiler\ti-cgt-armllvm_4.0.4.LTS\bin\tiarmlnk -ID:\ccs\ccs\tools\compiler\ti-cgt-armllvm_4.0.4.LTS\lib -o test1.out -mtest1.map -iC:/TI/mspm0_sdk_2_10_00_04/source -iC:/Users/xing/workspace_ccstheia/test1 -iC:/Users/xing/workspace_ccstheia/test1/Debug/syscfg -iD:/ccs/ccs/tools/compiler/ti-cgt-armllvm_4.0.4.LTS/lib --diag_wrap=off --display_error_number --warn_sections --xml_link_info=test1_linkInfo.xml --rom_model ./empty.o ./ti_msp_dl_config.o ./startup_mspm0g350x_ticlang.o ./user_driver/delay.o ./user_driver/key.o ./user_driver/motor.o ./user_driver/oled.o ./user_driver/uart.o -l./device_linker.cmd -ldevice.cmd.genlibs -llibc.a --start-group -llibc++.a -llibc++abi.a -llibc.a -llibsys.a -llibsysbm.a -llibclang_rt.builtins.a -llibclang_rt.profile.a --end-group --cg_opt_level=2</command_line>
   <link_time>0x6a0df4f8</link_time>
   <link_errors>0x0</link_errors>
   <output_file>C:\Users\xing\workspace_ccstheia\test1\Debug\test1.out</output_file>
   <entry_point>
      <name>_c_int00_noargs</name>
      <address>0x44ad</address>
   </entry_point>
   <input_file_list>
      <input_file id="fl-1">
         <path>C:\Users\xing\workspace_ccstheia\test1\Debug\.\</path>
         <kind>object</kind>
         <file>empty.o</file>
         <name>empty.o</name>
      </input_file>
      <input_file id="fl-2">
         <path>C:\Users\xing\workspace_ccstheia\test1\Debug\.\</path>
         <kind>object</kind>
         <file>ti_msp_dl_config.o</file>
         <name>ti_msp_dl_config.o</name>
      </input_file>
      <input_file id="fl-3">
         <path>C:\Users\xing\workspace_ccstheia\test1\Debug\.\</path>
         <kind>object</kind>
         <file>startup_mspm0g350x_ticlang.o</file>
         <name>startup_mspm0g350x_ticlang.o</name>
      </input_file>
      <input_file id="fl-4">
         <path>C:\Users\xing\workspace_ccstheia\test1\Debug\.\user_driver\</path>
         <kind>object</kind>
         <file>delay.o</file>
         <name>delay.o</name>
      </input_file>
      <input_file id="fl-5">
         <path>C:\Users\xing\workspace_ccstheia\test1\Debug\.\user_driver\</path>
         <kind>object</kind>
         <file>key.o</file>
         <name>key.o</name>
      </input_file>
      <input_file id="fl-6">
         <path>C:\Users\xing\workspace_ccstheia\test1\Debug\.\user_driver\</path>
         <kind>object</kind>
         <file>motor.o</file>
         <name>motor.o</name>
      </input_file>
      <input_file id="fl-7">
         <path>C:\Users\xing\workspace_ccstheia\test1\Debug\.\user_driver\</path>
         <kind>object</kind>
         <file>oled.o</file>
         <name>oled.o</name>
      </input_file>
      <input_file id="fl-8">
         <path>C:\Users\xing\workspace_ccstheia\test1\Debug\.\user_driver\</path>
         <kind>object</kind>
         <file>uart.o</file>
         <name>uart.o</name>
      </input_file>
      <input_file id="fl-15">
         <path>C:\Users\xing\workspace_ccstheia\test1\Debug\</path>
         <kind>object</kind>
         <file>&lt;internal&gt;</file>
         <name>&lt;internal&gt;</name>
      </input_file>
      <input_file id="fl-16">
         <path>C:\TI\mspm0_sdk_2_10_00_04\source\ti\driverlib\lib\ticlang\m0p\mspm0g1x0x_g3x0x\</path>
         <kind>archive</kind>
         <file>driverlib.a</file>
         <name>dl_common.o</name>
      </input_file>
      <input_file id="fl-17">
         <path>C:\TI\mspm0_sdk_2_10_00_04\source\ti\driverlib\lib\ticlang\m0p\mspm0g1x0x_g3x0x\</path>
         <kind>archive</kind>
         <file>driverlib.a</file>
         <name>dl_i2c.o</name>
      </input_file>
      <input_file id="fl-18">
         <path>C:\TI\mspm0_sdk_2_10_00_04\source\ti\driverlib\lib\ticlang\m0p\mspm0g1x0x_g3x0x\</path>
         <kind>archive</kind>
         <file>driverlib.a</file>
         <name>dl_timer.o</name>
      </input_file>
      <input_file id="fl-19">
         <path>C:\TI\mspm0_sdk_2_10_00_04\source\ti\driverlib\lib\ticlang\m0p\mspm0g1x0x_g3x0x\</path>
         <kind>archive</kind>
         <file>driverlib.a</file>
         <name>dl_uart.o</name>
      </input_file>
      <input_file id="fl-30">
         <path>D:\ccs\ccs\tools\compiler\ti-cgt-armllvm_4.0.4.LTS\lib\armv6m-ti-none-eabi\c\</path>
         <kind>archive</kind>
         <file>libc.a</file>
         <name>sprintf.c.obj</name>
      </input_file>
      <input_file id="fl-31">
         <path>D:\ccs\ccs\tools\compiler\ti-cgt-armllvm_4.0.4.LTS\lib\armv6m-ti-none-eabi\c\</path>
         <kind>archive</kind>
         <file>libc.a</file>
         <name>boot_cortex_m.c.obj</name>
      </input_file>
      <input_file id="fl-32">
         <path>D:\ccs\ccs\tools\compiler\ti-cgt-armllvm_4.0.4.LTS\lib\armv6m-ti-none-eabi\c\</path>
         <kind>archive</kind>
         <file>libc.a</file>
         <name>mathacl_init.c.obj</name>
      </input_file>
      <input_file id="fl-33">
         <path>D:\ccs\ccs\tools\compiler\ti-cgt-armllvm_4.0.4.LTS\lib\armv6m-ti-none-eabi\c\</path>
         <kind>archive</kind>
         <file>libc.a</file>
         <name>autoinit.c.obj</name>
      </input_file>
      <input_file id="fl-34">
         <path>D:\ccs\ccs\tools\compiler\ti-cgt-armllvm_4.0.4.LTS\lib\armv6m-ti-none-eabi\c\</path>
         <kind>archive</kind>
         <file>libc.a</file>
         <name>pre_init.c.obj</name>
      </input_file>
      <input_file id="fl-35">
         <path>D:\ccs\ccs\tools\compiler\ti-cgt-armllvm_4.0.4.LTS\lib\armv6m-ti-none-eabi\c\</path>
         <kind>archive</kind>
         <file>libc.a</file>
         <name>cpy_tbl.c.obj</name>
      </input_file>
      <input_file id="fl-36">
         <path>D:\ccs\ccs\tools\compiler\ti-cgt-armllvm_4.0.4.LTS\lib\armv6m-ti-none-eabi\c\</path>
         <kind>archive</kind>
         <file>libc.a</file>
         <name>copy_zero_init.c.obj</name>
      </input_file>
      <input_file id="fl-37">
         <path>D:\ccs\ccs\tools\compiler\ti-cgt-armllvm_4.0.4.LTS\lib\armv6m-ti-none-eabi\c\</path>
         <kind>archive</kind>
         <file>libc.a</file>
         <name>copy_decompress_none.c.obj</name>
      </input_file>
      <input_file id="fl-38">
         <path>D:\ccs\ccs\tools\compiler\ti-cgt-armllvm_4.0.4.LTS\lib\armv6m-ti-none-eabi\c\</path>
         <kind>archive</kind>
         <file>libc.a</file>
         <name>copy_decompress_lzss.c.obj</name>
      </input_file>
      <input_file id="fl-39">
         <path>D:\ccs\ccs\tools\compiler\ti-cgt-armllvm_4.0.4.LTS\lib\armv6m-ti-none-eabi\c\</path>
         <kind>archive</kind>
         <file>libc.a</file>
         <name>_printfi.c.obj</name>
      </input_file>
      <input_file id="fl-3a">
         <path>D:\ccs\ccs\tools\compiler\ti-cgt-armllvm_4.0.4.LTS\lib\armv6m-ti-none-eabi\c\</path>
         <kind>archive</kind>
         <file>libc.a</file>
         <name>aeabi_portable.c.obj</name>
      </input_file>
      <input_file id="fl-3b">
         <path>D:\ccs\ccs\tools\compiler\ti-cgt-armllvm_4.0.4.LTS\lib\armv6m-ti-none-eabi\c\</path>
         <kind>archive</kind>
         <file>libc.a</file>
         <name>exit.c.obj</name>
      </input_file>
      <input_file id="fl-3c">
         <path>D:\ccs\ccs\tools\compiler\ti-cgt-armllvm_4.0.4.LTS\lib\armv6m-ti-none-eabi\c\</path>
         <kind>archive</kind>
         <file>libc.a</file>
         <name>_lock.c.obj</name>
      </input_file>
      <input_file id="fl-3d">
         <path>D:\ccs\ccs\tools\compiler\ti-cgt-armllvm_4.0.4.LTS\lib\armv6m-ti-none-eabi\c\</path>
         <kind>archive</kind>
         <file>libc.a</file>
         <name>_ltoa.c.obj</name>
      </input_file>
      <input_file id="fl-3e">
         <path>D:\ccs\ccs\tools\compiler\ti-cgt-armllvm_4.0.4.LTS\lib\armv6m-ti-none-eabi\c\</path>
         <kind>archive</kind>
         <file>libc.a</file>
         <name>args_main.c.obj</name>
      </input_file>
      <input_file id="fl-3f">
         <path>D:\ccs\ccs\tools\compiler\ti-cgt-armllvm_4.0.4.LTS\lib\armv6m-ti-none-eabi\c\</path>
         <kind>archive</kind>
         <file>libc.a</file>
         <name>assert.c.obj</name>
      </input_file>
      <input_file id="fl-40">
         <path>D:\ccs\ccs\tools\compiler\ti-cgt-armllvm_4.0.4.LTS\lib\armv6m-ti-none-eabi\c\</path>
         <kind>archive</kind>
         <file>libc.a</file>
         <name>atoi.c.obj</name>
      </input_file>
      <input_file id="fl-41">
         <path>D:\ccs\ccs\tools\compiler\ti-cgt-armllvm_4.0.4.LTS\lib\armv6m-ti-none-eabi\c\</path>
         <kind>archive</kind>
         <file>libc.a</file>
         <name>defs.c.obj</name>
      </input_file>
      <input_file id="fl-42">
         <path>D:\ccs\ccs\tools\compiler\ti-cgt-armllvm_4.0.4.LTS\lib\armv6m-ti-none-eabi\c\</path>
         <kind>archive</kind>
         <file>libc.a</file>
         <name>memccpy.c.obj</name>
      </input_file>
      <input_file id="fl-43">
         <path>D:\ccs\ccs\tools\compiler\ti-cgt-armllvm_4.0.4.LTS\lib\armv6m-ti-none-eabi\c\</path>
         <kind>archive</kind>
         <file>libc.a</file>
         <name>memory.c.obj</name>
      </input_file>
      <input_file id="fl-44">
         <path>D:\ccs\ccs\tools\compiler\ti-cgt-armllvm_4.0.4.LTS\lib\armv6m-ti-none-eabi\c\</path>
         <kind>archive</kind>
         <file>libc.a</file>
         <name>s_frexp.c.obj</name>
      </input_file>
      <input_file id="fl-45">
         <path>D:\ccs\ccs\tools\compiler\ti-cgt-armllvm_4.0.4.LTS\lib\armv6m-ti-none-eabi\c\</path>
         <kind>archive</kind>
         <file>libc.a</file>
         <name>s_scalbn.c.obj</name>
      </input_file>
      <input_file id="fl-46">
         <path>D:\ccs\ccs\tools\compiler\ti-cgt-armllvm_4.0.4.LTS\lib\armv6m-ti-none-eabi\c\</path>
         <kind>archive</kind>
         <file>libc.a</file>
         <name>wcslen.c.obj</name>
      </input_file>
      <input_file id="fl-47">
         <path>D:\ccs\ccs\tools\compiler\ti-cgt-armllvm_4.0.4.LTS\lib\armv6m-ti-none-eabi\c\</path>
         <kind>archive</kind>
         <file>libc.a</file>
         <name>fflush.c.obj</name>
      </input_file>
      <input_file id="fl-48">
         <path>D:\ccs\ccs\tools\compiler\ti-cgt-armllvm_4.0.4.LTS\lib\armv6m-ti-none-eabi\c\</path>
         <kind>archive</kind>
         <file>libc.a</file>
         <name>fputs.c.obj</name>
      </input_file>
      <input_file id="fl-49">
         <path>D:\ccs\ccs\tools\compiler\ti-cgt-armllvm_4.0.4.LTS\lib\armv6m-ti-none-eabi\c\</path>
         <kind>archive</kind>
         <file>libc.a</file>
         <name>_io_perm.c.obj</name>
      </input_file>
      <input_file id="fl-4a">
         <path>D:\ccs\ccs\tools\compiler\ti-cgt-armllvm_4.0.4.LTS\lib\armv6m-ti-none-eabi\c\</path>
         <kind>archive</kind>
         <file>libc.a</file>
         <name>setvbuf.c.obj</name>
      </input_file>
      <input_file id="fl-4b">
         <path>D:\ccs\ccs\tools\compiler\ti-cgt-armllvm_4.0.4.LTS\lib\armv6m-ti-none-eabi\c\</path>
         <kind>archive</kind>
         <file>libc.a</file>
         <name>aeabi_ctype.S.obj</name>
      </input_file>
      <input_file id="fl-4c">
         <path>D:\ccs\ccs\tools\compiler\ti-cgt-armllvm_4.0.4.LTS\lib\armv6m-ti-none-eabi\c\</path>
         <kind>archive</kind>
         <file>libc.a</file>
         <name>fopen.c.obj</name>
      </input_file>
      <input_file id="fl-4d">
         <path>D:\ccs\ccs\tools\compiler\ti-cgt-armllvm_4.0.4.LTS\lib\armv6m-ti-none-eabi\c\</path>
         <kind>archive</kind>
         <file>libc.a</file>
         <name>fseek.c.obj</name>
      </input_file>
      <input_file id="fl-4e">
         <path>D:\ccs\ccs\tools\compiler\ti-cgt-armllvm_4.0.4.LTS\lib\armv6m-ti-none-eabi\c\</path>
         <kind>archive</kind>
         <file>libc.a</file>
         <name>fclose.c.obj</name>
      </input_file>
      <input_file id="fl-ee">
         <path>D:\ccs\ccs\tools\compiler\ti-cgt-armllvm_4.0.4.LTS\lib\armv6m-ti-none-eabi\c\</path>
         <kind>archive</kind>
         <file>libsysbm.a</file>
         <name>hostexit.c.obj</name>
      </input_file>
      <input_file id="fl-ef">
         <path>D:\ccs\ccs\tools\compiler\ti-cgt-armllvm_4.0.4.LTS\lib\armv6m-ti-none-eabi\c\</path>
         <kind>archive</kind>
         <file>libsysbm.a</file>
         <name>write.c.obj</name>
      </input_file>
      <input_file id="fl-f0">
         <path>D:\ccs\ccs\tools\compiler\ti-cgt-armllvm_4.0.4.LTS\lib\armv6m-ti-none-eabi\c\</path>
         <kind>archive</kind>
         <file>libsysbm.a</file>
         <name>host_device.c.obj</name>
      </input_file>
      <input_file id="fl-f1">
         <path>D:\ccs\ccs\tools\compiler\ti-cgt-armllvm_4.0.4.LTS\lib\armv6m-ti-none-eabi\c\</path>
         <kind>archive</kind>
         <file>libsysbm.a</file>
         <name>remove.c.obj</name>
      </input_file>
      <input_file id="fl-f2">
         <path>D:\ccs\ccs\tools\compiler\ti-cgt-armllvm_4.0.4.LTS\lib\armv6m-ti-none-eabi\c\</path>
         <kind>archive</kind>
         <file>libsysbm.a</file>
         <name>open.c.obj</name>
      </input_file>
      <input_file id="fl-f3">
         <path>D:\ccs\ccs\tools\compiler\ti-cgt-armllvm_4.0.4.LTS\lib\armv6m-ti-none-eabi\c\</path>
         <kind>archive</kind>
         <file>libsysbm.a</file>
         <name>lseek.c.obj</name>
      </input_file>
      <input_file id="fl-f4">
         <path>D:\ccs\ccs\tools\compiler\ti-cgt-armllvm_4.0.4.LTS\lib\armv6m-ti-none-eabi\c\</path>
         <kind>archive</kind>
         <file>libsysbm.a</file>
         <name>close.c.obj</name>
      </input_file>
      <input_file id="fl-f5">
         <path>D:\ccs\ccs\tools\compiler\ti-cgt-armllvm_4.0.4.LTS\lib\armv6m-ti-none-eabi\c\</path>
         <kind>archive</kind>
         <file>libsysbm.a</file>
         <name>unlink.c.obj</name>
      </input_file>
      <input_file id="fl-f6">
         <path>D:\ccs\ccs\tools\compiler\ti-cgt-armllvm_4.0.4.LTS\lib\armv6m-ti-none-eabi\c\</path>
         <kind>archive</kind>
         <file>libsysbm.a</file>
         <name>hostclose.c.obj</name>
      </input_file>
      <input_file id="fl-f7">
         <path>D:\ccs\ccs\tools\compiler\ti-cgt-armllvm_4.0.4.LTS\lib\armv6m-ti-none-eabi\c\</path>
         <kind>archive</kind>
         <file>libsysbm.a</file>
         <name>hostlseek.c.obj</name>
      </input_file>
      <input_file id="fl-f8">
         <path>D:\ccs\ccs\tools\compiler\ti-cgt-armllvm_4.0.4.LTS\lib\armv6m-ti-none-eabi\c\</path>
         <kind>archive</kind>
         <file>libsysbm.a</file>
         <name>hostopen.c.obj</name>
      </input_file>
      <input_file id="fl-f9">
         <path>D:\ccs\ccs\tools\compiler\ti-cgt-armllvm_4.0.4.LTS\lib\armv6m-ti-none-eabi\c\</path>
         <kind>archive</kind>
         <file>libsysbm.a</file>
         <name>hostread.c.obj</name>
      </input_file>
      <input_file id="fl-fa">
         <path>D:\ccs\ccs\tools\compiler\ti-cgt-armllvm_4.0.4.LTS\lib\armv6m-ti-none-eabi\c\</path>
         <kind>archive</kind>
         <file>libsysbm.a</file>
         <name>hostrename.c.obj</name>
      </input_file>
      <input_file id="fl-fb">
         <path>D:\ccs\ccs\tools\compiler\ti-cgt-armllvm_4.0.4.LTS\lib\armv6m-ti-none-eabi\c\</path>
         <kind>archive</kind>
         <file>libsysbm.a</file>
         <name>hostunlink.c.obj</name>
      </input_file>
      <input_file id="fl-fc">
         <path>D:\ccs\ccs\tools\compiler\ti-cgt-armllvm_4.0.4.LTS\lib\armv6m-ti-none-eabi\c\</path>
         <kind>archive</kind>
         <file>libsysbm.a</file>
         <name>hostwrite.c.obj</name>
      </input_file>
      <input_file id="fl-fd">
         <path>D:\ccs\ccs\tools\compiler\ti-cgt-armllvm_4.0.4.LTS\lib\armv6m-ti-none-eabi\c\</path>
         <kind>archive</kind>
         <file>libsysbm.a</file>
         <name>trgmsg.c.obj</name>
      </input_file>
      <input_file id="fl-fe">
         <path>D:\ccs\ccs\tools\compiler\ti-cgt-armllvm_4.0.4.LTS\lib\armv6m-ti-none-eabi\</path>
         <kind>archive</kind>
         <file>libclang_rt.builtins.a</file>
         <name>addsf3.S.obj</name>
      </input_file>
      <input_file id="fl-ff">
         <path>D:\ccs\ccs\tools\compiler\ti-cgt-armllvm_4.0.4.LTS\lib\armv6m-ti-none-eabi\</path>
         <kind>archive</kind>
         <file>libclang_rt.builtins.a</file>
         <name>adddf3.S.obj</name>
      </input_file>
      <input_file id="fl-100">
         <path>D:\ccs\ccs\tools\compiler\ti-cgt-armllvm_4.0.4.LTS\lib\armv6m-ti-none-eabi\</path>
         <kind>archive</kind>
         <file>libclang_rt.builtins.a</file>
         <name>muldf3.S.obj</name>
      </input_file>
      <input_file id="fl-101">
         <path>D:\ccs\ccs\tools\compiler\ti-cgt-armllvm_4.0.4.LTS\lib\armv6m-ti-none-eabi\</path>
         <kind>archive</kind>
         <file>libclang_rt.builtins.a</file>
         <name>muldsi3.S.obj</name>
      </input_file>
      <input_file id="fl-102">
         <path>D:\ccs\ccs\tools\compiler\ti-cgt-armllvm_4.0.4.LTS\lib\armv6m-ti-none-eabi\</path>
         <kind>archive</kind>
         <file>libclang_rt.builtins.a</file>
         <name>mulsf3.S.obj</name>
      </input_file>
      <input_file id="fl-103">
         <path>D:\ccs\ccs\tools\compiler\ti-cgt-armllvm_4.0.4.LTS\lib\armv6m-ti-none-eabi\</path>
         <kind>archive</kind>
         <file>libclang_rt.builtins.a</file>
         <name>divdf3.S.obj</name>
      </input_file>
      <input_file id="fl-104">
         <path>D:\ccs\ccs\tools\compiler\ti-cgt-armllvm_4.0.4.LTS\lib\armv6m-ti-none-eabi\</path>
         <kind>archive</kind>
         <file>libclang_rt.builtins.a</file>
         <name>fixdfsi.S.obj</name>
      </input_file>
      <input_file id="fl-105">
         <path>D:\ccs\ccs\tools\compiler\ti-cgt-armllvm_4.0.4.LTS\lib\armv6m-ti-none-eabi\</path>
         <kind>archive</kind>
         <file>libclang_rt.builtins.a</file>
         <name>fixsfsi.S.obj</name>
      </input_file>
      <input_file id="fl-106">
         <path>D:\ccs\ccs\tools\compiler\ti-cgt-armllvm_4.0.4.LTS\lib\armv6m-ti-none-eabi\</path>
         <kind>archive</kind>
         <file>libclang_rt.builtins.a</file>
         <name>floatsidf.S.obj</name>
      </input_file>
      <input_file id="fl-107">
         <path>D:\ccs\ccs\tools\compiler\ti-cgt-armllvm_4.0.4.LTS\lib\armv6m-ti-none-eabi\</path>
         <kind>archive</kind>
         <file>libclang_rt.builtins.a</file>
         <name>floatsisf.S.obj</name>
      </input_file>
      <input_file id="fl-108">
         <path>D:\ccs\ccs\tools\compiler\ti-cgt-armllvm_4.0.4.LTS\lib\armv6m-ti-none-eabi\</path>
         <kind>archive</kind>
         <file>libclang_rt.builtins.a</file>
         <name>muldi3.S.obj</name>
      </input_file>
      <input_file id="fl-109">
         <path>D:\ccs\ccs\tools\compiler\ti-cgt-armllvm_4.0.4.LTS\lib\armv6m-ti-none-eabi\</path>
         <kind>archive</kind>
         <file>libclang_rt.builtins.a</file>
         <name>aeabi_dcmp.S.obj</name>
      </input_file>
      <input_file id="fl-10a">
         <path>D:\ccs\ccs\tools\compiler\ti-cgt-armllvm_4.0.4.LTS\lib\armv6m-ti-none-eabi\</path>
         <kind>archive</kind>
         <file>libclang_rt.builtins.a</file>
         <name>aeabi_fcmp.S.obj</name>
      </input_file>
      <input_file id="fl-10b">
         <path>D:\ccs\ccs\tools\compiler\ti-cgt-armllvm_4.0.4.LTS\lib\armv6m-ti-none-eabi\</path>
         <kind>archive</kind>
         <file>libclang_rt.builtins.a</file>
         <name>aeabi_idivmod.S.obj</name>
      </input_file>
      <input_file id="fl-10c">
         <path>D:\ccs\ccs\tools\compiler\ti-cgt-armllvm_4.0.4.LTS\lib\armv6m-ti-none-eabi\</path>
         <kind>archive</kind>
         <file>libclang_rt.builtins.a</file>
         <name>aeabi_memcpy.S.obj</name>
      </input_file>
      <input_file id="fl-10d">
         <path>D:\ccs\ccs\tools\compiler\ti-cgt-armllvm_4.0.4.LTS\lib\armv6m-ti-none-eabi\</path>
         <kind>archive</kind>
         <file>libclang_rt.builtins.a</file>
         <name>aeabi_memset.S.obj</name>
      </input_file>
      <input_file id="fl-10e">
         <path>D:\ccs\ccs\tools\compiler\ti-cgt-armllvm_4.0.4.LTS\lib\armv6m-ti-none-eabi\</path>
         <kind>archive</kind>
         <file>libclang_rt.builtins.a</file>
         <name>aeabi_uidivmod.S.obj</name>
      </input_file>
      <input_file id="fl-10f">
         <path>D:\ccs\ccs\tools\compiler\ti-cgt-armllvm_4.0.4.LTS\lib\armv6m-ti-none-eabi\</path>
         <kind>archive</kind>
         <file>libclang_rt.builtins.a</file>
         <name>aeabi_uldivmod.S.obj</name>
      </input_file>
      <input_file id="fl-110">
         <path>D:\ccs\ccs\tools\compiler\ti-cgt-armllvm_4.0.4.LTS\lib\armv6m-ti-none-eabi\</path>
         <kind>archive</kind>
         <file>libclang_rt.builtins.a</file>
         <name>comparesf2.S.obj</name>
      </input_file>
      <input_file id="fl-111">
         <path>D:\ccs\ccs\tools\compiler\ti-cgt-armllvm_4.0.4.LTS\lib\armv6m-ti-none-eabi\</path>
         <kind>archive</kind>
         <file>libclang_rt.builtins.a</file>
         <name>udivmoddi4.S.obj</name>
      </input_file>
      <input_file id="fl-112">
         <path>D:\ccs\ccs\tools\compiler\ti-cgt-armllvm_4.0.4.LTS\lib\armv6m-ti-none-eabi\</path>
         <kind>archive</kind>
         <file>libclang_rt.builtins.a</file>
         <name>ashldi3.S.obj</name>
      </input_file>
      <input_file id="fl-113">
         <path>D:\ccs\ccs\tools\compiler\ti-cgt-armllvm_4.0.4.LTS\lib\armv6m-ti-none-eabi\</path>
         <kind>archive</kind>
         <file>libclang_rt.builtins.a</file>
         <name>comparedf2.c.obj</name>
      </input_file>
      <input_file id="fl-114">
         <path>D:\ccs\ccs\tools\compiler\ti-cgt-armllvm_4.0.4.LTS\lib\armv6m-ti-none-eabi\</path>
         <kind>archive</kind>
         <file>libclang_rt.builtins.a</file>
         <name>aeabi_div0.c.obj</name>
      </input_file>
      <input_file id="fl-115">
         <path>D:\ccs\ccs\tools\compiler\ti-cgt-armllvm_4.0.4.LTS\lib\armv6m-ti-none-eabi\c\</path>
         <kind>archive</kind>
         <file>libc.a</file>
         <name>getdevice.c.obj</name>
      </input_file>
      <input_file id="fl-116">
         <path>D:\ccs\ccs\tools\compiler\ti-cgt-armllvm_4.0.4.LTS\lib\armv6m-ti-none-eabi\c\</path>
         <kind>archive</kind>
         <file>libc.a</file>
         <name>memcpy16.S.obj</name>
      </input_file>
      <input_file id="fl-117">
         <path>D:\ccs\ccs\tools\compiler\ti-cgt-armllvm_4.0.4.LTS\lib\armv6m-ti-none-eabi\c\</path>
         <kind>archive</kind>
         <file>libc.a</file>
         <name>memset16.S.obj</name>
      </input_file>
      <input_file id="fl-118">
         <path>D:\ccs\ccs\tools\compiler\ti-cgt-armllvm_4.0.4.LTS\lib\armv6m-ti-none-eabi\c\</path>
         <kind>archive</kind>
         <file>libc.a</file>
         <name>strcmp-armv6m.S.obj</name>
      </input_file>
   </input_file_list>
   <object_component_list>
      <object_component id="oc-18">
         <name>.intvecs</name>
         <load_address>0x0</load_address>
         <readonly>true</readonly>
         <run_address>0x0</run_address>
         <size>0xc0</size>
         <alignment>0x4</alignment>
         <input_file_ref idref="fl-3"/>
      </object_component>
      <object_component id="oc-ce">
         <name>.text.OLED_Init</name>
         <load_address>0xc0</load_address>
         <readonly>true</readonly>
         <executable>true</executable>
         <run_address>0xc0</run_address>
         <size>0x15f4</size>
         <alignment>0x4</alignment>
         <input_file_ref idref="fl-7"/>
      </object_component>
      <object_component id="oc-d4">
         <name>.text.OLED_Clear</name>
         <load_address>0x16b4</load_address>
         <readonly>true</readonly>
         <executable>true</executable>
         <run_address>0x16b4</run_address>
         <size>0xa90</size>
         <alignment>0x4</alignment>
         <input_file_ref idref="fl-7"/>
      </object_component>
      <object_component id="oc-195">
         <name>.text:__TI_printfi_nofloat</name>
         <load_address>0x2144</load_address>
         <readonly>true</readonly>
         <executable>true</executable>
         <run_address>0x2144</run_address>
         <size>0x868</size>
         <alignment>0x4</alignment>
         <input_file_ref idref="fl-39"/>
      </object_component>
      <object_component id="oc-84">
         <name>.text.main</name>
         <load_address>0x29ac</load_address>
         <readonly>true</readonly>
         <executable>true</executable>
         <run_address>0x29ac</run_address>
         <size>0x38c</size>
         <alignment>0x4</alignment>
         <input_file_ref idref="fl-1"/>
      </object_component>
      <object_component id="oc-d5">
         <name>.text.OLED_ShowString</name>
         <load_address>0x2d38</load_address>
         <readonly>true</readonly>
         <executable>true</executable>
         <run_address>0x2d38</run_address>
         <size>0x260</size>
         <alignment>0x4</alignment>
         <input_file_ref idref="fl-7"/>
      </object_component>
      <object_component id="oc-d6">
         <name>.text.OLED_Refresh</name>
         <load_address>0x2f98</load_address>
         <readonly>true</readonly>
         <executable>true</executable>
         <run_address>0x2f98</run_address>
         <size>0x250</size>
         <alignment>0x4</alignment>
         <input_file_ref idref="fl-7"/>
      </object_component>
      <object_component id="oc-71">
         <name>.text.Motor_Control_Loop</name>
         <load_address>0x31e8</load_address>
         <readonly>true</readonly>
         <executable>true</executable>
         <run_address>0x31e8</run_address>
         <size>0x184</size>
         <alignment>0x4</alignment>
         <input_file_ref idref="fl-6"/>
      </object_component>
      <object_component id="oc-6e">
         <name>.text.Track_Task</name>
         <load_address>0x336c</load_address>
         <readonly>true</readonly>
         <executable>true</executable>
         <run_address>0x336c</run_address>
         <size>0x160</size>
         <alignment>0x4</alignment>
         <input_file_ref idref="fl-1"/>
      </object_component>
      <object_component id="oc-136">
         <name>.text.SYSCFG_DL_GPIO_init</name>
         <load_address>0x34cc</load_address>
         <readonly>true</readonly>
         <executable>true</executable>
         <run_address>0x34cc</run_address>
         <size>0x128</size>
         <alignment>0x4</alignment>
         <input_file_ref idref="fl-2"/>
      </object_component>
      <object_component id="oc-a1">
         <name>.text.pid_calc</name>
         <load_address>0x35f4</load_address>
         <readonly>true</readonly>
         <executable>true</executable>
         <run_address>0x35f4</run_address>
         <size>0x120</size>
         <alignment>0x4</alignment>
         <input_file_ref idref="fl-6"/>
      </object_component>
      <object_component id="oc-175">
         <name>.text.DL_Timer_initFourCCPWMMode</name>
         <load_address>0x3714</load_address>
         <readonly>true</readonly>
         <executable>true</executable>
         <run_address>0x3714</run_address>
         <size>0x104</size>
         <alignment>0x4</alignment>
         <input_file_ref idref="fl-18"/>
      </object_component>
      <object_component id="oc-17a">
         <name>.text.DL_Timer_initTimerMode</name>
         <load_address>0x3818</load_address>
         <readonly>true</readonly>
         <executable>true</executable>
         <run_address>0x3818</run_address>
         <size>0xfc</size>
         <alignment>0x4</alignment>
         <input_file_ref idref="fl-18"/>
      </object_component>
      <object_component id="oc-a6">
         <name>.text</name>
         <load_address>0x3914</load_address>
         <readonly>true</readonly>
         <executable>true</executable>
         <run_address>0x3914</run_address>
         <size>0xd8</size>
         <alignment>0x4</alignment>
         <input_file_ref idref="fl-fe"/>
      </object_component>
      <object_component id="oc-1df">
         <name>.text</name>
         <load_address>0x39ec</load_address>
         <readonly>true</readonly>
         <executable>true</executable>
         <run_address>0x39ec</run_address>
         <size>0xa2</size>
         <alignment>0x4</alignment>
         <input_file_ref idref="fl-111"/>
      </object_component>
      <object_component id="oc-c4">
         <name>.text:memcpy</name>
         <load_address>0x3a8e</load_address>
         <readonly>true</readonly>
         <executable>true</executable>
         <run_address>0x3a8e</run_address>
         <size>0x9a</size>
         <alignment>0x1</alignment>
         <input_file_ref idref="fl-116"/>
      </object_component>
      <object_component id="oc-139">
         <name>.text.SYSCFG_DL_PWM_0_init</name>
         <load_address>0x3b28</load_address>
         <readonly>true</readonly>
         <executable>true</executable>
         <run_address>0x3b28</run_address>
         <size>0x94</size>
         <alignment>0x4</alignment>
         <input_file_ref idref="fl-2"/>
      </object_component>
      <object_component id="oc-ae">
         <name>.text.__mulsf3</name>
         <load_address>0x3bbc</load_address>
         <readonly>true</readonly>
         <executable>true</executable>
         <run_address>0x3bbc</run_address>
         <size>0x8c</size>
         <alignment>0x4</alignment>
         <input_file_ref idref="fl-102"/>
      </object_component>
      <object_component id="oc-1c">
         <name>.text:decompress:lzss</name>
         <load_address>0x3c48</load_address>
         <readonly>true</readonly>
         <executable>true</executable>
         <run_address>0x3c48</run_address>
         <size>0x7c</size>
         <alignment>0x4</alignment>
         <input_file_ref idref="fl-38"/>
      </object_component>
      <object_component id="oc-13c">
         <name>.text.SYSCFG_DL_UART1_init</name>
         <load_address>0x3cc4</load_address>
         <readonly>true</readonly>
         <executable>true</executable>
         <run_address>0x3cc4</run_address>
         <size>0x6c</size>
         <alignment>0x4</alignment>
         <input_file_ref idref="fl-2"/>
      </object_component>
      <object_component id="oc-13d">
         <name>.text.SYSCFG_DL_UART3_init</name>
         <load_address>0x3d30</load_address>
         <readonly>true</readonly>
         <executable>true</executable>
         <run_address>0x3d30</run_address>
         <size>0x6c</size>
         <alignment>0x4</alignment>
         <input_file_ref idref="fl-2"/>
      </object_component>
      <object_component id="oc-aa">
         <name>.text.__aeabi_fcmp</name>
         <load_address>0x3d9c</load_address>
         <readonly>true</readonly>
         <executable>true</executable>
         <run_address>0x3d9c</run_address>
         <size>0x62</size>
         <alignment>0x4</alignment>
         <input_file_ref idref="fl-10a"/>
      </object_component>
      <object_component id="oc-134">
         <name>.text:memset</name>
         <load_address>0x3dfe</load_address>
         <readonly>true</readonly>
         <executable>true</executable>
         <run_address>0x3dfe</run_address>
         <size>0x62</size>
         <alignment>0x1</alignment>
         <input_file_ref idref="fl-117"/>
      </object_component>
      <object_component id="oc-13b">
         <name>.text.SYSCFG_DL_OLED_init</name>
         <load_address>0x3e60</load_address>
         <readonly>true</readonly>
         <executable>true</executable>
         <run_address>0x3e60</run_address>
         <size>0x60</size>
         <alignment>0x4</alignment>
         <input_file_ref idref="fl-2"/>
      </object_component>
      <object_component id="oc-135">
         <name>.text.SYSCFG_DL_initPower</name>
         <load_address>0x3ec0</load_address>
         <readonly>true</readonly>
         <executable>true</executable>
         <run_address>0x3ec0</run_address>
         <size>0x60</size>
         <alignment>0x4</alignment>
         <input_file_ref idref="fl-2"/>
      </object_component>
      <object_component id="oc-144">
         <name>.text.DL_I2C_fillControllerTXFIFO</name>
         <load_address>0x3f20</load_address>
         <readonly>true</readonly>
         <executable>true</executable>
         <run_address>0x3f20</run_address>
         <size>0x5e</size>
         <alignment>0x2</alignment>
         <input_file_ref idref="fl-17"/>
      </object_component>
      <object_component id="oc-33">
         <name>.text.Default_Handler</name>
         <load_address>0x3f7e</load_address>
         <readonly>true</readonly>
         <executable>true</executable>
         <run_address>0x3f7e</run_address>
         <size>0x2</size>
         <alignment>0x2</alignment>
         <input_file_ref idref="fl-3"/>
      </object_component>
      <object_component id="oc-70">
         <name>.text.Car_SetSpeed</name>
         <load_address>0x3f80</load_address>
         <readonly>true</readonly>
         <executable>true</executable>
         <run_address>0x3f80</run_address>
         <size>0x58</size>
         <alignment>0x4</alignment>
         <input_file_ref idref="fl-6"/>
      </object_component>
      <object_component id="oc-34">
         <name>.text.GROUP1_IRQHandler</name>
         <load_address>0x3fd8</load_address>
         <readonly>true</readonly>
         <executable>true</executable>
         <run_address>0x3fd8</run_address>
         <size>0x58</size>
         <alignment>0x4</alignment>
         <input_file_ref idref="fl-6"/>
      </object_component>
      <object_component id="oc-8f">
         <name>.text.__aeabi_idivmod</name>
         <load_address>0x4030</load_address>
         <readonly>true</readonly>
         <executable>true</executable>
         <run_address>0x4030</run_address>
         <size>0x56</size>
         <alignment>0x4</alignment>
         <input_file_ref idref="fl-10b"/>
      </object_component>
      <object_component id="oc-13e">
         <name>.text.SYSCFG_DL_SYSTICK_init</name>
         <load_address>0x4086</load_address>
         <readonly>true</readonly>
         <executable>true</executable>
         <run_address>0x4086</run_address>
         <size>0x2</size>
         <alignment>0x2</alignment>
         <input_file_ref idref="fl-2"/>
      </object_component>
      <object_component id="oc-3e">
         <name>.text.TIMA0_IRQHandler</name>
         <load_address>0x4088</load_address>
         <readonly>true</readonly>
         <executable>true</executable>
         <run_address>0x4088</run_address>
         <size>0x50</size>
         <alignment>0x4</alignment>
         <input_file_ref idref="fl-1"/>
      </object_component>
      <object_component id="oc-e2">
         <name>.text.KEY_Scan</name>
         <load_address>0x40d8</load_address>
         <readonly>true</readonly>
         <executable>true</executable>
         <run_address>0x40d8</run_address>
         <size>0x4c</size>
         <alignment>0x4</alignment>
         <input_file_ref idref="fl-5"/>
      </object_component>
      <object_component id="oc-185">
         <name>.text.DL_UART_init</name>
         <load_address>0x4124</load_address>
         <readonly>true</readonly>
         <executable>true</executable>
         <run_address>0x4124</run_address>
         <size>0x48</size>
         <alignment>0x4</alignment>
         <input_file_ref idref="fl-19"/>
      </object_component>
      <object_component id="oc-c9">
         <name>.text.SYSCFG_DL_init</name>
         <load_address>0x416c</load_address>
         <readonly>true</readonly>
         <executable>true</executable>
         <run_address>0x416c</run_address>
         <size>0x48</size>
         <alignment>0x4</alignment>
         <input_file_ref idref="fl-2"/>
      </object_component>
      <object_component id="oc-1ab">
         <name>.text.__aeabi_uidivmod</name>
         <load_address>0x41b4</load_address>
         <readonly>true</readonly>
         <executable>true</executable>
         <run_address>0x41b4</run_address>
         <size>0x40</size>
         <alignment>0x4</alignment>
         <input_file_ref idref="fl-10e"/>
      </object_component>
      <object_component id="oc-1b1">
         <name>.text.atoi</name>
         <load_address>0x41f4</load_address>
         <readonly>true</readonly>
         <executable>true</executable>
         <run_address>0x41f4</run_address>
         <size>0x40</size>
         <alignment>0x4</alignment>
         <input_file_ref idref="fl-40"/>
      </object_component>
      <object_component id="oc-137">
         <name>.text.SYSCFG_DL_SYSCTL_init</name>
         <load_address>0x4234</load_address>
         <readonly>true</readonly>
         <executable>true</executable>
         <run_address>0x4234</run_address>
         <size>0x3c</size>
         <alignment>0x4</alignment>
         <input_file_ref idref="fl-2"/>
      </object_component>
      <object_component id="oc-a2">
         <name>.text.__floatsisf</name>
         <load_address>0x4270</load_address>
         <readonly>true</readonly>
         <executable>true</executable>
         <run_address>0x4270</run_address>
         <size>0x3c</size>
         <alignment>0x4</alignment>
         <input_file_ref idref="fl-107"/>
      </object_component>
      <object_component id="oc-124">
         <name>.text.__gtsf2</name>
         <load_address>0x42ac</load_address>
         <readonly>true</readonly>
         <executable>true</executable>
         <run_address>0x42ac</run_address>
         <size>0x3c</size>
         <alignment>0x4</alignment>
         <input_file_ref idref="fl-110"/>
      </object_component>
      <object_component id="oc-105">
         <name>.text:__TI_auto_init_nobinit_nopinit</name>
         <load_address>0x42e8</load_address>
         <readonly>true</readonly>
         <executable>true</executable>
         <run_address>0x42e8</run_address>
         <size>0x3c</size>
         <alignment>0x4</alignment>
         <input_file_ref idref="fl-33"/>
      </object_component>
      <object_component id="oc-11f">
         <name>.text.__eqsf2</name>
         <load_address>0x4324</load_address>
         <readonly>true</readonly>
         <executable>true</executable>
         <run_address>0x4324</run_address>
         <size>0x3a</size>
         <alignment>0x4</alignment>
         <input_file_ref idref="fl-110"/>
      </object_component>
      <object_component id="oc-117">
         <name>.text.__aeabi_idiv0</name>
         <load_address>0x435e</load_address>
         <readonly>true</readonly>
         <executable>true</executable>
         <run_address>0x435e</run_address>
         <size>0x2</size>
         <alignment>0x2</alignment>
         <input_file_ref idref="fl-114"/>
      </object_component>
      <object_component id="oc-126">
         <name>.text.__muldsi3</name>
         <load_address>0x4360</load_address>
         <readonly>true</readonly>
         <executable>true</executable>
         <run_address>0x4360</run_address>
         <size>0x3a</size>
         <alignment>0x4</alignment>
         <input_file_ref idref="fl-101"/>
      </object_component>
      <object_component id="oc-213">
         <name>.text.__aeabi_ldiv0</name>
         <load_address>0x439a</load_address>
         <readonly>true</readonly>
         <executable>true</executable>
         <run_address>0x439a</run_address>
         <size>0x2</size>
         <alignment>0x2</alignment>
         <input_file_ref idref="fl-114"/>
      </object_component>
      <object_component id="oc-13a">
         <name>.text.SYSCFG_DL_TIMER_0_init</name>
         <load_address>0x439c</load_address>
         <readonly>true</readonly>
         <executable>true</executable>
         <run_address>0x439c</run_address>
         <size>0x38</size>
         <alignment>0x4</alignment>
         <input_file_ref idref="fl-2"/>
      </object_component>
      <object_component id="oc-39">
         <name>.text.UART1_IRQHandler</name>
         <load_address>0x43d4</load_address>
         <readonly>true</readonly>
         <executable>true</executable>
         <run_address>0x43d4</run_address>
         <size>0x38</size>
         <alignment>0x4</alignment>
         <input_file_ref idref="fl-8"/>
      </object_component>
      <object_component id="oc-b2">
         <name>.text.__fixsfsi</name>
         <load_address>0x440c</load_address>
         <readonly>true</readonly>
         <executable>true</executable>
         <run_address>0x440c</run_address>
         <size>0x38</size>
         <alignment>0x4</alignment>
         <input_file_ref idref="fl-105"/>
      </object_component>
      <object_component id="oc-db">
         <name>.text.sprintf</name>
         <load_address>0x4444</load_address>
         <readonly>true</readonly>
         <executable>true</executable>
         <run_address>0x4444</run_address>
         <size>0x38</size>
         <alignment>0x4</alignment>
         <input_file_ref idref="fl-30"/>
      </object_component>
      <object_component id="oc-e1">
         <name>.text.uart3_send_string</name>
         <load_address>0x447c</load_address>
         <readonly>true</readonly>
         <executable>true</executable>
         <run_address>0x447c</run_address>
         <size>0x30</size>
         <alignment>0x4</alignment>
         <input_file_ref idref="fl-8"/>
      </object_component>
      <object_component id="oc-5e">
         <name>.text:_c_int00_noargs</name>
         <load_address>0x44ac</load_address>
         <readonly>true</readonly>
         <executable>true</executable>
         <run_address>0x44ac</run_address>
         <size>0x28</size>
         <alignment>0x4</alignment>
         <input_file_ref idref="fl-31"/>
      </object_component>
      <object_component id="oc-17d">
         <name>.text.DL_I2C_setClockConfig</name>
         <load_address>0x44d4</load_address>
         <readonly>true</readonly>
         <executable>true</executable>
         <run_address>0x44d4</run_address>
         <size>0x26</size>
         <alignment>0x2</alignment>
         <input_file_ref idref="fl-17"/>
      </object_component>
      <object_component id="oc-1be">
         <name>.text.__muldi3</name>
         <load_address>0x44fc</load_address>
         <readonly>true</readonly>
         <executable>true</executable>
         <run_address>0x44fc</run_address>
         <size>0x24</size>
         <alignment>0x4</alignment>
         <input_file_ref idref="fl-108"/>
      </object_component>
      <object_component id="oc-1a6">
         <name>.text.memccpy</name>
         <load_address>0x4520</load_address>
         <readonly>true</readonly>
         <executable>true</executable>
         <run_address>0x4520</run_address>
         <size>0x22</size>
         <alignment>0x2</alignment>
         <input_file_ref idref="fl-42"/>
      </object_component>
      <object_component id="oc-214">
         <name>.text.__ashldi3</name>
         <load_address>0x4544</load_address>
         <readonly>true</readonly>
         <executable>true</executable>
         <run_address>0x4544</run_address>
         <size>0x1e</size>
         <alignment>0x4</alignment>
         <input_file_ref idref="fl-112"/>
      </object_component>
      <object_component id="oc-177">
         <name>.text.DL_Timer_setCaptCompUpdateMethod</name>
         <load_address>0x4564</load_address>
         <readonly>true</readonly>
         <executable>true</executable>
         <run_address>0x4564</run_address>
         <size>0x1c</size>
         <alignment>0x4</alignment>
         <input_file_ref idref="fl-18"/>
      </object_component>
      <object_component id="oc-174">
         <name>.text.DL_Timer_setClockConfig</name>
         <load_address>0x4580</load_address>
         <readonly>true</readonly>
         <executable>true</executable>
         <run_address>0x4580</run_address>
         <size>0x1c</size>
         <alignment>0x4</alignment>
         <input_file_ref idref="fl-18"/>
      </object_component>
      <object_component id="oc-e6">
         <name>.text.uart1_send_char</name>
         <load_address>0x459c</load_address>
         <readonly>true</readonly>
         <executable>true</executable>
         <run_address>0x459c</run_address>
         <size>0x1c</size>
         <alignment>0x4</alignment>
         <input_file_ref idref="fl-8"/>
      </object_component>
      <object_component id="oc-176">
         <name>.text.DL_Timer_setCaptureCompareOutCtl</name>
         <load_address>0x45b8</load_address>
         <readonly>true</readonly>
         <executable>true</executable>
         <run_address>0x45b8</run_address>
         <size>0x18</size>
         <alignment>0x4</alignment>
         <input_file_ref idref="fl-18"/>
      </object_component>
      <object_component id="oc-158">
         <name>.text._outs</name>
         <load_address>0x45d0</load_address>
         <readonly>true</readonly>
         <executable>true</executable>
         <run_address>0x45d0</run_address>
         <size>0x18</size>
         <alignment>0x2</alignment>
         <input_file_ref idref="fl-30"/>
      </object_component>
      <object_component id="oc-1c3">
         <name>.text.__aeabi_uldivmod</name>
         <load_address>0x45e8</load_address>
         <readonly>true</readonly>
         <executable>true</executable>
         <run_address>0x45e8</run_address>
         <size>0x14</size>
         <alignment>0x4</alignment>
         <input_file_ref idref="fl-10f"/>
      </object_component>
      <object_component id="oc-17f">
         <name>.text.DL_UART_setClockConfig</name>
         <load_address>0x45fc</load_address>
         <readonly>true</readonly>
         <executable>true</executable>
         <run_address>0x45fc</run_address>
         <size>0x12</size>
         <alignment>0x2</alignment>
         <input_file_ref idref="fl-19"/>
      </object_component>
      <object_component id="oc-20">
         <name>.text:decompress:none</name>
         <load_address>0x460e</load_address>
         <readonly>true</readonly>
         <executable>true</executable>
         <run_address>0x460e</run_address>
         <size>0x12</size>
         <alignment>0x2</alignment>
         <input_file_ref idref="fl-37"/>
      </object_component>
      <object_component id="oc-b6">
         <name>.text.DL_Timer_setCaptureCompareValue</name>
         <load_address>0x4620</load_address>
         <readonly>true</readonly>
         <executable>true</executable>
         <run_address>0x4620</run_address>
         <size>0x10</size>
         <alignment>0x4</alignment>
         <input_file_ref idref="fl-18"/>
      </object_component>
      <object_component id="oc-1b5">
         <name>.text.wcslen</name>
         <load_address>0x4630</load_address>
         <readonly>true</readonly>
         <executable>true</executable>
         <run_address>0x4630</run_address>
         <size>0x10</size>
         <alignment>0x2</alignment>
         <input_file_ref idref="fl-46"/>
      </object_component>
      <object_component id="oc-5b">
         <name>.text:decompress:ZI</name>
         <load_address>0x4640</load_address>
         <readonly>true</readonly>
         <executable>true</executable>
         <run_address>0x4640</run_address>
         <size>0x10</size>
         <alignment>0x2</alignment>
         <input_file_ref idref="fl-36"/>
      </object_component>
      <object_component id="oc-1a5">
         <name>.text.__aeabi_memset</name>
         <load_address>0x4650</load_address>
         <readonly>true</readonly>
         <executable>true</executable>
         <run_address>0x4650</run_address>
         <size>0xe</size>
         <alignment>0x4</alignment>
         <input_file_ref idref="fl-10d"/>
      </object_component>
      <object_component id="oc-d7">
         <name>.text.delay_ms</name>
         <load_address>0x465e</load_address>
         <readonly>true</readonly>
         <executable>true</executable>
         <run_address>0x465e</run_address>
         <size>0xe</size>
         <alignment>0x2</alignment>
         <input_file_ref idref="fl-4"/>
      </object_component>
      <object_component id="oc-1a4">
         <name>.text.strlen</name>
         <load_address>0x466c</load_address>
         <readonly>true</readonly>
         <executable>true</executable>
         <run_address>0x466c</run_address>
         <size>0xe</size>
         <alignment>0x2</alignment>
         <input_file_ref idref="fl-39"/>
      </object_component>
      <object_component id="oc-7b">
         <name>.text.__aeabi_memclr</name>
         <load_address>0x467c</load_address>
         <readonly>true</readonly>
         <executable>true</executable>
         <run_address>0x467c</run_address>
         <size>0xc</size>
         <alignment>0x4</alignment>
         <input_file_ref idref="fl-10d"/>
      </object_component>
      <object_component id="oc-150">
         <name>.text.DL_Common_delayCycles</name>
         <load_address>0x4688</load_address>
         <readonly>true</readonly>
         <executable>true</executable>
         <run_address>0x4688</run_address>
         <size>0xa</size>
         <alignment>0x2</alignment>
         <input_file_ref idref="fl-16"/>
      </object_component>
      <object_component id="oc-159">
         <name>.text._outc</name>
         <load_address>0x4692</load_address>
         <readonly>true</readonly>
         <executable>true</executable>
         <run_address>0x4692</run_address>
         <size>0xa</size>
         <alignment>0x2</alignment>
         <input_file_ref idref="fl-30"/>
      </object_component>
      <object_component id="oc-1b9">
         <name>.text.__aeabi_errno_addr</name>
         <load_address>0x469c</load_address>
         <readonly>true</readonly>
         <executable>true</executable>
         <run_address>0x469c</run_address>
         <size>0x8</size>
         <alignment>0x4</alignment>
         <input_file_ref idref="fl-3a"/>
      </object_component>
      <object_component id="oc-4e">
         <name>.text.__aeabi_memcpy</name>
         <load_address>0x46a4</load_address>
         <readonly>true</readonly>
         <executable>true</executable>
         <run_address>0x46a4</run_address>
         <size>0x8</size>
         <alignment>0x4</alignment>
         <input_file_ref idref="fl-10c"/>
      </object_component>
      <object_component id="oc-fe">
         <name>.text:abort</name>
         <load_address>0x46ac</load_address>
         <readonly>true</readonly>
         <executable>true</executable>
         <run_address>0x46ac</run_address>
         <size>0x6</size>
         <alignment>0x2</alignment>
         <input_file_ref idref="fl-3b"/>
      </object_component>
      <object_component id="oc-15e">
         <name>.text.HOSTexit</name>
         <load_address>0x46b2</load_address>
         <readonly>true</readonly>
         <executable>true</executable>
         <run_address>0x46b2</run_address>
         <size>0x4</size>
         <alignment>0x2</alignment>
         <input_file_ref idref="fl-ee"/>
      </object_component>
      <object_component id="oc-2f">
         <name>.text.Reset_Handler</name>
         <load_address>0x46b6</load_address>
         <readonly>true</readonly>
         <executable>true</executable>
         <run_address>0x46b6</run_address>
         <size>0x4</size>
         <alignment>0x2</alignment>
         <input_file_ref idref="fl-3"/>
      </object_component>
      <object_component id="oc-80">
         <name>.text._system_pre_init</name>
         <load_address>0x46ba</load_address>
         <readonly>true</readonly>
         <executable>true</executable>
         <run_address>0x46ba</run_address>
         <size>0x4</size>
         <alignment>0x2</alignment>
         <input_file_ref idref="fl-34"/>
      </object_component>
      <object_component id="oc-26d">
         <name>.cinit..data.load</name>
         <load_address>0x60d0</load_address>
         <readonly>true</readonly>
         <run_address>0x60d0</run_address>
         <size>0x36</size>
         <alignment>0x1</alignment>
      </object_component>
      <object_component id="oc-26b">
         <name>__TI_handler_table</name>
         <load_address>0x6108</load_address>
         <readonly>true</readonly>
         <run_address>0x6108</run_address>
         <size>0xc</size>
         <alignment>0x4</alignment>
      </object_component>
      <object_component id="oc-26e">
         <name>.cinit..bss.load</name>
         <load_address>0x6114</load_address>
         <readonly>true</readonly>
         <run_address>0x6114</run_address>
         <size>0x8</size>
         <alignment>0x4</alignment>
      </object_component>
      <object_component id="oc-26c">
         <name>__TI_cinit_table</name>
         <load_address>0x611c</load_address>
         <readonly>true</readonly>
         <run_address>0x611c</run_address>
         <size>0x10</size>
         <alignment>0x4</alignment>
      </object_component>
      <object_component id="oc-14d">
         <name>.rodata.asc2_2412</name>
         <load_address>0x46c0</load_address>
         <readonly>true</readonly>
         <run_address>0x46c0</run_address>
         <size>0xd5c</size>
         <alignment>0x1</alignment>
         <input_file_ref idref="fl-7"/>
      </object_component>
      <object_component id="oc-14e">
         <name>.rodata.asc2_1608</name>
         <load_address>0x541c</load_address>
         <readonly>true</readonly>
         <run_address>0x541c</run_address>
         <size>0x5f0</size>
         <alignment>0x1</alignment>
         <input_file_ref idref="fl-7"/>
      </object_component>
      <object_component id="oc-14f">
         <name>.rodata.asc2_1206</name>
         <load_address>0x5a0c</load_address>
         <readonly>true</readonly>
         <run_address>0x5a0c</run_address>
         <size>0x474</size>
         <alignment>0x1</alignment>
         <input_file_ref idref="fl-7"/>
      </object_component>
      <object_component id="oc-1d3">
         <name>.rodata:__aeabi_ctype_table_</name>
         <load_address>0x5e80</load_address>
         <readonly>true</readonly>
         <run_address>0x5e80</run_address>
         <size>0x101</size>
         <alignment>0x10</alignment>
         <input_file_ref idref="fl-4b"/>
      </object_component>
      <object_component id="oc-fd">
         <name>.rodata.str1.5792233746214848027.1</name>
         <load_address>0x5f81</load_address>
         <readonly>true</readonly>
         <run_address>0x5f81</run_address>
         <size>0x40</size>
         <alignment>0x1</alignment>
         <input_file_ref idref="fl-1"/>
      </object_component>
      <object_component id="oc-178">
         <name>.rodata.gPWM_0ClockConfig</name>
         <load_address>0x5fc1</load_address>
         <readonly>true</readonly>
         <run_address>0x5fc1</run_address>
         <size>0x3</size>
         <alignment>0x1</alignment>
         <input_file_ref idref="fl-2"/>
      </object_component>
      <object_component id="oc-17c">
         <name>.rodata.gTIMER_0TimerConfig</name>
         <load_address>0x5fc4</load_address>
         <readonly>true</readonly>
         <run_address>0x5fc4</run_address>
         <size>0x14</size>
         <alignment>0x4</alignment>
         <input_file_ref idref="fl-2"/>
      </object_component>
      <object_component id="oc-1c2">
         <name>.rodata.str1.10348868589481759720.1</name>
         <load_address>0x5fd8</load_address>
         <readonly>true</readonly>
         <run_address>0x5fd8</run_address>
         <size>0x11</size>
         <alignment>0x1</alignment>
         <input_file_ref idref="fl-39"/>
      </object_component>
      <object_component id="oc-1aa">
         <name>.rodata.str1.15363888844622738466.1</name>
         <load_address>0x5fe9</load_address>
         <readonly>true</readonly>
         <run_address>0x5fe9</run_address>
         <size>0x11</size>
         <alignment>0x1</alignment>
         <input_file_ref idref="fl-39"/>
      </object_component>
      <object_component id="oc-f8">
         <name>.rodata.str1.17686411042290499047.1</name>
         <load_address>0x5ffa</load_address>
         <readonly>true</readonly>
         <run_address>0x5ffa</run_address>
         <size>0x11</size>
         <alignment>0x1</alignment>
         <input_file_ref idref="fl-1"/>
      </object_component>
      <object_component id="oc-fa">
         <name>.rodata.str1.7386103758396746866.1</name>
         <load_address>0x600b</load_address>
         <readonly>true</readonly>
         <run_address>0x600b</run_address>
         <size>0x11</size>
         <alignment>0x1</alignment>
         <input_file_ref idref="fl-1"/>
      </object_component>
      <object_component id="oc-f9">
         <name>.rodata.str1.9410084661655729462.1</name>
         <load_address>0x601c</load_address>
         <readonly>true</readonly>
         <run_address>0x601c</run_address>
         <size>0x11</size>
         <alignment>0x1</alignment>
         <input_file_ref idref="fl-1"/>
      </object_component>
      <object_component id="oc-fc">
         <name>.rodata.str1.11822412164550770238.1</name>
         <load_address>0x602d</load_address>
         <readonly>true</readonly>
         <run_address>0x602d</run_address>
         <size>0x10</size>
         <alignment>0x1</alignment>
         <input_file_ref idref="fl-1"/>
      </object_component>
      <object_component id="oc-fb">
         <name>.rodata.str1.15170238581331914936.1</name>
         <load_address>0x603d</load_address>
         <readonly>true</readonly>
         <run_address>0x603d</run_address>
         <size>0xf</size>
         <alignment>0x1</alignment>
         <input_file_ref idref="fl-1"/>
      </object_component>
      <object_component id="oc-f7">
         <name>.rodata.str1.2196762768037919588.1</name>
         <load_address>0x604c</load_address>
         <readonly>true</readonly>
         <run_address>0x604c</run_address>
         <size>0xe</size>
         <alignment>0x1</alignment>
         <input_file_ref idref="fl-1"/>
      </object_component>
      <object_component id="oc-e7">
         <name>.rodata.str1.9517790425240694019.1</name>
         <load_address>0x605a</load_address>
         <readonly>true</readonly>
         <run_address>0x605a</run_address>
         <size>0xd</size>
         <alignment>0x1</alignment>
         <input_file_ref idref="fl-1"/>
      </object_component>
      <object_component id="oc-187">
         <name>.rodata.gUART1Config</name>
         <load_address>0x6068</load_address>
         <readonly>true</readonly>
         <run_address>0x6068</run_address>
         <size>0xa</size>
         <alignment>0x2</alignment>
         <input_file_ref idref="fl-2"/>
      </object_component>
      <object_component id="oc-189">
         <name>.rodata.gUART3Config</name>
         <load_address>0x6072</load_address>
         <readonly>true</readonly>
         <run_address>0x6072</run_address>
         <size>0xa</size>
         <alignment>0x2</alignment>
         <input_file_ref idref="fl-2"/>
      </object_component>
      <object_component id="oc-ee">
         <name>.rodata.str1.11898133897667081452.1</name>
         <load_address>0x607c</load_address>
         <readonly>true</readonly>
         <run_address>0x607c</run_address>
         <size>0x9</size>
         <alignment>0x1</alignment>
         <input_file_ref idref="fl-1"/>
      </object_component>
      <object_component id="oc-17b">
         <name>.rodata.gTIMER_0ClockConfig</name>
         <load_address>0x6085</load_address>
         <readonly>true</readonly>
         <run_address>0x6085</run_address>
         <size>0x3</size>
         <alignment>0x1</alignment>
         <input_file_ref idref="fl-2"/>
      </object_component>
      <object_component id="oc-179">
         <name>.rodata.gPWM_0Config</name>
         <load_address>0x6088</load_address>
         <readonly>true</readonly>
         <run_address>0x6088</run_address>
         <size>0x8</size>
         <alignment>0x4</alignment>
         <input_file_ref idref="fl-2"/>
      </object_component>
      <object_component id="oc-f5">
         <name>.rodata.str1.14685083708502177989.1</name>
         <load_address>0x6090</load_address>
         <readonly>true</readonly>
         <run_address>0x6090</run_address>
         <size>0x8</size>
         <alignment>0x1</alignment>
         <input_file_ref idref="fl-1"/>
      </object_component>
      <object_component id="oc-f4">
         <name>.rodata.str1.15706828512682300538.1</name>
         <load_address>0x6098</load_address>
         <readonly>true</readonly>
         <run_address>0x6098</run_address>
         <size>0x7</size>
         <alignment>0x1</alignment>
         <input_file_ref idref="fl-1"/>
      </object_component>
      <object_component id="oc-f0">
         <name>.rodata.str1.16704889451495720520.1</name>
         <load_address>0x609f</load_address>
         <readonly>true</readonly>
         <run_address>0x609f</run_address>
         <size>0x6</size>
         <alignment>0x1</alignment>
         <input_file_ref idref="fl-1"/>
      </object_component>
      <object_component id="oc-ef">
         <name>.rodata.str1.17669528882079347314.1</name>
         <load_address>0x60a5</load_address>
         <readonly>true</readonly>
         <run_address>0x60a5</run_address>
         <size>0x6</size>
         <alignment>0x1</alignment>
         <input_file_ref idref="fl-1"/>
      </object_component>
      <object_component id="oc-f3">
         <name>.rodata.str1.254342170260855183.1</name>
         <load_address>0x60ab</load_address>
         <readonly>true</readonly>
         <run_address>0x60ab</run_address>
         <size>0x6</size>
         <alignment>0x1</alignment>
         <input_file_ref idref="fl-1"/>
      </object_component>
      <object_component id="oc-f2">
         <name>.rodata.str1.150872071346279890.1</name>
         <load_address>0x60b1</load_address>
         <readonly>true</readonly>
         <run_address>0x60b1</run_address>
         <size>0x5</size>
         <alignment>0x1</alignment>
         <input_file_ref idref="fl-1"/>
      </object_component>
      <object_component id="oc-f1">
         <name>.rodata.str1.7401042497206923953.1</name>
         <load_address>0x60b6</load_address>
         <readonly>true</readonly>
         <run_address>0x60b6</run_address>
         <size>0x5</size>
         <alignment>0x1</alignment>
         <input_file_ref idref="fl-1"/>
      </object_component>
      <object_component id="oc-17e">
         <name>.rodata.gOLEDClockConfig</name>
         <load_address>0x60bb</load_address>
         <readonly>true</readonly>
         <run_address>0x60bb</run_address>
         <size>0x2</size>
         <alignment>0x1</alignment>
         <input_file_ref idref="fl-2"/>
      </object_component>
      <object_component id="oc-186">
         <name>.rodata.gUART1ClockConfig</name>
         <load_address>0x60bd</load_address>
         <readonly>true</readonly>
         <run_address>0x60bd</run_address>
         <size>0x2</size>
         <alignment>0x1</alignment>
         <input_file_ref idref="fl-2"/>
      </object_component>
      <object_component id="oc-188">
         <name>.rodata.gUART3ClockConfig</name>
         <load_address>0x60bf</load_address>
         <readonly>true</readonly>
         <run_address>0x60bf</run_address>
         <size>0x2</size>
         <alignment>0x1</alignment>
         <input_file_ref idref="fl-2"/>
      </object_component>
      <object_component id="oc-233">
         <name>.binit</name>
         <load_address>0x0</load_address>
         <readonly>true</readonly>
         <run_address>0x0</run_address>
         <size>0x0</size>
         <alignment>0x4</alignment>
      </object_component>
      <object_component id="oc-94">
         <name>.data.base_speed</name>
         <load_address>0x20200680</load_address>
         <readwrite>true</readwrite>
         <run_address>0x20200680</run_address>
         <size>0x4</size>
         <alignment>0x4</alignment>
         <input_file_ref idref="fl-1"/>
      </object_component>
      <object_component id="oc-e8">
         <name>.data.key_raw</name>
         <load_address>0x202006bc</load_address>
         <readwrite>true</readwrite>
         <run_address>0x202006bc</run_address>
         <size>0x1</size>
         <alignment>0x1</alignment>
         <input_file_ref idref="fl-1"/>
      </object_component>
      <object_component id="oc-ea">
         <name>.data.key_down</name>
         <load_address>0x202006ba</load_address>
         <readwrite>true</readwrite>
         <run_address>0x202006ba</run_address>
         <size>0x1</size>
         <alignment>0x1</alignment>
         <input_file_ref idref="fl-1"/>
      </object_component>
      <object_component id="oc-e9">
         <name>.data.key_old</name>
         <load_address>0x202006bb</load_address>
         <readwrite>true</readwrite>
         <run_address>0x202006bb</run_address>
         <size>0x1</size>
         <alignment>0x1</alignment>
         <input_file_ref idref="fl-1"/>
      </object_component>
      <object_component id="oc-72">
         <name>.data.sys_tick</name>
         <load_address>0x202006a0</load_address>
         <readwrite>true</readwrite>
         <run_address>0x202006a0</run_address>
         <size>0x4</size>
         <alignment>0x4</alignment>
         <input_file_ref idref="fl-1"/>
      </object_component>
      <object_component id="oc-eb">
         <name>.data.begin_key_raw</name>
         <load_address>0x202006b6</load_address>
         <readwrite>true</readwrite>
         <run_address>0x202006b6</run_address>
         <size>0x1</size>
         <alignment>0x1</alignment>
         <input_file_ref idref="fl-1"/>
      </object_component>
      <object_component id="oc-ed">
         <name>.data.begin_key_down</name>
         <load_address>0x202006b4</load_address>
         <readwrite>true</readwrite>
         <run_address>0x202006b4</run_address>
         <size>0x1</size>
         <alignment>0x1</alignment>
         <input_file_ref idref="fl-1"/>
      </object_component>
      <object_component id="oc-ec">
         <name>.data.begin_key_old</name>
         <load_address>0x202006b5</load_address>
         <readwrite>true</readwrite>
         <run_address>0x202006b5</run_address>
         <size>0x1</size>
         <alignment>0x1</alignment>
         <input_file_ref idref="fl-1"/>
      </object_component>
      <object_component id="oc-99">
         <name>.data.current_mode</name>
         <load_address>0x202006b7</load_address>
         <readwrite>true</readwrite>
         <run_address>0x202006b7</run_address>
         <size>0x1</size>
         <alignment>0x1</alignment>
         <input_file_ref idref="fl-1"/>
      </object_component>
      <object_component id="oc-9a">
         <name>.data.selected_laps</name>
         <load_address>0x202006bd</load_address>
         <readwrite>true</readwrite>
         <run_address>0x202006bd</run_address>
         <size>0x1</size>
         <alignment>0x1</alignment>
         <input_file_ref idref="fl-1"/>
      </object_component>
      <object_component id="oc-9b">
         <name>.data.selected_point</name>
         <load_address>0x202006be</load_address>
         <readwrite>true</readwrite>
         <run_address>0x202006be</run_address>
         <size>0x1</size>
         <alignment>0x1</alignment>
         <input_file_ref idref="fl-1"/>
      </object_component>
      <object_component id="oc-73">
         <name>.data.is_running</name>
         <load_address>0x202006b9</load_address>
         <readwrite>true</readwrite>
         <run_address>0x202006b9</run_address>
         <size>0x1</size>
         <alignment>0x1</alignment>
         <input_file_ref idref="fl-1"/>
      </object_component>
      <object_component id="oc-96">
         <name>.data.left_turn_count</name>
         <load_address>0x20200698</load_address>
         <readwrite>true</readwrite>
         <run_address>0x20200698</run_address>
         <size>0x4</size>
         <alignment>0x4</alignment>
         <input_file_ref idref="fl-1"/>
      </object_component>
      <object_component id="oc-98">
         <name>.data.target_left_turns</name>
         <load_address>0x202006a4</load_address>
         <readwrite>true</readwrite>
         <run_address>0x202006a4</run_address>
         <size>0x4</size>
         <alignment>0x4</alignment>
         <input_file_ref idref="fl-1"/>
      </object_component>
      <object_component id="oc-97">
         <name>.data.last_turn_end_time</name>
         <load_address>0x20200690</load_address>
         <readwrite>true</readwrite>
         <run_address>0x20200690</run_address>
         <size>0x4</size>
         <alignment>0x4</alignment>
         <input_file_ref idref="fl-1"/>
      </object_component>
      <object_component id="oc-93">
         <name>.data.current_state</name>
         <load_address>0x202006b8</load_address>
         <readwrite>true</readwrite>
         <run_address>0x202006b8</run_address>
         <size>0x1</size>
         <alignment>0x1</alignment>
         <input_file_ref idref="fl-1"/>
      </object_component>
      <object_component id="oc-9c">
         <name>.data.turn_start_time</name>
         <load_address>0x202006b0</load_address>
         <readwrite>true</readwrite>
         <run_address>0x202006b0</run_address>
         <size>0x4</size>
         <alignment>0x4</alignment>
         <input_file_ref idref="fl-1"/>
      </object_component>
      <object_component id="oc-95">
         <name>.data.last_error</name>
         <load_address>0x2020068c</load_address>
         <readwrite>true</readwrite>
         <run_address>0x2020068c</run_address>
         <size>0x4</size>
         <alignment>0x4</alignment>
         <input_file_ref idref="fl-1"/>
      </object_component>
      <object_component id="oc-74">
         <name>.data.TIMA0_IRQHandler.speed_loop_cnt</name>
         <load_address>0x20200678</load_address>
         <readwrite>true</readwrite>
         <run_address>0x20200678</run_address>
         <size>0x4</size>
         <alignment>0x4</alignment>
         <input_file_ref idref="fl-1"/>
      </object_component>
      <object_component id="oc-66">
         <name>.data.left_encoder_count</name>
         <load_address>0x20200694</load_address>
         <readwrite>true</readwrite>
         <run_address>0x20200694</run_address>
         <size>0x4</size>
         <alignment>0x4</alignment>
         <input_file_ref idref="fl-6"/>
      </object_component>
      <object_component id="oc-65">
         <name>.data.right_encoder_count</name>
         <load_address>0x2020069c</load_address>
         <readwrite>true</readwrite>
         <run_address>0x2020069c</run_address>
         <size>0x4</size>
         <alignment>0x4</alignment>
         <input_file_ref idref="fl-6"/>
      </object_component>
      <object_component id="oc-bc">
         <name>.data.current_speed_L</name>
         <load_address>0x20200684</load_address>
         <readwrite>true</readwrite>
         <run_address>0x20200684</run_address>
         <size>0x4</size>
         <alignment>0x4</alignment>
         <input_file_ref idref="fl-6"/>
      </object_component>
      <object_component id="oc-bd">
         <name>.data.current_speed_R</name>
         <load_address>0x20200688</load_address>
         <readwrite>true</readwrite>
         <run_address>0x20200688</run_address>
         <size>0x4</size>
         <alignment>0x4</alignment>
         <input_file_ref idref="fl-6"/>
      </object_component>
      <object_component id="oc-9d">
         <name>.data.target_speed_L</name>
         <load_address>0x202006a8</load_address>
         <readwrite>true</readwrite>
         <run_address>0x202006a8</run_address>
         <size>0x4</size>
         <alignment>0x4</alignment>
         <input_file_ref idref="fl-6"/>
      </object_component>
      <object_component id="oc-9f">
         <name>.data.target_speed_R</name>
         <load_address>0x202006ac</load_address>
         <readwrite>true</readwrite>
         <run_address>0x202006ac</run_address>
         <size>0x4</size>
         <alignment>0x4</alignment>
         <input_file_ref idref="fl-6"/>
      </object_component>
      <object_component id="oc-9e">
         <name>.data.pid_left</name>
         <load_address>0x2020063c</load_address>
         <readwrite>true</readwrite>
         <run_address>0x2020063c</run_address>
         <size>0x1c</size>
         <alignment>0x4</alignment>
         <input_file_ref idref="fl-6"/>
      </object_component>
      <object_component id="oc-a0">
         <name>.data.pid_right</name>
         <load_address>0x20200658</load_address>
         <readwrite>true</readwrite>
         <run_address>0x20200658</run_address>
         <size>0x1c</size>
         <alignment>0x4</alignment>
         <input_file_ref idref="fl-6"/>
      </object_component>
      <object_component id="oc-be">
         <name>.data.Motor_Control_Loop.sync_integral</name>
         <load_address>0x20200674</load_address>
         <readwrite>true</readwrite>
         <run_address>0x20200674</run_address>
         <size>0x4</size>
         <alignment>0x4</alignment>
         <input_file_ref idref="fl-6"/>
      </object_component>
      <object_component id="oc-6a">
         <name>.data.uart_data</name>
         <load_address>0x202006bf</load_address>
         <readwrite>true</readwrite>
         <run_address>0x202006bf</run_address>
         <size>0x1</size>
         <alignment>0x1</alignment>
         <input_file_ref idref="fl-8"/>
      </object_component>
      <object_component id="oc-1da">
         <name>.data.__aeabi_errno</name>
         <load_address>0x2020067c</load_address>
         <readwrite>true</readwrite>
         <run_address>0x2020067c</run_address>
         <size>0x4</size>
         <alignment>0x4</alignment>
         <input_file_ref idref="fl-3a"/>
      </object_component>
      <object_component id="oc-f6">
         <name>.common:display_str</name>
         <uninitialized>true</uninitialized>
         <readwrite>true</readwrite>
         <run_address>0x20200628</run_address>
         <size>0x14</size>
         <alignment>0x1</alignment>
      </object_component>
      <object_component id="oc-13f">
         <name>.common:gPWM_0Backup</name>
         <uninitialized>true</uninitialized>
         <readwrite>true</readwrite>
         <run_address>0x20200480</run_address>
         <size>0xbc</size>
         <alignment>0x4</alignment>
      </object_component>
      <object_component id="oc-140">
         <name>.common:gTIMER_0Backup</name>
         <uninitialized>true</uninitialized>
         <readwrite>true</readwrite>
         <run_address>0x2020053c</run_address>
         <size>0xbc</size>
         <alignment>0x4</alignment>
      </object_component>
      <object_component id="oc-141">
         <name>.common:gUART3Backup</name>
         <uninitialized>true</uninitialized>
         <readwrite>true</readwrite>
         <run_address>0x202005f8</run_address>
         <size>0x30</size>
         <alignment>0x4</alignment>
      </object_component>
      <object_component id="oc-14a">
         <name>.common:OLED_GRAM</name>
         <uninitialized>true</uninitialized>
         <readwrite>true</readwrite>
         <run_address>0x20200000</run_address>
         <size>0x480</size>
         <alignment>0x1</alignment>
      </object_component>
      <object_component id="oc-1a">
         <name>.stack</name>
         <uninitialized>true</uninitialized>
         <readwrite>true</readwrite>
         <run_address>0x20207e00</run_address>
         <size>0x4</size>
         <alignment>0x4</alignment>
         <input_file_ref idref="fl-31"/>
      </object_component>
      <object_component id="oc-270">
         <name>.stack</name>
         <uninitialized>true</uninitialized>
         <readwrite>true</readwrite>
         <run_address>0x20207e00</run_address>
         <size>0x0</size>
         <alignment>0x8</alignment>
      </object_component>
      <object_component id="oc-6f">
         <name>.debug_loc</name>
         <load_address>0x0</load_address>
         <run_address>0x0</run_address>
         <size>0x42e</size>
         <alignment>0x1</alignment>
         <input_file_ref idref="fl-1"/>
      </object_component>
      <object_component id="oc-138">
         <name>.debug_loc</name>
         <load_address>0x42e</load_address>
         <run_address>0x42e</run_address>
         <size>0x1c1</size>
         <alignment>0x1</alignment>
         <input_file_ref idref="fl-2"/>
      </object_component>
      <object_component id="oc-156">
         <name>.debug_loc</name>
         <load_address>0x5ef</load_address>
         <run_address>0x5ef</run_address>
         <size>0x33</size>
         <alignment>0x1</alignment>
         <input_file_ref idref="fl-4"/>
      </object_component>
      <object_component id="oc-69">
         <name>.debug_loc</name>
         <load_address>0x622</load_address>
         <run_address>0x622</run_address>
         <size>0x3fa</size>
         <alignment>0x1</alignment>
         <input_file_ref idref="fl-6"/>
      </object_component>
      <object_component id="oc-d2">
         <name>.debug_loc</name>
         <load_address>0xa1c</load_address>
         <run_address>0xa1c</run_address>
         <size>0x3abd</size>
         <alignment>0x1</alignment>
         <input_file_ref idref="fl-7"/>
      </object_component>
      <object_component id="oc-6d">
         <name>.debug_loc</name>
         <load_address>0x44d9</load_address>
         <run_address>0x44d9</run_address>
         <size>0x93</size>
         <alignment>0x1</alignment>
         <input_file_ref idref="fl-8"/>
      </object_component>
      <object_component id="oc-18e">
         <name>.debug_loc</name>
         <load_address>0x456c</load_address>
         <run_address>0x456c</run_address>
         <size>0x13</size>
         <alignment>0x1</alignment>
         <input_file_ref idref="fl-16"/>
      </object_component>
      <object_component id="oc-148">
         <name>.debug_loc</name>
         <load_address>0x457f</load_address>
         <run_address>0x457f</run_address>
         <size>0x37a</size>
         <alignment>0x1</alignment>
         <input_file_ref idref="fl-17"/>
      </object_component>
      <object_component id="oc-b8">
         <name>.debug_loc</name>
         <load_address>0x48f9</load_address>
         <run_address>0x48f9</run_address>
         <size>0x1a68</size>
         <alignment>0x1</alignment>
         <input_file_ref idref="fl-18"/>
      </object_component>
      <object_component id="oc-180">
         <name>.debug_loc</name>
         <load_address>0x6361</load_address>
         <run_address>0x6361</run_address>
         <size>0x7e4</size>
         <alignment>0x1</alignment>
         <input_file_ref idref="fl-19"/>
      </object_component>
      <object_component id="oc-df">
         <name>.debug_loc</name>
         <load_address>0x6b45</load_address>
         <run_address>0x6b45</run_address>
         <size>0x136</size>
         <alignment>0x1</alignment>
         <input_file_ref idref="fl-30"/>
      </object_component>
      <object_component id="oc-49">
         <name>.debug_loc</name>
         <load_address>0x6c7b</load_address>
         <run_address>0x6c7b</run_address>
         <size>0xd8</size>
         <alignment>0x1</alignment>
         <input_file_ref idref="fl-31"/>
      </object_component>
      <object_component id="oc-106">
         <name>.debug_loc</name>
         <load_address>0x6d53</load_address>
         <run_address>0x6d53</run_address>
         <size>0x424</size>
         <alignment>0x1</alignment>
         <input_file_ref idref="fl-33"/>
      </object_component>
      <object_component id="oc-56">
         <name>.debug_loc</name>
[...]
         <object_component_ref idref="oc-33"/>
      </symbol>
      <symbol id="sm-ca">
         <name>DAC0_IRQHandler</name>
         <value>0x3f7f</value>
         <object_component_ref idref="oc-33"/>
      </symbol>
      <symbol id="sm-cb">
         <name>SPI0_IRQHandler</name>
         <value>0x3f7f</value>
         <object_component_ref idref="oc-33"/>
      </symbol>
      <symbol id="sm-cc">
         <name>SPI1_IRQHandler</name>
         <value>0x3f7f</value>
         <object_component_ref idref="oc-33"/>
      </symbol>
      <symbol id="sm-cd">
         <name>UART2_IRQHandler</name>
         <value>0x3f7f</value>
         <object_component_ref idref="oc-33"/>
      </symbol>
      <symbol id="sm-ce">
         <name>UART0_IRQHandler</name>
         <value>0x3f7f</value>
         <object_component_ref idref="oc-33"/>
      </symbol>
      <symbol id="sm-cf">
         <name>TIMG0_IRQHandler</name>
         <value>0x3f7f</value>
         <object_component_ref idref="oc-33"/>
      </symbol>
      <symbol id="sm-d0">
         <name>TIMG6_IRQHandler</name>
         <value>0x3f7f</value>
         <object_component_ref idref="oc-33"/>
      </symbol>
      <symbol id="sm-d1">
         <name>TIMA1_IRQHandler</name>
         <value>0x3f7f</value>
         <object_component_ref idref="oc-33"/>
      </symbol>
      <symbol id="sm-d2">
         <name>TIMG7_IRQHandler</name>
         <value>0x3f7f</value>
         <object_component_ref idref="oc-33"/>
      </symbol>
      <symbol id="sm-d3">
         <name>TIMG12_IRQHandler</name>
         <value>0x3f7f</value>
         <object_component_ref idref="oc-33"/>
      </symbol>
      <symbol id="sm-d4">
         <name>I2C0_IRQHandler</name>
         <value>0x3f7f</value>
         <object_component_ref idref="oc-33"/>
      </symbol>
      <symbol id="sm-d5">
         <name>I2C1_IRQHandler</name>
         <value>0x3f7f</value>
         <object_component_ref idref="oc-33"/>
      </symbol>
      <symbol id="sm-d6">
         <name>AES_IRQHandler</name>
         <value>0x3f7f</value>
         <object_component_ref idref="oc-33"/>
      </symbol>
      <symbol id="sm-d7">
         <name>RTC_IRQHandler</name>
         <value>0x3f7f</value>
         <object_component_ref idref="oc-33"/>
      </symbol>
      <symbol id="sm-d8">
         <name>DMA_IRQHandler</name>
         <value>0x3f7f</value>
         <object_component_ref idref="oc-33"/>
      </symbol>
      <symbol id="sm-e1">
         <name>delay_ms</name>
         <value>0x465f</value>
         <object_component_ref idref="oc-d7"/>
      </symbol>
      <symbol id="sm-ea">
         <name>KEY_Scan</name>
         <value>0x40d9</value>
         <object_component_ref idref="oc-e2"/>
      </symbol>
      <symbol id="sm-100">
         <name>GROUP1_IRQHandler</name>
         <value>0x3fd9</value>
         <object_component_ref idref="oc-34"/>
      </symbol>
      <symbol id="sm-101">
         <name>right_encoder_count</name>
         <value>0x2020069c</value>
         <object_component_ref idref="oc-65"/>
      </symbol>
      <symbol id="sm-102">
         <name>left_encoder_count</name>
         <value>0x20200694</value>
         <object_component_ref idref="oc-66"/>
      </symbol>
      <symbol id="sm-103">
         <name>pid_calc</name>
         <value>0x35f5</value>
         <object_component_ref idref="oc-a1"/>
      </symbol>
      <symbol id="sm-104">
         <name>Motor_Control_Loop</name>
         <value>0x31e9</value>
         <object_component_ref idref="oc-71"/>
      </symbol>
      <symbol id="sm-105">
         <name>current_speed_L</name>
         <value>0x20200684</value>
         <object_component_ref idref="oc-bc"/>
      </symbol>
      <symbol id="sm-106">
         <name>current_speed_R</name>
         <value>0x20200688</value>
         <object_component_ref idref="oc-bd"/>
      </symbol>
      <symbol id="sm-107">
         <name>target_speed_L</name>
         <value>0x202006a8</value>
         <object_component_ref idref="oc-9d"/>
      </symbol>
      <symbol id="sm-108">
         <name>pid_left</name>
         <value>0x2020063c</value>
         <object_component_ref idref="oc-9e"/>
      </symbol>
      <symbol id="sm-109">
         <name>target_speed_R</name>
         <value>0x202006ac</value>
         <object_component_ref idref="oc-9f"/>
      </symbol>
      <symbol id="sm-10a">
         <name>pid_right</name>
         <value>0x20200658</value>
         <object_component_ref idref="oc-a0"/>
      </symbol>
      <symbol id="sm-10b">
         <name>Car_SetSpeed</name>
         <value>0x3f81</value>
         <object_component_ref idref="oc-70"/>
      </symbol>
      <symbol id="sm-13b">
         <name>OLED_Refresh</name>
         <value>0x2f99</value>
         <object_component_ref idref="oc-d6"/>
      </symbol>
      <symbol id="sm-13c">
         <name>OLED_GRAM</name>
         <value>0x20200000</value>
      </symbol>
      <symbol id="sm-13d">
         <name>OLED_Clear</name>
         <value>0x16b5</value>
         <object_component_ref idref="oc-d4"/>
      </symbol>
      <symbol id="sm-13e">
         <name>asc2_1206</name>
         <value>0x5a0c</value>
         <object_component_ref idref="oc-14f"/>
      </symbol>
      <symbol id="sm-13f">
         <name>asc2_1608</name>
         <value>0x541c</value>
         <object_component_ref idref="oc-14e"/>
      </symbol>
      <symbol id="sm-140">
         <name>asc2_2412</name>
         <value>0x46c0</value>
         <object_component_ref idref="oc-14d"/>
      </symbol>
      <symbol id="sm-141">
         <name>OLED_ShowString</name>
         <value>0x2d39</value>
         <object_component_ref idref="oc-d5"/>
      </symbol>
      <symbol id="sm-142">
         <name>OLED_Init</name>
         <value>0xc1</value>
         <object_component_ref idref="oc-ce"/>
      </symbol>
      <symbol id="sm-153">
         <name>uart1_send_char</name>
         <value>0x459d</value>
         <object_component_ref idref="oc-e6"/>
      </symbol>
      <symbol id="sm-154">
         <name>UART1_IRQHandler</name>
         <value>0x43d5</value>
         <object_component_ref idref="oc-39"/>
      </symbol>
      <symbol id="sm-155">
         <name>uart_data</name>
         <value>0x202006bf</value>
         <object_component_ref idref="oc-6a"/>
      </symbol>
      <symbol id="sm-156">
         <name>uart3_send_string</name>
         <value>0x447d</value>
         <object_component_ref idref="oc-e1"/>
      </symbol>
      <symbol id="sm-157">
         <name>__TI_ATRegion0_src_addr</name>
         <value>0x0</value>
      </symbol>
      <symbol id="sm-158">
         <name>__TI_ATRegion0_trg_addr</name>
         <value>0x0</value>
      </symbol>
      <symbol id="sm-159">
         <name>__TI_ATRegion0_region_sz</name>
         <value>0x0</value>
      </symbol>
      <symbol id="sm-15a">
         <name>__TI_ATRegion1_src_addr</name>
         <value>0x0</value>
      </symbol>
      <symbol id="sm-15b">
         <name>__TI_ATRegion1_trg_addr</name>
         <value>0x0</value>
      </symbol>
      <symbol id="sm-15c">
         <name>__TI_ATRegion1_region_sz</name>
         <value>0x0</value>
      </symbol>
      <symbol id="sm-15d">
         <name>__TI_ATRegion2_src_addr</name>
         <value>0x0</value>
      </symbol>
      <symbol id="sm-15e">
         <name>__TI_ATRegion2_trg_addr</name>
         <value>0x0</value>
      </symbol>
      <symbol id="sm-15f">
         <name>__TI_ATRegion2_region_sz</name>
         <value>0x0</value>
      </symbol>
      <symbol id="sm-168">
         <name>DL_Common_delayCycles</name>
         <value>0x4689</value>
         <object_component_ref idref="oc-150"/>
      </symbol>
      <symbol id="sm-174">
         <name>DL_I2C_setClockConfig</name>
         <value>0x44d5</value>
         <object_component_ref idref="oc-17d"/>
      </symbol>
      <symbol id="sm-175">
         <name>DL_I2C_fillControllerTXFIFO</name>
         <value>0x3f21</value>
         <object_component_ref idref="oc-144"/>
      </symbol>
      <symbol id="sm-191">
         <name>DL_Timer_setClockConfig</name>
         <value>0x4581</value>
         <object_component_ref idref="oc-174"/>
      </symbol>
      <symbol id="sm-192">
         <name>DL_Timer_initTimerMode</name>
         <value>0x3819</value>
         <object_component_ref idref="oc-17a"/>
      </symbol>
      <symbol id="sm-193">
         <name>DL_Timer_setCaptureCompareValue</name>
         <value>0x4621</value>
         <object_component_ref idref="oc-b6"/>
      </symbol>
      <symbol id="sm-194">
         <name>DL_Timer_setCaptCompUpdateMethod</name>
         <value>0x4565</value>
         <object_component_ref idref="oc-177"/>
      </symbol>
      <symbol id="sm-195">
         <name>DL_Timer_setCaptureCompareOutCtl</name>
         <value>0x45b9</value>
         <object_component_ref idref="oc-176"/>
      </symbol>
      <symbol id="sm-196">
         <name>DL_Timer_initFourCCPWMMode</name>
         <value>0x3715</value>
         <object_component_ref idref="oc-175"/>
      </symbol>
      <symbol id="sm-1a3">
         <name>DL_UART_init</name>
         <value>0x4125</value>
         <object_component_ref idref="oc-185"/>
      </symbol>
      <symbol id="sm-1a4">
         <name>DL_UART_setClockConfig</name>
         <value>0x45fd</value>
         <object_component_ref idref="oc-17f"/>
      </symbol>
      <symbol id="sm-1b5">
         <name>sprintf</name>
         <value>0x4445</value>
         <object_component_ref idref="oc-db"/>
      </symbol>
      <symbol id="sm-1c0">
         <name>_c_int00_noargs</name>
         <value>0x44ad</value>
         <object_component_ref idref="oc-5e"/>
      </symbol>
      <symbol id="sm-1c1">
         <name>__stack</name>
         <value>0x20207e00</value>
         <object_component_ref idref="oc-1a"/>
      </symbol>
      <symbol id="sm-1cd">
         <name>__TI_auto_init_nobinit_nopinit</name>
         <value>0x42e9</value>
         <object_component_ref idref="oc-105"/>
      </symbol>
      <symbol id="sm-1d5">
         <name>_system_pre_init</name>
         <value>0x46bb</value>
         <object_component_ref idref="oc-80"/>
      </symbol>
      <symbol id="sm-1e0">
         <name>__TI_zero_init</name>
         <value>0x4641</value>
         <object_component_ref idref="oc-5b"/>
      </symbol>
      <symbol id="sm-1e9">
         <name>__TI_decompress_none</name>
         <value>0x460f</value>
         <object_component_ref idref="oc-20"/>
      </symbol>
      <symbol id="sm-1f4">
         <name>__TI_decompress_lzss</name>
         <value>0x3c49</value>
         <object_component_ref idref="oc-1c"/>
      </symbol>
      <symbol id="sm-216">
         <name>__TI_printfi_nofloat</name>
         <value>0x2145</value>
         <object_component_ref idref="oc-195"/>
      </symbol>
      <symbol id="sm-221">
         <name>__aeabi_errno_addr</name>
         <value>0x469d</value>
         <object_component_ref idref="oc-1b9"/>
      </symbol>
      <symbol id="sm-222">
         <name>__aeabi_errno</name>
         <value>0x2020067c</value>
         <object_component_ref idref="oc-1da"/>
      </symbol>
      <symbol id="sm-22c">
         <name>abort</name>
         <value>0x46ad</value>
         <object_component_ref idref="oc-fe"/>
      </symbol>
      <symbol id="sm-23a">
         <name>atoi</name>
         <value>0x41f5</value>
         <object_component_ref idref="oc-1b1"/>
      </symbol>
      <symbol id="sm-244">
         <name>memccpy</name>
         <value>0x4521</value>
         <object_component_ref idref="oc-1a6"/>
      </symbol>
      <symbol id="sm-250">
         <name>wcslen</name>
         <value>0x4631</value>
         <object_component_ref idref="oc-1b5"/>
      </symbol>
      <symbol id="sm-255">
         <name>__aeabi_ctype_table_</name>
         <value>0x5e80</value>
         <object_component_ref idref="oc-1d3"/>
      </symbol>
      <symbol id="sm-256">
         <name>__aeabi_ctype_table_C</name>
         <value>0x5e80</value>
         <object_component_ref idref="oc-1d3"/>
      </symbol>
      <symbol id="sm-261">
         <name>HOSTexit</name>
         <value>0x46b3</value>
         <object_component_ref idref="oc-15e"/>
      </symbol>
      <symbol id="sm-262">
         <name>C$$EXIT</name>
         <value>0x46b2</value>
         <object_component_ref idref="oc-15e"/>
      </symbol>
      <symbol id="sm-277">
         <name>__aeabi_fadd</name>
         <value>0x391f</value>
         <object_component_ref idref="oc-a6"/>
      </symbol>
      <symbol id="sm-278">
         <name>__addsf3</name>
         <value>0x391f</value>
         <object_component_ref idref="oc-a6"/>
      </symbol>
      <symbol id="sm-279">
         <name>__aeabi_fsub</name>
         <value>0x3915</value>
         <object_component_ref idref="oc-a6"/>
      </symbol>
      <symbol id="sm-27a">
         <name>__subsf3</name>
         <value>0x3915</value>
         <object_component_ref idref="oc-a6"/>
      </symbol>
      <symbol id="sm-280">
         <name>__muldsi3</name>
         <value>0x4361</value>
         <object_component_ref idref="oc-126"/>
      </symbol>
      <symbol id="sm-286">
         <name>__aeabi_fmul</name>
         <value>0x3bbd</value>
         <object_component_ref idref="oc-ae"/>
      </symbol>
      <symbol id="sm-287">
         <name>__mulsf3</name>
         <value>0x3bbd</value>
         <object_component_ref idref="oc-ae"/>
      </symbol>
      <symbol id="sm-28d">
         <name>__aeabi_f2iz</name>
         <value>0x440d</value>
         <object_component_ref idref="oc-b2"/>
      </symbol>
      <symbol id="sm-28e">
         <name>__fixsfsi</name>
         <value>0x440d</value>
         <object_component_ref idref="oc-b2"/>
      </symbol>
      <symbol id="sm-294">
         <name>__aeabi_i2f</name>
         <value>0x4271</value>
         <object_component_ref idref="oc-a2"/>
      </symbol>
      <symbol id="sm-295">
         <name>__floatsisf</name>
         <value>0x4271</value>
         <object_component_ref idref="oc-a2"/>
      </symbol>
      <symbol id="sm-29b">
         <name>__aeabi_lmul</name>
         <value>0x44fd</value>
         <object_component_ref idref="oc-1be"/>
      </symbol>
      <symbol id="sm-29c">
         <name>__muldi3</name>
         <value>0x44fd</value>
         <object_component_ref idref="oc-1be"/>
      </symbol>
      <symbol id="sm-2a2">
         <name>__aeabi_fcmpeq</name>
         <value>0x3d9d</value>
         <object_component_ref idref="oc-aa"/>
      </symbol>
      <symbol id="sm-2a3">
         <name>__aeabi_fcmplt</name>
         <value>0x3db1</value>
         <object_component_ref idref="oc-aa"/>
      </symbol>
      <symbol id="sm-2a4">
         <name>__aeabi_fcmple</name>
         <value>0x3dc5</value>
         <object_component_ref idref="oc-aa"/>
      </symbol>
      <symbol id="sm-2a5">
         <name>__aeabi_fcmpge</name>
         <value>0x3dd9</value>
         <object_component_ref idref="oc-aa"/>
      </symbol>
      <symbol id="sm-2a6">
         <name>__aeabi_fcmpgt</name>
         <value>0x3ded</value>
         <object_component_ref idref="oc-aa"/>
      </symbol>
      <symbol id="sm-2ac">
         <name>__aeabi_idiv</name>
         <value>0x4031</value>
         <object_component_ref idref="oc-8f"/>
      </symbol>
      <symbol id="sm-2ad">
         <name>__aeabi_idivmod</name>
         <value>0x4031</value>
         <object_component_ref idref="oc-8f"/>
      </symbol>
      <symbol id="sm-2b3">
         <name>__aeabi_memcpy</name>
         <value>0x46a5</value>
         <object_component_ref idref="oc-4e"/>
      </symbol>
      <symbol id="sm-2b4">
         <name>__aeabi_memcpy4</name>
         <value>0x46a5</value>
         <object_component_ref idref="oc-4e"/>
      </symbol>
      <symbol id="sm-2b5">
         <name>__aeabi_memcpy8</name>
         <value>0x46a5</value>
         <object_component_ref idref="oc-4e"/>
      </symbol>
      <symbol id="sm-2be">
         <name>__aeabi_memset</name>
         <value>0x4651</value>
         <object_component_ref idref="oc-1a5"/>
      </symbol>
      <symbol id="sm-2bf">
         <name>__aeabi_memset4</name>
         <value>0x4651</value>
         <object_component_ref idref="oc-1a5"/>
      </symbol>
      <symbol id="sm-2c0">
         <name>__aeabi_memset8</name>
         <value>0x4651</value>
         <object_component_ref idref="oc-1a5"/>
      </symbol>
      <symbol id="sm-2c1">
         <name>__aeabi_memclr</name>
         <value>0x467d</value>
         <object_component_ref idref="oc-7b"/>
      </symbol>
      <symbol id="sm-2c2">
         <name>__aeabi_memclr4</name>
         <value>0x467d</value>
         <object_component_ref idref="oc-7b"/>
      </symbol>
      <symbol id="sm-2c3">
         <name>__aeabi_memclr8</name>
         <value>0x467d</value>
         <object_component_ref idref="oc-7b"/>
      </symbol>
      <symbol id="sm-2c9">
         <name>__aeabi_uidiv</name>
         <value>0x41b5</value>
         <object_component_ref idref="oc-1ab"/>
      </symbol>
      <symbol id="sm-2ca">
         <name>__aeabi_uidivmod</name>
         <value>0x41b5</value>
         <object_component_ref idref="oc-1ab"/>
      </symbol>
      <symbol id="sm-2d0">
         <name>__aeabi_uldivmod</name>
         <value>0x45e9</value>
         <object_component_ref idref="oc-1c3"/>
      </symbol>
      <symbol id="sm-2d9">
         <name>__eqsf2</name>
         <value>0x4325</value>
         <object_component_ref idref="oc-11f"/>
      </symbol>
      <symbol id="sm-2da">
         <name>__lesf2</name>
         <value>0x4325</value>
         <object_component_ref idref="oc-11f"/>
      </symbol>
      <symbol id="sm-2db">
         <name>__ltsf2</name>
         <value>0x4325</value>
         <object_component_ref idref="oc-11f"/>
      </symbol>
      <symbol id="sm-2dc">
         <name>__nesf2</name>
         <value>0x4325</value>
         <object_component_ref idref="oc-11f"/>
      </symbol>
      <symbol id="sm-2dd">
         <name>__cmpsf2</name>
         <value>0x4325</value>
         <object_component_ref idref="oc-11f"/>
      </symbol>
      <symbol id="sm-2de">
         <name>__gtsf2</name>
         <value>0x42ad</value>
         <object_component_ref idref="oc-124"/>
      </symbol>
      <symbol id="sm-2df">
         <name>__gesf2</name>
         <value>0x42ad</value>
         <object_component_ref idref="oc-124"/>
      </symbol>
      <symbol id="sm-2e5">
         <name>__udivmoddi4</name>
         <value>0x39ed</value>
         <object_component_ref idref="oc-1df"/>
      </symbol>
      <symbol id="sm-2eb">
         <name>__aeabi_llsl</name>
         <value>0x4545</value>
         <object_component_ref idref="oc-214"/>
      </symbol>
      <symbol id="sm-2ec">
         <name>__ashldi3</name>
         <value>0x4545</value>
         <object_component_ref idref="oc-214"/>
      </symbol>
      <symbol id="sm-2f9">
         <name>__aeabi_idiv0</name>
         <value>0x435f</value>
         <object_component_ref idref="oc-117"/>
      </symbol>
      <symbol id="sm-2fa">
         <name>__aeabi_ldiv0</name>
         <value>0x439b</value>
         <object_component_ref idref="oc-213"/>
      </symbol>
      <symbol id="sm-314">
         <name>memcpy</name>
         <value>0x3a8f</value>
         <object_component_ref idref="oc-c4"/>
      </symbol>
      <symbol id="sm-323">
         <name>memset</name>
         <value>0x3dff</value>
         <object_component_ref idref="oc-134"/>
      </symbol>
      <symbol id="sm-324">
         <name>__TI_static_base__</name>
         <value>0x0</value>
      </symbol>
      <symbol id="sm-327">
         <name>__mpu_init</name>
         <value>0x0</value>
      </symbol>
      <symbol id="sm-328">
         <name>_system_post_cinit</name>
         <value>0x0</value>
      </symbol>
   </symbol_table>
   <title>Link successful</title>
</link_info>
