<?xml version="1.0" encoding="ISO-8859-1" ?>
<link_info>
   <banner>TI ARM Clang Linker PC v4.0.4.LTS</banner>
   <copyright>Copyright (c) 1996-2018 Texas Instruments Incorporated</copyright>
   <command_line>D:\ccs\ccs\tools\compiler\ti-cgt-armllvm_4.0.4.LTS\bin\tiarmlnk -ID:\ccs\ccs\tools\compiler\ti-cgt-armllvm_4.0.4.LTS\lib -o test1.out -mtest1.map -iC:/TI/mspm0_sdk_2_10_00_04/source -iC:/Users/xing/workspace_ccstheia/test1 -iC:/Users/xing/workspace_ccstheia/test1/Debug/syscfg -iD:/ccs/ccs/tools/compiler/ti-cgt-armllvm_4.0.4.LTS/lib --diag_wrap=off --display_error_number --warn_sections --xml_link_info=test1_linkInfo.xml --rom_model ./empty.o ./ti_msp_dl_config.o ./startup_mspm0g350x_ticlang.o ./user_driver/delay.o ./user_driver/key.o ./user_driver/motor.o ./user_driver/oled.o ./user_driver/uart.o -l./device_linker.cmd -ldevice.cmd.genlibs -llibc.a --start-group -llibc++.a -llibc++abi.a -llibc.a -llibsys.a -llibsysbm.a -llibclang_rt.builtins.a -llibclang_rt.profile.a --end-group --cg_opt_level=2</command_line>
   <link_time>0x6a0db9c1</link_time>
   <link_errors>0x0</link_errors>
   <output_file>C:\Users\xing\workspace_ccstheia\test1\Debug\test1.out</output_file>
   <entry_point>
      <name>_c_int00_noargs</name>
      <address>0x4351</address>
   </entry_point>
   <input_file_list>
      <input_file id="fl-1">
         <path>C:\Users\xing\workspace_ccstheia\test1\Debug\.\</path>
         <kind>object</kind>
         <file>empty.o</file>
         <name>empty.o</name>
      </input_file>
      <input_file id="fl-2">
         <path>C:\Users\xing\workspace_ccstheia\test1\Debug\.\</path>
         <kind>object</kind>
         <file>ti_msp_dl_config.o</file>
         <name>ti_msp_dl_config.o</name>
      </input_file>
      <input_file id="fl-3">
         <path>C:\Users\xing\workspace_ccstheia\test1\Debug\.\</path>
         <kind>object</kind>
         <file>startup_mspm0g350x_ticlang.o</file>
         <name>startup_mspm0g350x_ticlang.o</name>
      </input_file>
      <input_file id="fl-4">
         <path>C:\Users\xing\workspace_ccstheia\test1\Debug\.\user_driver\</path>
         <kind>object</kind>
         <file>delay.o</file>
         <name>delay.o</name>
      </input_file>
      <input_file id="fl-5">
         <path>C:\Users\xing\workspace_ccstheia\test1\Debug\.\user_driver\</path>
         <kind>object</kind>
         <file>key.o</file>
         <name>key.o</name>
      </input_file>
      <input_file id="fl-6">
         <path>C:\Users\xing\workspace_ccstheia\test1\Debug\.\user_driver\</path>
         <kind>object</kind>
         <file>motor.o</file>
         <name>motor.o</name>
      </input_file>
      <input_file id="fl-7">
         <path>C:\Users\xing\workspace_ccstheia\test1\Debug\.\user_driver\</path>
         <kind>object</kind>
         <file>oled.o</file>
         <name>oled.o</name>
      </input_file>
      <input_file id="fl-8">
         <path>C:\Users\xing\workspace_ccstheia\test1\Debug\.\user_driver\</path>
         <kind>object</kind>
         <file>uart.o</file>
         <name>uart.o</name>
      </input_file>
      <input_file id="fl-15">
         <path>C:\Users\xing\workspace_ccstheia\test1\Debug\</path>
         <kind>object</kind>
         <file>&lt;internal&gt;</file>
         <name>&lt;internal&gt;</name>
      </input_file>
      <input_file id="fl-16">
         <path>C:\TI\mspm0_sdk_2_10_00_04\source\ti\driverlib\lib\ticlang\m0p\mspm0g1x0x_g3x0x\</path>
         <kind>archive</kind>
         <file>driverlib.a</file>
         <name>dl_common.o</name>
      </input_file>
      <input_file id="fl-17">
         <path>C:\TI\mspm0_sdk_2_10_00_04\source\ti\driverlib\lib\ticlang\m0p\mspm0g1x0x_g3x0x\</path>
         <kind>archive</kind>
         <file>driverlib.a</file>
         <name>dl_i2c.o</name>
      </input_file>
      <input_file id="fl-18">
         <path>C:\TI\mspm0_sdk_2_10_00_04\source\ti\driverlib\lib\ticlang\m0p\mspm0g1x0x_g3x0x\</path>
         <kind>archive</kind>
         <file>driverlib.a</file>
         <name>dl_timer.o</name>
      </input_file>
      <input_file id="fl-19">
         <path>C:\TI\mspm0_sdk_2_10_00_04\source\ti\driverlib\lib\ticlang\m0p\mspm0g1x0x_g3x0x\</path>
         <kind>archive</kind>
         <file>driverlib.a</file>
         <name>dl_uart.o</name>
      </input_file>
      <input_file id="fl-30">
         <path>D:\ccs\ccs\tools\compiler\ti-cgt-armllvm_4.0.4.LTS\lib\armv6m-ti-none-eabi\c\</path>
         <kind>archive</kind>
         <file>libc.a</file>
         <name>sprintf.c.obj</name>
      </input_file>
      <input_file id="fl-31">
         <path>D:\ccs\ccs\tools\compiler\ti-cgt-armllvm_4.0.4.LTS\lib\armv6m-ti-none-eabi\c\</path>
         <kind>archive</kind>
         <file>libc.a</file>
         <name>boot_cortex_m.c.obj</name>
      </input_file>
      <input_file id="fl-32">
         <path>D:\ccs\ccs\tools\compiler\ti-cgt-armllvm_4.0.4.LTS\lib\armv6m-ti-none-eabi\c\</path>
         <kind>archive</kind>
         <file>libc.a</file>
         <name>mathacl_init.c.obj</name>
      </input_file>
      <input_file id="fl-33">
         <path>D:\ccs\ccs\tools\compiler\ti-cgt-armllvm_4.0.4.LTS\lib\armv6m-ti-none-eabi\c\</path>
         <kind>archive</kind>
         <file>libc.a</file>
         <name>autoinit.c.obj</name>
      </input_file>
      <input_file id="fl-34">
         <path>D:\ccs\ccs\tools\compiler\ti-cgt-armllvm_4.0.4.LTS\lib\armv6m-ti-none-eabi\c\</path>
         <kind>archive</kind>
         <file>libc.a</file>
         <name>pre_init.c.obj</name>
      </input_file>
      <input_file id="fl-35">
         <path>D:\ccs\ccs\tools\compiler\ti-cgt-armllvm_4.0.4.LTS\lib\armv6m-ti-none-eabi\c\</path>
         <kind>archive</kind>
         <file>libc.a</file>
         <name>cpy_tbl.c.obj</name>
      </input_file>
      <input_file id="fl-36">
         <path>D:\ccs\ccs\tools\compiler\ti-cgt-armllvm_4.0.4.LTS\lib\armv6m-ti-none-eabi\c\</path>
         <kind>archive</kind>
         <file>libc.a</file>
         <name>copy_zero_init.c.obj</name>
      </input_file>
      <input_file id="fl-37">
         <path>D:\ccs\ccs\tools\compiler\ti-cgt-armllvm_4.0.4.LTS\lib\armv6m-ti-none-eabi\c\</path>
         <kind>archive</kind>
         <file>libc.a</file>
         <name>copy_decompress_none.c.obj</name>
      </input_file>
      <input_file id="fl-38">
         <path>D:\ccs\ccs\tools\compiler\ti-cgt-armllvm_4.0.4.LTS\lib\armv6m-ti-none-eabi\c\</path>
         <kind>archive</kind>
         <file>libc.a</file>
         <name>copy_decompress_lzss.c.obj</name>
      </input_file>
      <input_file id="fl-39">
         <path>D:\ccs\ccs\tools\compiler\ti-cgt-armllvm_4.0.4.LTS\lib\armv6m-ti-none-eabi\c\</path>
         <kind>archive</kind>
         <file>libc.a</file>
         <name>_printfi.c.obj</name>
      </input_file>
      <input_file id="fl-3a">
         <path>D:\ccs\ccs\tools\compiler\ti-cgt-armllvm_4.0.4.LTS\lib\armv6m-ti-none-eabi\c\</path>
         <kind>archive</kind>
         <file>libc.a</file>
         <name>aeabi_portable.c.obj</name>
      </input_file>
      <input_file id="fl-3b">
         <path>D:\ccs\ccs\tools\compiler\ti-cgt-armllvm_4.0.4.LTS\lib\armv6m-ti-none-eabi\c\</path>
         <kind>archive</kind>
         <file>libc.a</file>
         <name>exit.c.obj</name>
      </input_file>
      <input_file id="fl-3c">
         <path>D:\ccs\ccs\tools\compiler\ti-cgt-armllvm_4.0.4.LTS\lib\armv6m-ti-none-eabi\c\</path>
         <kind>archive</kind>
         <file>libc.a</file>
         <name>_lock.c.obj</name>
      </input_file>
      <input_file id="fl-3d">
         <path>D:\ccs\ccs\tools\compiler\ti-cgt-armllvm_4.0.4.LTS\lib\armv6m-ti-none-eabi\c\</path>
         <kind>archive</kind>
         <file>libc.a</file>
         <name>_ltoa.c.obj</name>
      </input_file>
      <input_file id="fl-3e">
         <path>D:\ccs\ccs\tools\compiler\ti-cgt-armllvm_4.0.4.LTS\lib\armv6m-ti-none-eabi\c\</path>
         <kind>archive</kind>
         <file>libc.a</file>
         <name>args_main.c.obj</name>
      </input_file>
      <input_file id="fl-3f">
         <path>D:\ccs\ccs\tools\compiler\ti-cgt-armllvm_4.0.4.LTS\lib\armv6m-ti-none-eabi\c\</path>
         <kind>archive</kind>
         <file>libc.a</file>
         <name>assert.c.obj</name>
      </input_file>
      <input_file id="fl-40">
         <path>D:\ccs\ccs\tools\compiler\ti-cgt-armllvm_4.0.4.LTS\lib\armv6m-ti-none-eabi\c\</path>
         <kind>archive</kind>
         <file>libc.a</file>
         <name>atoi.c.obj</name>
      </input_file>
      <input_file id="fl-41">
         <path>D:\ccs\ccs\tools\compiler\ti-cgt-armllvm_4.0.4.LTS\lib\armv6m-ti-none-eabi\c\</path>
         <kind>archive</kind>
         <file>libc.a</file>
         <name>defs.c.obj</name>
      </input_file>
      <input_file id="fl-42">
         <path>D:\ccs\ccs\tools\compiler\ti-cgt-armllvm_4.0.4.LTS\lib\armv6m-ti-none-eabi\c\</path>
         <kind>archive</kind>
         <file>libc.a</file>
         <name>memccpy.c.obj</name>
      </input_file>
      <input_file id="fl-43">
         <path>D:\ccs\ccs\tools\compiler\ti-cgt-armllvm_4.0.4.LTS\lib\armv6m-ti-none-eabi\c\</path>
         <kind>archive</kind>
         <file>libc.a</file>
         <name>memory.c.obj</name>
      </input_file>
      <input_file id="fl-44">
         <path>D:\ccs\ccs\tools\compiler\ti-cgt-armllvm_4.0.4.LTS\lib\armv6m-ti-none-eabi\c\</path>
         <kind>archive</kind>
         <file>libc.a</file>
         <name>s_frexp.c.obj</name>
      </input_file>
      <input_file id="fl-45">
         <path>D:\ccs\ccs\tools\compiler\ti-cgt-armllvm_4.0.4.LTS\lib\armv6m-ti-none-eabi\c\</path>
         <kind>archive</kind>
         <file>libc.a</file>
         <name>s_scalbn.c.obj</name>
      </input_file>
      <input_file id="fl-46">
         <path>D:\ccs\ccs\tools\compiler\ti-cgt-armllvm_4.0.4.LTS\lib\armv6m-ti-none-eabi\c\</path>
         <kind>archive</kind>
         <file>libc.a</file>
         <name>wcslen.c.obj</name>
      </input_file>
      <input_file id="fl-47">
         <path>D:\ccs\ccs\tools\compiler\ti-cgt-armllvm_4.0.4.LTS\lib\armv6m-ti-none-eabi\c\</path>
         <kind>archive</kind>
         <file>libc.a</file>
         <name>fflush.c.obj</name>
      </input_file>
      <input_file id="fl-48">
         <path>D:\ccs\ccs\tools\compiler\ti-cgt-armllvm_4.0.4.LTS\lib\armv6m-ti-none-eabi\c\</path>
         <kind>archive</kind>
         <file>libc.a</file>
         <name>fputs.c.obj</name>
      </input_file>
      <input_file id="fl-49">
         <path>D:\ccs\ccs\tools\compiler\ti-cgt-armllvm_4.0.4.LTS\lib\armv6m-ti-none-eabi\c\</path>
         <kind>archive</kind>
         <file>libc.a</file>
         <name>_io_perm.c.obj</name>
      </input_file>
      <input_file id="fl-4a">
         <path>D:\ccs\ccs\tools\compiler\ti-cgt-armllvm_4.0.4.LTS\lib\armv6m-ti-none-eabi\c\</path>
         <kind>archive</kind>
         <file>libc.a</file>
         <name>setvbuf.c.obj</name>
      </input_file>
      <input_file id="fl-4b">
         <path>D:\ccs\ccs\tools\compiler\ti-cgt-armllvm_4.0.4.LTS\lib\armv6m-ti-none-eabi\c\</path>
         <kind>archive</kind>
         <file>libc.a</file>
         <name>aeabi_ctype.S.obj</name>
      </input_file>
      <input_file id="fl-4c">
         <path>D:\ccs\ccs\tools\compiler\ti-cgt-armllvm_4.0.4.LTS\lib\armv6m-ti-none-eabi\c\</path>
         <kind>archive</kind>
         <file>libc.a</file>
         <name>fopen.c.obj</name>
      </input_file>
      <input_file id="fl-4d">
         <path>D:\ccs\ccs\tools\compiler\ti-cgt-armllvm_4.0.4.LTS\lib\armv6m-ti-none-eabi\c\</path>
         <kind>archive</kind>
         <file>libc.a</file>
         <name>fseek.c.obj</name>
      </input_file>
      <input_file id="fl-4e">
         <path>D:\ccs\ccs\tools\compiler\ti-cgt-armllvm_4.0.4.LTS\lib\armv6m-ti-none-eabi\c\</path>
         <kind>archive</kind>
         <file>libc.a</file>
         <name>fclose.c.obj</name>
      </input_file>
      <input_file id="fl-ee">
         <path>D:\ccs\ccs\tools\compiler\ti-cgt-armllvm_4.0.4.LTS\lib\armv6m-ti-none-eabi\c\</path>
         <kind>archive</kind>
         <file>libsysbm.a</file>
         <name>hostexit.c.obj</name>
      </input_file>
      <input_file id="fl-ef">
         <path>D:\ccs\ccs\tools\compiler\ti-cgt-armllvm_4.0.4.LTS\lib\armv6m-ti-none-eabi\c\</path>
         <kind>archive</kind>
         <file>libsysbm.a</file>
         <name>write.c.obj</name>
      </input_file>
      <input_file id="fl-f0">
         <path>D:\ccs\ccs\tools\compiler\ti-cgt-armllvm_4.0.4.LTS\lib\armv6m-ti-none-eabi\c\</path>
         <kind>archive</kind>
         <file>libsysbm.a</file>
         <name>host_device.c.obj</name>
      </input_file>
      <input_file id="fl-f1">
         <path>D:\ccs\ccs\tools\compiler\ti-cgt-armllvm_4.0.4.LTS\lib\armv6m-ti-none-eabi\c\</path>
         <kind>archive</kind>
         <file>libsysbm.a</file>
         <name>remove.c.obj</name>
      </input_file>
      <input_file id="fl-f2">
         <path>D:\ccs\ccs\tools\compiler\ti-cgt-armllvm_4.0.4.LTS\lib\armv6m-ti-none-eabi\c\</path>
         <kind>archive</kind>
         <file>libsysbm.a</file>
         <name>open.c.obj</name>
      </input_file>
      <input_file id="fl-f3">
         <path>D:\ccs\ccs\tools\compiler\ti-cgt-armllvm_4.0.4.LTS\lib\armv6m-ti-none-eabi\c\</path>
         <kind>archive</kind>
         <file>libsysbm.a</file>
         <name>lseek.c.obj</name>
      </input_file>
      <input_file id="fl-f4">
         <path>D:\ccs\ccs\tools\compiler\ti-cgt-armllvm_4.0.4.LTS\lib\armv6m-ti-none-eabi\c\</path>
         <kind>archive</kind>
         <file>libsysbm.a</file>
         <name>close.c.obj</name>
      </input_file>
      <input_file id="fl-f5">
         <path>D:\ccs\ccs\tools\compiler\ti-cgt-armllvm_4.0.4.LTS\lib\armv6m-ti-none-eabi\c\</path>
         <kind>archive</kind>
         <file>libsysbm.a</file>
         <name>unlink.c.obj</name>
      </input_file>
      <input_file id="fl-f6">
         <path>D:\ccs\ccs\tools\compiler\ti-cgt-armllvm_4.0.4.LTS\lib\armv6m-ti-none-eabi\c\</path>
         <kind>archive</kind>
         <file>libsysbm.a</file>
         <name>hostclose.c.obj</name>
      </input_file>
      <input_file id="fl-f7">
         <path>D:\ccs\ccs\tools\compiler\ti-cgt-armllvm_4.0.4.LTS\lib\armv6m-ti-none-eabi\c\</path>
         <kind>archive</kind>
         <file>libsysbm.a</file>
         <name>hostlseek.c.obj</name>
      </input_file>
      <input_file id="fl-f8">
         <path>D:\ccs\ccs\tools\compiler\ti-cgt-armllvm_4.0.4.LTS\lib\armv6m-ti-none-eabi\c\</path>
         <kind>archive</kind>
         <file>libsysbm.a</file>
         <name>hostopen.c.obj</name>
      </input_file>
      <input_file id="fl-f9">
         <path>D:\ccs\ccs\tools\compiler\ti-cgt-armllvm_4.0.4.LTS\lib\armv6m-ti-none-eabi\c\</path>
         <kind>archive</kind>
         <file>libsysbm.a</file>
         <name>hostread.c.obj</name>
      </input_file>
      <input_file id="fl-fa">
         <path>D:\ccs\ccs\tools\compiler\ti-cgt-armllvm_4.0.4.LTS\lib\armv6m-ti-none-eabi\c\</path>
         <kind>archive</kind>
         <file>libsysbm.a</file>
         <name>hostrename.c.obj</name>
      </input_file>
      <input_file id="fl-fb">
         <path>D:\ccs\ccs\tools\compiler\ti-cgt-armllvm_4.0.4.LTS\lib\armv6m-ti-none-eabi\c\</path>
         <kind>archive</kind>
         <file>libsysbm.a</file>
         <name>hostunlink.c.obj</name>
      </input_file>
      <input_file id="fl-fc">
         <path>D:\ccs\ccs\tools\compiler\ti-cgt-armllvm_4.0.4.LTS\lib\armv6m-ti-none-eabi\c\</path>
         <kind>archive</kind>
         <file>libsysbm.a</file>
         <name>hostwrite.c.obj</name>
      </input_file>
      <input_file id="fl-fd">
         <path>D:\ccs\ccs\tools\compiler\ti-cgt-armllvm_4.0.4.LTS\lib\armv6m-ti-none-eabi\c\</path>
         <kind>archive</kind>
         <file>libsysbm.a</file>
         <name>trgmsg.c.obj</name>
      </input_file>
      <input_file id="fl-fe">
         <path>D:\ccs\ccs\tools\compiler\ti-cgt-armllvm_4.0.4.LTS\lib\armv6m-ti-none-eabi\</path>
         <kind>archive</kind>
         <file>libclang_rt.builtins.a</file>
         <name>addsf3.S.obj</name>
      </input_file>
      <input_file id="fl-ff">
         <path>D:\ccs\ccs\tools\compiler\ti-cgt-armllvm_4.0.4.LTS\lib\armv6m-ti-none-eabi\</path>
         <kind>archive</kind>
         <file>libclang_rt.builtins.a</file>
         <name>adddf3.S.obj</name>
      </input_file>
      <input_file id="fl-100">
         <path>D:\ccs\ccs\tools\compiler\ti-cgt-armllvm_4.0.4.LTS\lib\armv6m-ti-none-eabi\</path>
         <kind>archive</kind>
         <file>libclang_rt.builtins.a</file>
         <name>muldf3.S.obj</name>
      </input_file>
      <input_file id="fl-101">
         <path>D:\ccs\ccs\tools\compiler\ti-cgt-armllvm_4.0.4.LTS\lib\armv6m-ti-none-eabi\</path>
         <kind>archive</kind>
         <file>libclang_rt.builtins.a</file>
         <name>muldsi3.S.obj</name>
      </input_file>
      <input_file id="fl-102">
         <path>D:\ccs\ccs\tools\compiler\ti-cgt-armllvm_4.0.4.LTS\lib\armv6m-ti-none-eabi\</path>
         <kind>archive</kind>
         <file>libclang_rt.builtins.a</file>
         <name>mulsf3.S.obj</name>
      </input_file>
      <input_file id="fl-103">
         <path>D:\ccs\ccs\tools\compiler\ti-cgt-armllvm_4.0.4.LTS\lib\armv6m-ti-none-eabi\</path>
         <kind>archive</kind>
         <file>libclang_rt.builtins.a</file>
         <name>divdf3.S.obj</name>
      </input_file>
      <input_file id="fl-104">
         <path>D:\ccs\ccs\tools\compiler\ti-cgt-armllvm_4.0.4.LTS\lib\armv6m-ti-none-eabi\</path>
         <kind>archive</kind>
         <file>libclang_rt.builtins.a</file>
         <name>fixdfsi.S.obj</name>
      </input_file>
      <input_file id="fl-105">
         <path>D:\ccs\ccs\tools\compiler\ti-cgt-armllvm_4.0.4.LTS\lib\armv6m-ti-none-eabi\</path>
         <kind>archive</kind>
         <file>libclang_rt.builtins.a</file>
         <name>fixsfsi.S.obj</name>
      </input_file>
      <input_file id="fl-106">
         <path>D:\ccs\ccs\tools\compiler\ti-cgt-armllvm_4.0.4.LTS\lib\armv6m-ti-none-eabi\</path>
         <kind>archive</kind>
         <file>libclang_rt.builtins.a</file>
         <name>floatsidf.S.obj</name>
      </input_file>
      <input_file id="fl-107">
         <path>D:\ccs\ccs\tools\compiler\ti-cgt-armllvm_4.0.4.LTS\lib\armv6m-ti-none-eabi\</path>
         <kind>archive</kind>
         <file>libclang_rt.builtins.a</file>
         <name>floatsisf.S.obj</name>
      </input_file>
      <input_file id="fl-108">
         <path>D:\ccs\ccs\tools\compiler\ti-cgt-armllvm_4.0.4.LTS\lib\armv6m-ti-none-eabi\</path>
         <kind>archive</kind>
         <file>libclang_rt.builtins.a</file>
         <name>muldi3.S.obj</name>
      </input_file>
      <input_file id="fl-109">
         <path>D:\ccs\ccs\tools\compiler\ti-cgt-armllvm_4.0.4.LTS\lib\armv6m-ti-none-eabi\</path>
         <kind>archive</kind>
         <file>libclang_rt.builtins.a</file>
         <name>aeabi_dcmp.S.obj</name>
      </input_file>
      <input_file id="fl-10a">
         <path>D:\ccs\ccs\tools\compiler\ti-cgt-armllvm_4.0.4.LTS\lib\armv6m-ti-none-eabi\</path>
         <kind>archive</kind>
         <file>libclang_rt.builtins.a</file>
         <name>aeabi_fcmp.S.obj</name>
      </input_file>
      <input_file id="fl-10b">
         <path>D:\ccs\ccs\tools\compiler\ti-cgt-armllvm_4.0.4.LTS\lib\armv6m-ti-none-eabi\</path>
         <kind>archive</kind>
         <file>libclang_rt.builtins.a</file>
         <name>aeabi_idivmod.S.obj</name>
      </input_file>
      <input_file id="fl-10c">
         <path>D:\ccs\ccs\tools\compiler\ti-cgt-armllvm_4.0.4.LTS\lib\armv6m-ti-none-eabi\</path>
         <kind>archive</kind>
         <file>libclang_rt.builtins.a</file>
         <name>aeabi_memcpy.S.obj</name>
      </input_file>
      <input_file id="fl-10d">
         <path>D:\ccs\ccs\tools\compiler\ti-cgt-armllvm_4.0.4.LTS\lib\armv6m-ti-none-eabi\</path>
         <kind>archive</kind>
         <file>libclang_rt.builtins.a</file>
         <name>aeabi_memset.S.obj</name>
      </input_file>
      <input_file id="fl-10e">
         <path>D:\ccs\ccs\tools\compiler\ti-cgt-armllvm_4.0.4.LTS\lib\armv6m-ti-none-eabi\</path>
         <kind>archive</kind>
         <file>libclang_rt.builtins.a</file>
         <name>aeabi_uidivmod.S.obj</name>
      </input_file>
      <input_file id="fl-10f">
         <path>D:\ccs\ccs\tools\compiler\ti-cgt-armllvm_4.0.4.LTS\lib\armv6m-ti-none-eabi\</path>
         <kind>archive</kind>
         <file>libclang_rt.builtins.a</file>
         <name>aeabi_uldivmod.S.obj</name>
      </input_file>
      <input_file id="fl-110">
         <path>D:\ccs\ccs\tools\compiler\ti-cgt-armllvm_4.0.4.LTS\lib\armv6m-ti-none-eabi\</path>
         <kind>archive</kind>
         <file>libclang_rt.builtins.a</file>
         <name>comparesf2.S.obj</name>
      </input_file>
      <input_file id="fl-111">
         <path>D:\ccs\ccs\tools\compiler\ti-cgt-armllvm_4.0.4.LTS\lib\armv6m-ti-none-eabi\</path>
         <kind>archive</kind>
         <file>libclang_rt.builtins.a</file>
         <name>udivmoddi4.S.obj</name>
      </input_file>
      <input_file id="fl-112">
         <path>D:\ccs\ccs\tools\compiler\ti-cgt-armllvm_4.0.4.LTS\lib\armv6m-ti-none-eabi\</path>
         <kind>archive</kind>
         <file>libclang_rt.builtins.a</file>
         <name>ashldi3.S.obj</name>
      </input_file>
      <input_file id="fl-113">
         <path>D:\ccs\ccs\tools\compiler\ti-cgt-armllvm_4.0.4.LTS\lib\armv6m-ti-none-eabi\</path>
         <kind>archive</kind>
         <file>libclang_rt.builtins.a</file>
         <name>comparedf2.c.obj</name>
      </input_file>
      <input_file id="fl-114">
         <path>D:\ccs\ccs\tools\compiler\ti-cgt-armllvm_4.0.4.LTS\lib\armv6m-ti-none-eabi\</path>
         <kind>archive</kind>
         <file>libclang_rt.builtins.a</file>
         <name>aeabi_div0.c.obj</name>
      </input_file>
      <input_file id="fl-115">
         <path>D:\ccs\ccs\tools\compiler\ti-cgt-armllvm_4.0.4.LTS\lib\armv6m-ti-none-eabi\c\</path>
         <kind>archive</kind>
         <file>libc.a</file>
         <name>getdevice.c.obj</name>
      </input_file>
      <input_file id="fl-116">
         <path>D:\ccs\ccs\tools\compiler\ti-cgt-armllvm_4.0.4.LTS\lib\armv6m-ti-none-eabi\c\</path>
         <kind>archive</kind>
         <file>libc.a</file>
         <name>memcpy16.S.obj</name>
      </input_file>
      <input_file id="fl-117">
         <path>D:\ccs\ccs\tools\compiler\ti-cgt-armllvm_4.0.4.LTS\lib\armv6m-ti-none-eabi\c\</path>
         <kind>archive</kind>
         <file>libc.a</file>
         <name>memset16.S.obj</name>
      </input_file>
      <input_file id="fl-118">
         <path>D:\ccs\ccs\tools\compiler\ti-cgt-armllvm_4.0.4.LTS\lib\armv6m-ti-none-eabi\c\</path>
         <kind>archive</kind>
         <file>libc.a</file>
         <name>strcmp-armv6m.S.obj</name>
      </input_file>
   </input_file_list>
   <object_component_list>
      <object_component id="oc-18">
         <name>.intvecs</name>
         <load_address>0x0</load_address>
         <readonly>true</readonly>
         <run_address>0x0</run_address>
         <size>0xc0</size>
         <alignment>0x4</alignment>
         <input_file_ref idref="fl-3"/>
      </object_component>
      <object_component id="oc-cd">
         <name>.text.OLED_Init</name>
         <load_address>0xc0</load_address>
         <readonly>true</readonly>
         <executable>true</executable>
         <run_address>0xc0</run_address>
         <size>0x15f4</size>
         <alignment>0x4</alignment>
         <input_file_ref idref="fl-7"/>
      </object_component>
      <object_component id="oc-d3">
         <name>.text.OLED_Clear</name>
         <load_address>0x16b4</load_address>
         <readonly>true</readonly>
         <executable>true</executable>
         <run_address>0x16b4</run_address>
         <size>0xa90</size>
         <alignment>0x4</alignment>
         <input_file_ref idref="fl-7"/>
      </object_component>
      <object_component id="oc-186">
         <name>.text:__TI_printfi_nofloat</name>
         <load_address>0x2144</load_address>
         <readonly>true</readonly>
         <executable>true</executable>
         <run_address>0x2144</run_address>
         <size>0x868</size>
         <alignment>0x4</alignment>
         <input_file_ref idref="fl-39"/>
      </object_component>
      <object_component id="oc-84">
         <name>.text.main</name>
         <load_address>0x29ac</load_address>
         <readonly>true</readonly>
         <executable>true</executable>
         <run_address>0x29ac</run_address>
         <size>0x2fc</size>
         <alignment>0x4</alignment>
         <input_file_ref idref="fl-1"/>
      </object_component>
      <object_component id="oc-d4">
         <name>.text.OLED_ShowString</name>
         <load_address>0x2ca8</load_address>
         <readonly>true</readonly>
         <executable>true</executable>
         <run_address>0x2ca8</run_address>
         <size>0x260</size>
         <alignment>0x4</alignment>
         <input_file_ref idref="fl-7"/>
      </object_component>
      <object_component id="oc-d5">
         <name>.text.OLED_Refresh</name>
         <load_address>0x2f08</load_address>
         <readonly>true</readonly>
         <executable>true</executable>
         <run_address>0x2f08</run_address>
         <size>0x250</size>
         <alignment>0x4</alignment>
         <input_file_ref idref="fl-7"/>
      </object_component>
      <object_component id="oc-71">
         <name>.text.Motor_Control_Loop</name>
         <load_address>0x3158</load_address>
         <readonly>true</readonly>
         <executable>true</executable>
         <run_address>0x3158</run_address>
         <size>0x194</size>
         <alignment>0x4</alignment>
         <input_file_ref idref="fl-6"/>
      </object_component>
      <object_component id="oc-6e">
         <name>.text.Track_Task</name>
         <load_address>0x32ec</load_address>
         <readonly>true</readonly>
         <executable>true</executable>
         <run_address>0x32ec</run_address>
         <size>0x140</size>
         <alignment>0x4</alignment>
         <input_file_ref idref="fl-1"/>
      </object_component>
      <object_component id="oc-12b">
         <name>.text.SYSCFG_DL_GPIO_init</name>
         <load_address>0x342c</load_address>
         <readonly>true</readonly>
         <executable>true</executable>
         <run_address>0x342c</run_address>
         <size>0x124</size>
         <alignment>0x4</alignment>
         <input_file_ref idref="fl-2"/>
      </object_component>
      <object_component id="oc-a0">
         <name>.text.pid_calc</name>
         <load_address>0x3550</load_address>
         <readonly>true</readonly>
         <executable>true</executable>
         <run_address>0x3550</run_address>
         <size>0x120</size>
         <alignment>0x4</alignment>
         <input_file_ref idref="fl-6"/>
      </object_component>
      <object_component id="oc-168">
         <name>.text.DL_Timer_initFourCCPWMMode</name>
         <load_address>0x3670</load_address>
         <readonly>true</readonly>
         <executable>true</executable>
         <run_address>0x3670</run_address>
         <size>0x104</size>
         <alignment>0x4</alignment>
         <input_file_ref idref="fl-18"/>
      </object_component>
      <object_component id="oc-16d">
         <name>.text.DL_Timer_initTimerMode</name>
         <load_address>0x3774</load_address>
         <readonly>true</readonly>
         <executable>true</executable>
         <run_address>0x3774</run_address>
         <size>0xfc</size>
         <alignment>0x4</alignment>
         <input_file_ref idref="fl-18"/>
      </object_component>
      <object_component id="oc-a5">
         <name>.text</name>
         <load_address>0x3870</load_address>
         <readonly>true</readonly>
         <executable>true</executable>
         <run_address>0x3870</run_address>
         <size>0xd8</size>
         <alignment>0x4</alignment>
         <input_file_ref idref="fl-fe"/>
      </object_component>
      <object_component id="oc-1d0">
         <name>.text</name>
         <load_address>0x3948</load_address>
         <readonly>true</readonly>
         <executable>true</executable>
         <run_address>0x3948</run_address>
         <size>0xa2</size>
         <alignment>0x4</alignment>
         <input_file_ref idref="fl-111"/>
      </object_component>
      <object_component id="oc-c3">
         <name>.text:memcpy</name>
         <load_address>0x39ea</load_address>
         <readonly>true</readonly>
         <executable>true</executable>
         <run_address>0x39ea</run_address>
         <size>0x9a</size>
         <alignment>0x1</alignment>
         <input_file_ref idref="fl-116"/>
      </object_component>
      <object_component id="oc-12e">
         <name>.text.SYSCFG_DL_PWM_0_init</name>
         <load_address>0x3a84</load_address>
         <readonly>true</readonly>
         <executable>true</executable>
         <run_address>0x3a84</run_address>
         <size>0x94</size>
         <alignment>0x4</alignment>
         <input_file_ref idref="fl-2"/>
      </object_component>
      <object_component id="oc-ad">
         <name>.text.__mulsf3</name>
         <load_address>0x3b18</load_address>
         <readonly>true</readonly>
         <executable>true</executable>
         <run_address>0x3b18</run_address>
         <size>0x8c</size>
         <alignment>0x4</alignment>
         <input_file_ref idref="fl-102"/>
      </object_component>
      <object_component id="oc-1c">
         <name>.text:decompress:lzss</name>
         <load_address>0x3ba4</load_address>
         <readonly>true</readonly>
         <executable>true</executable>
         <run_address>0x3ba4</run_address>
         <size>0x7c</size>
         <alignment>0x4</alignment>
         <input_file_ref idref="fl-38"/>
      </object_component>
      <object_component id="oc-131">
         <name>.text.SYSCFG_DL_UART1_init</name>
         <load_address>0x3c20</load_address>
         <readonly>true</readonly>
         <executable>true</executable>
         <run_address>0x3c20</run_address>
         <size>0x6c</size>
         <alignment>0x4</alignment>
         <input_file_ref idref="fl-2"/>
      </object_component>
      <object_component id="oc-a9">
         <name>.text.__aeabi_fcmp</name>
         <load_address>0x3c8c</load_address>
         <readonly>true</readonly>
         <executable>true</executable>
         <run_address>0x3c8c</run_address>
         <size>0x62</size>
         <alignment>0x4</alignment>
         <input_file_ref idref="fl-10a"/>
      </object_component>
      <object_component id="oc-129">
         <name>.text:memset</name>
         <load_address>0x3cee</load_address>
         <readonly>true</readonly>
         <executable>true</executable>
         <run_address>0x3cee</run_address>
         <size>0x62</size>
         <alignment>0x1</alignment>
         <input_file_ref idref="fl-117"/>
      </object_component>
      <object_component id="oc-130">
         <name>.text.SYSCFG_DL_OLED_init</name>
         <load_address>0x3d50</load_address>
         <readonly>true</readonly>
         <executable>true</executable>
         <run_address>0x3d50</run_address>
         <size>0x60</size>
         <alignment>0x4</alignment>
         <input_file_ref idref="fl-2"/>
      </object_component>
      <object_component id="oc-137">
         <name>.text.DL_I2C_fillControllerTXFIFO</name>
         <load_address>0x3db0</load_address>
         <readonly>true</readonly>
         <executable>true</executable>
         <run_address>0x3db0</run_address>
         <size>0x5e</size>
         <alignment>0x2</alignment>
         <input_file_ref idref="fl-17"/>
      </object_component>
      <object_component id="oc-33">
         <name>.text.Default_Handler</name>
         <load_address>0x3e0e</load_address>
         <readonly>true</readonly>
         <executable>true</executable>
         <run_address>0x3e0e</run_address>
         <size>0x2</size>
         <alignment>0x2</alignment>
         <input_file_ref idref="fl-3"/>
      </object_component>
      <object_component id="oc-70">
         <name>.text.Car_SetSpeed</name>
         <load_address>0x3e10</load_address>
         <readonly>true</readonly>
         <executable>true</executable>
         <run_address>0x3e10</run_address>
         <size>0x58</size>
         <alignment>0x4</alignment>
         <input_file_ref idref="fl-6"/>
      </object_component>
      <object_component id="oc-34">
         <name>.text.GROUP1_IRQHandler</name>
         <load_address>0x3e68</load_address>
         <readonly>true</readonly>
         <executable>true</executable>
         <run_address>0x3e68</run_address>
         <size>0x58</size>
         <alignment>0x4</alignment>
         <input_file_ref idref="fl-6"/>
      </object_component>
      <object_component id="oc-8f">
         <name>.text.__aeabi_idivmod</name>
         <load_address>0x3ec0</load_address>
         <readonly>true</readonly>
         <executable>true</executable>
         <run_address>0x3ec0</run_address>
         <size>0x56</size>
         <alignment>0x4</alignment>
         <input_file_ref idref="fl-10b"/>
      </object_component>
      <object_component id="oc-132">
         <name>.text.SYSCFG_DL_SYSTICK_init</name>
         <load_address>0x3f16</load_address>
         <readonly>true</readonly>
         <executable>true</executable>
         <run_address>0x3f16</run_address>
         <size>0x2</size>
         <alignment>0x2</alignment>
         <input_file_ref idref="fl-2"/>
      </object_component>
      <object_component id="oc-12a">
         <name>.text.SYSCFG_DL_initPower</name>
         <load_address>0x3f18</load_address>
         <readonly>true</readonly>
         <executable>true</executable>
         <run_address>0x3f18</run_address>
         <size>0x54</size>
         <alignment>0x4</alignment>
         <input_file_ref idref="fl-2"/>
      </object_component>
      <object_component id="oc-3e">
         <name>.text.TIMA0_IRQHandler</name>
         <load_address>0x3f6c</load_address>
         <readonly>true</readonly>
         <executable>true</executable>
         <run_address>0x3f6c</run_address>
         <size>0x50</size>
         <alignment>0x4</alignment>
         <input_file_ref idref="fl-1"/>
      </object_component>
      <object_component id="oc-e0">
         <name>.text.KEY_Scan</name>
         <load_address>0x3fbc</load_address>
         <readonly>true</readonly>
         <executable>true</executable>
         <run_address>0x3fbc</run_address>
         <size>0x4c</size>
         <alignment>0x4</alignment>
         <input_file_ref idref="fl-5"/>
      </object_component>
      <object_component id="oc-178">
         <name>.text.DL_UART_init</name>
         <load_address>0x4008</load_address>
         <readonly>true</readonly>
         <executable>true</executable>
         <run_address>0x4008</run_address>
         <size>0x48</size>
         <alignment>0x4</alignment>
         <input_file_ref idref="fl-19"/>
      </object_component>
      <object_component id="oc-19c">
         <name>.text.__aeabi_uidivmod</name>
         <load_address>0x4050</load_address>
         <readonly>true</readonly>
         <executable>true</executable>
         <run_address>0x4050</run_address>
         <size>0x40</size>
         <alignment>0x4</alignment>
         <input_file_ref idref="fl-10e"/>
      </object_component>
      <object_component id="oc-1a2">
         <name>.text.atoi</name>
         <load_address>0x4090</load_address>
         <readonly>true</readonly>
         <executable>true</executable>
         <run_address>0x4090</run_address>
         <size>0x40</size>
         <alignment>0x4</alignment>
         <input_file_ref idref="fl-40"/>
      </object_component>
      <object_component id="oc-12c">
         <name>.text.SYSCFG_DL_SYSCTL_init</name>
         <load_address>0x40d0</load_address>
         <readonly>true</readonly>
         <executable>true</executable>
         <run_address>0x40d0</run_address>
         <size>0x3c</size>
         <alignment>0x4</alignment>
         <input_file_ref idref="fl-2"/>
      </object_component>
      <object_component id="oc-a1">
         <name>.text.__floatsisf</name>
         <load_address>0x410c</load_address>
         <readonly>true</readonly>
         <executable>true</executable>
         <run_address>0x410c</run_address>
         <size>0x3c</size>
         <alignment>0x4</alignment>
         <input_file_ref idref="fl-107"/>
      </object_component>
      <object_component id="oc-119">
         <name>.text.__gtsf2</name>
         <load_address>0x4148</load_address>
         <readonly>true</readonly>
         <executable>true</executable>
         <run_address>0x4148</run_address>
         <size>0x3c</size>
         <alignment>0x4</alignment>
         <input_file_ref idref="fl-110"/>
      </object_component>
      <object_component id="oc-fa">
         <name>.text:__TI_auto_init_nobinit_nopinit</name>
         <load_address>0x4184</load_address>
         <readonly>true</readonly>
         <executable>true</executable>
         <run_address>0x4184</run_address>
         <size>0x3c</size>
         <alignment>0x4</alignment>
         <input_file_ref idref="fl-33"/>
      </object_component>
      <object_component id="oc-114">
         <name>.text.__eqsf2</name>
         <load_address>0x41c0</load_address>
         <readonly>true</readonly>
         <executable>true</executable>
         <run_address>0x41c0</run_address>
         <size>0x3a</size>
         <alignment>0x4</alignment>
         <input_file_ref idref="fl-110"/>
      </object_component>
      <object_component id="oc-10c">
         <name>.text.__aeabi_idiv0</name>
         <load_address>0x41fa</load_address>
         <readonly>true</readonly>
         <executable>true</executable>
         <run_address>0x41fa</run_address>
         <size>0x2</size>
         <alignment>0x2</alignment>
         <input_file_ref idref="fl-114"/>
      </object_component>
      <object_component id="oc-11b">
         <name>.text.__muldsi3</name>
         <load_address>0x41fc</load_address>
         <readonly>true</readonly>
         <executable>true</executable>
         <run_address>0x41fc</run_address>
         <size>0x3a</size>
         <alignment>0x4</alignment>
         <input_file_ref idref="fl-101"/>
      </object_component>
      <object_component id="oc-204">
         <name>.text.__aeabi_ldiv0</name>
         <load_address>0x4236</load_address>
         <readonly>true</readonly>
         <executable>true</executable>
         <run_address>0x4236</run_address>
         <size>0x2</size>
         <alignment>0x2</alignment>
         <input_file_ref idref="fl-114"/>
      </object_component>
      <object_component id="oc-12f">
         <name>.text.SYSCFG_DL_TIMER_0_init</name>
         <load_address>0x4238</load_address>
         <readonly>true</readonly>
         <executable>true</executable>
         <run_address>0x4238</run_address>
         <size>0x38</size>
         <alignment>0x4</alignment>
         <input_file_ref idref="fl-2"/>
      </object_component>
      <object_component id="oc-c8">
         <name>.text.SYSCFG_DL_init</name>
         <load_address>0x4270</load_address>
         <readonly>true</readonly>
         <executable>true</executable>
         <run_address>0x4270</run_address>
         <size>0x38</size>
         <alignment>0x4</alignment>
         <input_file_ref idref="fl-2"/>
      </object_component>
      <object_component id="oc-39">
         <name>.text.UART1_IRQHandler</name>
         <load_address>0x42a8</load_address>
         <readonly>true</readonly>
         <executable>true</executable>
         <run_address>0x42a8</run_address>
         <size>0x38</size>
         <alignment>0x4</alignment>
         <input_file_ref idref="fl-8"/>
      </object_component>
      <object_component id="oc-b1">
         <name>.text.__fixsfsi</name>
         <load_address>0x42e0</load_address>
         <readonly>true</readonly>
         <executable>true</executable>
         <run_address>0x42e0</run_address>
         <size>0x38</size>
         <alignment>0x4</alignment>
         <input_file_ref idref="fl-105"/>
      </object_component>
      <object_component id="oc-da">
         <name>.text.sprintf</name>
         <load_address>0x4318</load_address>
         <readonly>true</readonly>
         <executable>true</executable>
         <run_address>0x4318</run_address>
         <size>0x38</size>
         <alignment>0x4</alignment>
         <input_file_ref idref="fl-30"/>
      </object_component>
      <object_component id="oc-5e">
         <name>.text:_c_int00_noargs</name>
         <load_address>0x4350</load_address>
         <readonly>true</readonly>
         <executable>true</executable>
         <run_address>0x4350</run_address>
         <size>0x28</size>
         <alignment>0x4</alignment>
         <input_file_ref idref="fl-31"/>
      </object_component>
      <object_component id="oc-170">
         <name>.text.DL_I2C_setClockConfig</name>
         <load_address>0x4378</load_address>
         <readonly>true</readonly>
         <executable>true</executable>
         <run_address>0x4378</run_address>
         <size>0x26</size>
         <alignment>0x2</alignment>
         <input_file_ref idref="fl-17"/>
      </object_component>
      <object_component id="oc-1af">
         <name>.text.__muldi3</name>
         <load_address>0x43a0</load_address>
         <readonly>true</readonly>
         <executable>true</executable>
         <run_address>0x43a0</run_address>
         <size>0x24</size>
         <alignment>0x4</alignment>
         <input_file_ref idref="fl-108"/>
      </object_component>
      <object_component id="oc-197">
         <name>.text.memccpy</name>
         <load_address>0x43c4</load_address>
         <readonly>true</readonly>
         <executable>true</executable>
         <run_address>0x43c4</run_address>
         <size>0x22</size>
         <alignment>0x2</alignment>
         <input_file_ref idref="fl-42"/>
      </object_component>
      <object_component id="oc-205">
         <name>.text.__ashldi3</name>
         <load_address>0x43e8</load_address>
         <readonly>true</readonly>
         <executable>true</executable>
         <run_address>0x43e8</run_address>
         <size>0x1e</size>
         <alignment>0x4</alignment>
         <input_file_ref idref="fl-112"/>
      </object_component>
      <object_component id="oc-16a">
         <name>.text.DL_Timer_setCaptCompUpdateMethod</name>
         <load_address>0x4408</load_address>
         <readonly>true</readonly>
         <executable>true</executable>
         <run_address>0x4408</run_address>
         <size>0x1c</size>
         <alignment>0x4</alignment>
         <input_file_ref idref="fl-18"/>
      </object_component>
      <object_component id="oc-167">
         <name>.text.DL_Timer_setClockConfig</name>
         <load_address>0x4424</load_address>
         <readonly>true</readonly>
         <executable>true</executable>
         <run_address>0x4424</run_address>
         <size>0x1c</size>
         <alignment>0x4</alignment>
         <input_file_ref idref="fl-18"/>
      </object_component>
      <object_component id="oc-e4">
         <name>.text.uart1_send_char</name>
         <load_address>0x4440</load_address>
         <readonly>true</readonly>
         <executable>true</executable>
         <run_address>0x4440</run_address>
         <size>0x1c</size>
         <alignment>0x4</alignment>
         <input_file_ref idref="fl-8"/>
      </object_component>
      <object_component id="oc-169">
         <name>.text.DL_Timer_setCaptureCompareOutCtl</name>
         <load_address>0x445c</load_address>
         <readonly>true</readonly>
         <executable>true</executable>
         <run_address>0x445c</run_address>
         <size>0x18</size>
         <alignment>0x4</alignment>
         <input_file_ref idref="fl-18"/>
      </object_component>
      <object_component id="oc-14b">
         <name>.text._outs</name>
         <load_address>0x4474</load_address>
         <readonly>true</readonly>
         <executable>true</executable>
         <run_address>0x4474</run_address>
         <size>0x18</size>
         <alignment>0x2</alignment>
         <input_file_ref idref="fl-30"/>
      </object_component>
      <object_component id="oc-1b4">
         <name>.text.__aeabi_uldivmod</name>
         <load_address>0x448c</load_address>
         <readonly>true</readonly>
         <executable>true</executable>
         <run_address>0x448c</run_address>
         <size>0x14</size>
         <alignment>0x4</alignment>
         <input_file_ref idref="fl-10f"/>
      </object_component>
      <object_component id="oc-172">
         <name>.text.DL_UART_setClockConfig</name>
         <load_address>0x44a0</load_address>
         <readonly>true</readonly>
         <executable>true</executable>
         <run_address>0x44a0</run_address>
         <size>0x12</size>
         <alignment>0x2</alignment>
         <input_file_ref idref="fl-19"/>
      </object_component>
      <object_component id="oc-20">
         <name>.text:decompress:none</name>
         <load_address>0x44b2</load_address>
         <readonly>true</readonly>
         <executable>true</executable>
         <run_address>0x44b2</run_address>
         <size>0x12</size>
         <alignment>0x2</alignment>
         <input_file_ref idref="fl-37"/>
      </object_component>
      <object_component id="oc-b5">
         <name>.text.DL_Timer_setCaptureCompareValue</name>
         <load_address>0x44c4</load_address>
         <readonly>true</readonly>
         <executable>true</executable>
         <run_address>0x44c4</run_address>
         <size>0x10</size>
         <alignment>0x4</alignment>
         <input_file_ref idref="fl-18"/>
      </object_component>
      <object_component id="oc-1a6">
         <name>.text.wcslen</name>
         <load_address>0x44d4</load_address>
         <readonly>true</readonly>
         <executable>true</executable>
         <run_address>0x44d4</run_address>
         <size>0x10</size>
         <alignment>0x2</alignment>
         <input_file_ref idref="fl-46"/>
      </object_component>
      <object_component id="oc-5b">
         <name>.text:decompress:ZI</name>
         <load_address>0x44e4</load_address>
         <readonly>true</readonly>
         <executable>true</executable>
         <run_address>0x44e4</run_address>
         <size>0x10</size>
         <alignment>0x2</alignment>
         <input_file_ref idref="fl-36"/>
      </object_component>
      <object_component id="oc-196">
         <name>.text.__aeabi_memset</name>
         <load_address>0x44f4</load_address>
         <readonly>true</readonly>
         <executable>true</executable>
         <run_address>0x44f4</run_address>
         <size>0xe</size>
         <alignment>0x4</alignment>
         <input_file_ref idref="fl-10d"/>
      </object_component>
      <object_component id="oc-d6">
         <name>.text.delay_ms</name>
         <load_address>0x4502</load_address>
         <readonly>true</readonly>
         <executable>true</executable>
         <run_address>0x4502</run_address>
         <size>0xe</size>
         <alignment>0x2</alignment>
         <input_file_ref idref="fl-4"/>
      </object_component>
      <object_component id="oc-195">
         <name>.text.strlen</name>
         <load_address>0x4510</load_address>
         <readonly>true</readonly>
         <executable>true</executable>
         <run_address>0x4510</run_address>
         <size>0xe</size>
         <alignment>0x2</alignment>
         <input_file_ref idref="fl-39"/>
      </object_component>
      <object_component id="oc-7b">
         <name>.text.__aeabi_memclr</name>
         <load_address>0x4520</load_address>
         <readonly>true</readonly>
         <executable>true</executable>
         <run_address>0x4520</run_address>
         <size>0xc</size>
         <alignment>0x4</alignment>
         <input_file_ref idref="fl-10d"/>
      </object_component>
      <object_component id="oc-143">
         <name>.text.DL_Common_delayCycles</name>
         <load_address>0x452c</load_address>
         <readonly>true</readonly>
         <executable>true</executable>
         <run_address>0x452c</run_address>
         <size>0xa</size>
         <alignment>0x2</alignment>
         <input_file_ref idref="fl-16"/>
      </object_component>
      <object_component id="oc-14c">
         <name>.text._outc</name>
         <load_address>0x4536</load_address>
         <readonly>true</readonly>
         <executable>true</executable>
         <run_address>0x4536</run_address>
         <size>0xa</size>
         <alignment>0x2</alignment>
         <input_file_ref idref="fl-30"/>
      </object_component>
      <object_component id="oc-1aa">
         <name>.text.__aeabi_errno_addr</name>
         <load_address>0x4540</load_address>
         <readonly>true</readonly>
         <executable>true</executable>
         <run_address>0x4540</run_address>
         <size>0x8</size>
         <alignment>0x4</alignment>
         <input_file_ref idref="fl-3a"/>
      </object_component>
      <object_component id="oc-4e">
         <name>.text.__aeabi_memcpy</name>
         <load_address>0x4548</load_address>
         <readonly>true</readonly>
         <executable>true</executable>
         <run_address>0x4548</run_address>
         <size>0x8</size>
         <alignment>0x4</alignment>
         <input_file_ref idref="fl-10c"/>
      </object_component>
      <object_component id="oc-f3">
         <name>.text:abort</name>
         <load_address>0x4550</load_address>
         <readonly>true</readonly>
         <executable>true</executable>
         <run_address>0x4550</run_address>
         <size>0x6</size>
         <alignment>0x2</alignment>
         <input_file_ref idref="fl-3b"/>
      </object_component>
      <object_component id="oc-151">
         <name>.text.HOSTexit</name>
         <load_address>0x4556</load_address>
         <readonly>true</readonly>
         <executable>true</executable>
         <run_address>0x4556</run_address>
         <size>0x4</size>
         <alignment>0x2</alignment>
         <input_file_ref idref="fl-ee"/>
      </object_component>
      <object_component id="oc-2f">
         <name>.text.Reset_Handler</name>
         <load_address>0x455a</load_address>
         <readonly>true</readonly>
         <executable>true</executable>
         <run_address>0x455a</run_address>
         <size>0x4</size>
         <alignment>0x2</alignment>
         <input_file_ref idref="fl-3"/>
      </object_component>
      <object_component id="oc-80">
         <name>.text._system_pre_init</name>
         <load_address>0x455e</load_address>
         <readonly>true</readonly>
         <executable>true</executable>
         <run_address>0x455e</run_address>
         <size>0x4</size>
         <alignment>0x2</alignment>
         <input_file_ref idref="fl-34"/>
      </object_component>
      <object_component id="oc-25e">
         <name>.cinit..data.load</name>
         <load_address>0x5f00</load_address>
         <readonly>true</readonly>
         <run_address>0x5f00</run_address>
         <size>0x34</size>
         <alignment>0x1</alignment>
      </object_component>
      <object_component id="oc-25c">
         <name>__TI_handler_table</name>
         <load_address>0x5f34</load_address>
         <readonly>true</readonly>
         <run_address>0x5f34</run_address>
         <size>0xc</size>
         <alignment>0x4</alignment>
      </object_component>
      <object_component id="oc-25f">
         <name>.cinit..bss.load</name>
         <load_address>0x5f40</load_address>
         <readonly>true</readonly>
         <run_address>0x5f40</run_address>
         <size>0x8</size>
         <alignment>0x4</alignment>
      </object_component>
      <object_component id="oc-25d">
         <name>__TI_cinit_table</name>
         <load_address>0x5f48</load_address>
         <readonly>true</readonly>
         <run_address>0x5f48</run_address>
         <size>0x10</size>
         <alignment>0x4</alignment>
      </object_component>
      <object_component id="oc-140">
         <name>.rodata.asc2_2412</name>
         <load_address>0x4570</load_address>
         <readonly>true</readonly>
         <run_address>0x4570</run_address>
         <size>0xd5c</size>
         <alignment>0x1</alignment>
         <input_file_ref idref="fl-7"/>
      </object_component>
      <object_component id="oc-141">
         <name>.rodata.asc2_1608</name>
         <load_address>0x52cc</load_address>
         <readonly>true</readonly>
         <run_address>0x52cc</run_address>
         <size>0x5f0</size>
         <alignment>0x1</alignment>
         <input_file_ref idref="fl-7"/>
      </object_component>
      <object_component id="oc-142">
         <name>.rodata.asc2_1206</name>
         <load_address>0x58bc</load_address>
         <readonly>true</readonly>
         <run_address>0x58bc</run_address>
         <size>0x474</size>
         <alignment>0x1</alignment>
         <input_file_ref idref="fl-7"/>
      </object_component>
      <object_component id="oc-1c4">
         <name>.rodata:__aeabi_ctype_table_</name>
         <load_address>0x5d30</load_address>
         <readonly>true</readonly>
         <run_address>0x5d30</run_address>
         <size>0x101</size>
         <alignment>0x10</alignment>
         <input_file_ref idref="fl-4b"/>
      </object_component>
      <object_component id="oc-16b">
         <name>.rodata.gPWM_0ClockConfig</name>
         <load_address>0x5e31</load_address>
         <readonly>true</readonly>
         <run_address>0x5e31</run_address>
         <size>0x3</size>
         <alignment>0x1</alignment>
         <input_file_ref idref="fl-2"/>
      </object_component>
      <object_component id="oc-16f">
         <name>.rodata.gTIMER_0TimerConfig</name>
         <load_address>0x5e34</load_address>
         <readonly>true</readonly>
         <run_address>0x5e34</run_address>
         <size>0x14</size>
         <alignment>0x4</alignment>
         <input_file_ref idref="fl-2"/>
      </object_component>
      <object_component id="oc-1b3">
         <name>.rodata.str1.10348868589481759720.1</name>
         <load_address>0x5e48</load_address>
         <readonly>true</readonly>
         <run_address>0x5e48</run_address>
         <size>0x11</size>
         <alignment>0x1</alignment>
         <input_file_ref idref="fl-39"/>
      </object_component>
      <object_component id="oc-f0">
         <name>.rodata.str1.11898133897667081452.1</name>
         <load_address>0x5e59</load_address>
         <readonly>true</readonly>
         <run_address>0x5e59</run_address>
         <size>0x11</size>
         <alignment>0x1</alignment>
         <input_file_ref idref="fl-1"/>
      </object_component>
      <object_component id="oc-19b">
         <name>.rodata.str1.15363888844622738466.1</name>
         <load_address>0x5e6a</load_address>
         <readonly>true</readonly>
         <run_address>0x5e6a</run_address>
         <size>0x11</size>
         <alignment>0x1</alignment>
         <input_file_ref idref="fl-39"/>
      </object_component>
      <object_component id="oc-ef">
         <name>.rodata.str1.17669528882079347314.1</name>
         <load_address>0x5e7b</load_address>
         <readonly>true</readonly>
         <run_address>0x5e7b</run_address>
         <size>0x11</size>
         <alignment>0x1</alignment>
         <input_file_ref idref="fl-1"/>
      </object_component>
      <object_component id="oc-ec">
         <name>.rodata.str1.14685083708502177989.1</name>
         <load_address>0x5e8c</load_address>
         <readonly>true</readonly>
         <run_address>0x5e8c</run_address>
         <size>0x10</size>
         <alignment>0x1</alignment>
         <input_file_ref idref="fl-1"/>
      </object_component>
      <object_component id="oc-f2">
         <name>.rodata.str1.16704889451495720520.1</name>
         <load_address>0x5e9c</load_address>
         <readonly>true</readonly>
         <run_address>0x5e9c</run_address>
         <size>0x10</size>
         <alignment>0x1</alignment>
         <input_file_ref idref="fl-1"/>
      </object_component>
      <object_component id="oc-ed">
         <name>.rodata.str1.254342170260855183.1</name>
         <load_address>0x5eac</load_address>
         <readonly>true</readonly>
         <run_address>0x5eac</run_address>
         <size>0xf</size>
         <alignment>0x1</alignment>
         <input_file_ref idref="fl-1"/>
      </object_component>
      <object_component id="oc-f1">
         <name>.rodata.str1.7401042497206923953.1</name>
         <load_address>0x5ebb</load_address>
         <readonly>true</readonly>
         <run_address>0x5ebb</run_address>
         <size>0xf</size>
         <alignment>0x1</alignment>
         <input_file_ref idref="fl-1"/>
      </object_component>
      <object_component id="oc-e5">
         <name>.rodata.str1.9517790425240694019.1</name>
         <load_address>0x5eca</load_address>
         <readonly>true</readonly>
         <run_address>0x5eca</run_address>
         <size>0xd</size>
         <alignment>0x1</alignment>
         <input_file_ref idref="fl-1"/>
      </object_component>
      <object_component id="oc-17a">
         <name>.rodata.gUART1Config</name>
         <load_address>0x5ed8</load_address>
         <readonly>true</readonly>
         <run_address>0x5ed8</run_address>
         <size>0xa</size>
         <alignment>0x2</alignment>
         <input_file_ref idref="fl-2"/>
      </object_component>
      <object_component id="oc-171">
         <name>.rodata.gOLEDClockConfig</name>
         <load_address>0x5ee2</load_address>
         <readonly>true</readonly>
         <run_address>0x5ee2</run_address>
         <size>0x2</size>
         <alignment>0x1</alignment>
         <input_file_ref idref="fl-2"/>
      </object_component>
      <object_component id="oc-16c">
         <name>.rodata.gPWM_0Config</name>
         <load_address>0x5ee4</load_address>
         <readonly>true</readonly>
         <run_address>0x5ee4</run_address>
         <size>0x8</size>
         <alignment>0x4</alignment>
         <input_file_ref idref="fl-2"/>
      </object_component>
      <object_component id="oc-16e">
         <name>.rodata.gTIMER_0ClockConfig</name>
         <load_address>0x5eec</load_address>
         <readonly>true</readonly>
         <run_address>0x5eec</run_address>
         <size>0x3</size>
         <alignment>0x1</alignment>
         <input_file_ref idref="fl-2"/>
      </object_component>
      <object_component id="oc-179">
         <name>.rodata.gUART1ClockConfig</name>
         <load_address>0x5eef</load_address>
         <readonly>true</readonly>
         <run_address>0x5eef</run_address>
         <size>0x2</size>
         <alignment>0x1</alignment>
         <input_file_ref idref="fl-2"/>
      </object_component>
      <object_component id="oc-224">
         <name>.binit</name>
         <load_address>0x0</load_address>
         <readonly>true</readonly>
         <run_address>0x0</run_address>
         <size>0x0</size>
         <alignment>0x4</alignment>
      </object_component>
      <object_component id="oc-9b">
         <name>.data.base_speed</name>
         <load_address>0x20200650</load_address>
         <readwrite>true</readwrite>
         <run_address>0x20200650</run_address>
         <size>0x4</size>
         <alignment>0x4</alignment>
         <input_file_ref idref="fl-1"/>
      </object_component>
      <object_component id="oc-e6">
         <name>.data.key_raw</name>
         <load_address>0x20200688</load_address>
         <readwrite>true</readwrite>
         <run_address>0x20200688</run_address>
         <size>0x1</size>
         <alignment>0x1</alignment>
         <input_file_ref idref="fl-1"/>
      </object_component>
      <object_component id="oc-e8">
         <name>.data.key_down</name>
         <load_address>0x20200686</load_address>
         <readwrite>true</readwrite>
         <run_address>0x20200686</run_address>
         <size>0x1</size>
         <alignment>0x1</alignment>
         <input_file_ref idref="fl-1"/>
      </object_component>
      <object_component id="oc-e7">
         <name>.data.key_old</name>
         <load_address>0x20200687</load_address>
         <readwrite>true</readwrite>
         <run_address>0x20200687</run_address>
         <size>0x1</size>
         <alignment>0x1</alignment>
         <input_file_ref idref="fl-1"/>
      </object_component>
      <object_component id="oc-72">
         <name>.data.sys_tick</name>
         <load_address>0x2020066c</load_address>
         <readwrite>true</readwrite>
         <run_address>0x2020066c</run_address>
         <size>0x4</size>
         <alignment>0x4</alignment>
         <input_file_ref idref="fl-1"/>
      </object_component>
      <object_component id="oc-e9">
         <name>.data.begin_key_raw</name>
         <load_address>0x20200682</load_address>
         <readwrite>true</readwrite>
         <run_address>0x20200682</run_address>
         <size>0x1</size>
         <alignment>0x1</alignment>
         <input_file_ref idref="fl-1"/>
      </object_component>
      <object_component id="oc-eb">
         <name>.data.begin_key_down</name>
         <load_address>0x20200680</load_address>
         <readwrite>true</readwrite>
         <run_address>0x20200680</run_address>
         <size>0x1</size>
         <alignment>0x1</alignment>
         <input_file_ref idref="fl-1"/>
      </object_component>
      <object_component id="oc-ea">
         <name>.data.begin_key_old</name>
         <load_address>0x20200681</load_address>
         <readwrite>true</readwrite>
         <run_address>0x20200681</run_address>
         <size>0x1</size>
         <alignment>0x1</alignment>
         <input_file_ref idref="fl-1"/>
      </object_component>
      <object_component id="oc-97">
         <name>.data.current_mode</name>
         <load_address>0x20200683</load_address>
         <readwrite>true</readwrite>
         <run_address>0x20200683</run_address>
         <size>0x1</size>
         <alignment>0x1</alignment>
         <input_file_ref idref="fl-1"/>
      </object_component>
      <object_component id="oc-98">
         <name>.data.selected_laps</name>
         <load_address>0x20200689</load_address>
         <readwrite>true</readwrite>
         <run_address>0x20200689</run_address>
         <size>0x1</size>
         <alignment>0x1</alignment>
         <input_file_ref idref="fl-1"/>
      </object_component>
      <object_component id="oc-99">
         <name>.data.selected_point</name>
         <load_address>0x2020068a</load_address>
         <readwrite>true</readwrite>
         <run_address>0x2020068a</run_address>
         <size>0x1</size>
         <alignment>0x1</alignment>
         <input_file_ref idref="fl-1"/>
      </object_component>
      <object_component id="oc-73">
         <name>.data.is_running</name>
         <load_address>0x20200685</load_address>
         <readwrite>true</readwrite>
         <run_address>0x20200685</run_address>
         <size>0x1</size>
         <alignment>0x1</alignment>
         <input_file_ref idref="fl-1"/>
      </object_component>
      <object_component id="oc-95">
         <name>.data.left_turn_count</name>
         <load_address>0x20200664</load_address>
         <readwrite>true</readwrite>
         <run_address>0x20200664</run_address>
         <size>0x4</size>
         <alignment>0x4</alignment>
         <input_file_ref idref="fl-1"/>
      </object_component>
      <object_component id="oc-96">
         <name>.data.target_left_turns</name>
         <load_address>0x20200670</load_address>
         <readwrite>true</readwrite>
         <run_address>0x20200670</run_address>
         <size>0x4</size>
         <alignment>0x4</alignment>
         <input_file_ref idref="fl-1"/>
      </object_component>
      <object_component id="oc-93">
         <name>.data.current_state</name>
         <load_address>0x20200684</load_address>
         <readwrite>true</readwrite>
         <run_address>0x20200684</run_address>
         <size>0x1</size>
         <alignment>0x1</alignment>
         <input_file_ref idref="fl-1"/>
      </object_component>
      <object_component id="oc-9a">
         <name>.data.turn_start_time</name>
         <load_address>0x2020067c</load_address>
         <readwrite>true</readwrite>
         <run_address>0x2020067c</run_address>
         <size>0x4</size>
         <alignment>0x4</alignment>
         <input_file_ref idref="fl-1"/>
      </object_component>
      <object_component id="oc-94">
         <name>.data.last_error</name>
         <load_address>0x2020065c</load_address>
         <readwrite>true</readwrite>
         <run_address>0x2020065c</run_address>
         <size>0x4</size>
         <alignment>0x4</alignment>
         <input_file_ref idref="fl-1"/>
      </object_component>
      <object_component id="oc-74">
         <name>.data.TIMA0_IRQHandler.speed_loop_cnt</name>
         <load_address>0x20200648</load_address>
         <readwrite>true</readwrite>
         <run_address>0x20200648</run_address>
         <size>0x4</size>
         <alignment>0x4</alignment>
         <input_file_ref idref="fl-1"/>
      </object_component>
      <object_component id="oc-66">
         <name>.data.left_encoder_count</name>
         <load_address>0x20200660</load_address>
         <readwrite>true</readwrite>
         <run_address>0x20200660</run_address>
         <size>0x4</size>
         <alignment>0x4</alignment>
         <input_file_ref idref="fl-6"/>
      </object_component>
      <object_component id="oc-65">
         <name>.data.right_encoder_count</name>
         <load_address>0x20200668</load_address>
         <readwrite>true</readwrite>
         <run_address>0x20200668</run_address>
         <size>0x4</size>
         <alignment>0x4</alignment>
         <input_file_ref idref="fl-6"/>
      </object_component>
      <object_component id="oc-bb">
         <name>.data.current_speed_L</name>
         <load_address>0x20200654</load_address>
         <readwrite>true</readwrite>
         <run_address>0x20200654</run_address>
         <size>0x4</size>
         <alignment>0x4</alignment>
         <input_file_ref idref="fl-6"/>
      </object_component>
      <object_component id="oc-bc">
         <name>.data.current_speed_R</name>
         <load_address>0x20200658</load_address>
         <readwrite>true</readwrite>
         <run_address>0x20200658</run_address>
         <size>0x4</size>
         <alignment>0x4</alignment>
         <input_file_ref idref="fl-6"/>
      </object_component>
      <object_component id="oc-9c">
         <name>.data.target_speed_L</name>
         <load_address>0x20200674</load_address>
         <readwrite>true</readwrite>
         <run_address>0x20200674</run_address>
         <size>0x4</size>
         <alignment>0x4</alignment>
         <input_file_ref idref="fl-6"/>
      </object_component>
      <object_component id="oc-9e">
         <name>.data.target_speed_R</name>
         <load_address>0x20200678</load_address>
         <readwrite>true</readwrite>
         <run_address>0x20200678</run_address>
         <size>0x4</size>
         <alignment>0x4</alignment>
         <input_file_ref idref="fl-6"/>
      </object_component>
      <object_component id="oc-9d">
         <name>.data.pid_left</name>
         <load_address>0x2020060c</load_address>
         <readwrite>true</readwrite>
         <run_address>0x2020060c</run_address>
         <size>0x1c</size>
         <alignment>0x4</alignment>
         <input_file_ref idref="fl-6"/>
      </object_component>
      <object_component id="oc-9f">
         <name>.data.pid_right</name>
         <load_address>0x20200628</load_address>
         <readwrite>true</readwrite>
         <run_address>0x20200628</run_address>
         <size>0x1c</size>
         <alignment>0x4</alignment>
         <input_file_ref idref="fl-6"/>
      </object_component>
      <object_component id="oc-bd">
         <name>.data.Motor_Control_Loop.sync_integral</name>
         <load_address>0x20200644</load_address>
         <readwrite>true</readwrite>
         <run_address>0x20200644</run_address>
         <size>0x4</size>
         <alignment>0x4</alignment>
         <input_file_ref idref="fl-6"/>
      </object_component>
      <object_component id="oc-6a">
         <name>.data.uart_data</name>
         <load_address>0x2020068b</load_address>
         <readwrite>true</readwrite>
         <run_address>0x2020068b</run_address>
         <size>0x1</size>
         <alignment>0x1</alignment>
         <input_file_ref idref="fl-8"/>
      </object_component>
      <object_component id="oc-1cb">
         <name>.data.__aeabi_errno</name>
         <load_address>0x2020064c</load_address>
         <readwrite>true</readwrite>
         <run_address>0x2020064c</run_address>
         <size>0x4</size>
         <alignment>0x4</alignment>
         <input_file_ref idref="fl-3a"/>
      </object_component>
      <object_component id="oc-ee">
         <name>.common:display_str</name>
         <uninitialized>true</uninitialized>
         <readwrite>true</readwrite>
         <run_address>0x202005f8</run_address>
         <size>0x14</size>
         <alignment>0x1</alignment>
      </object_component>
      <object_component id="oc-133">
         <name>.common:gPWM_0Backup</name>
         <uninitialized>true</uninitialized>
         <readwrite>true</readwrite>
         <run_address>0x20200480</run_address>
         <size>0xbc</size>
         <alignment>0x4</alignment>
      </object_component>
      <object_component id="oc-134">
         <name>.common:gTIMER_0Backup</name>
         <uninitialized>true</uninitialized>
         <readwrite>true</readwrite>
         <run_address>0x2020053c</run_address>
         <size>0xbc</size>
         <alignment>0x4</alignment>
      </object_component>
      <object_component id="oc-13d">
         <name>.common:OLED_GRAM</name>
         <uninitialized>true</uninitialized>
         <readwrite>true</readwrite>
         <run_address>0x20200000</run_address>
         <size>0x480</size>
         <alignment>0x1</alignment>
      </object_component>
      <object_component id="oc-1a">
         <name>.stack</name>
         <uninitialized>true</uninitialized>
         <readwrite>true</readwrite>
         <run_address>0x20207e00</run_address>
         <size>0x4</size>
         <alignment>0x4</alignment>
         <input_file_ref idref="fl-31"/>
      </object_component>
      <object_component id="oc-261">
         <name>.stack</name>
         <uninitialized>true</uninitialized>
         <readwrite>true</readwrite>
         <run_address>0x20207e00</run_address>
         <size>0x0</size>
         <alignment>0x8</alignment>
      </object_component>
      <object_component id="oc-6f">
         <name>.debug_loc</name>
         <load_address>0x0</load_address>
         <run_address>0x0</run_address>
         <size>0x503</size>
         <alignment>0x1</alignment>
         <input_file_ref idref="fl-1"/>
      </object_component>
      <object_component id="oc-12d">
         <name>.debug_loc</name>
         <load_address>0x503</load_address>
         <run_address>0x503</run_address>
         <size>0x12f</size>
         <alignment>0x1</alignment>
         <input_file_ref idref="fl-2"/>
      </object_component>
      <object_component id="oc-149">
         <name>.debug_loc</name>
         <load_address>0x632</load_address>
         <run_address>0x632</run_address>
         <size>0x33</size>
         <alignment>0x1</alignment>
         <input_file_ref idref="fl-4"/>
      </object_component>
      <object_component id="oc-69">
         <name>.debug_loc</name>
         <load_address>0x665</load_address>
         <run_address>0x665</run_address>
         <size>0x3fa</size>
         <alignment>0x1</alignment>
         <input_file_ref idref="fl-6"/>
      </object_component>
      <object_component id="oc-d1">
         <name>.debug_loc</name>
         <load_address>0xa5f</load_address>
         <run_address>0xa5f</run_address>
         <size>0x3abd</size>
         <alignment>0x1</alignment>
         <input_file_ref idref="fl-7"/>
      </object_component>
      <object_component id="oc-6d">
         <name>.debug_loc</name>
         <load_address>0x451c</load_address>
         <run_address>0x451c</run_address>
         <size>0x26</size>
         <alignment>0x1</alignment>
         <input_file_ref idref="fl-8"/>
      </object_component>
      <object_component id="oc-17f">
         <name>.debug_loc</name>
         <load_address>0x4542</load_address>
         <run_address>0x4542</run_address>
         <size>0x13</size>
         <alignment>0x1</alignment>
         <input_file_ref idref="fl-16"/>
      </object_component>
      <object_component id="oc-139">
         <name>.debug_loc</name>
         <load_address>0x4555</load_address>
         <run_address>0x4555</run_address>
         <size>0x37a</size>
         <alignment>0x1</alignment>
         <input_file_ref idref="fl-17"/>
      </object_component>
      <object_component id="oc-b7">
         <name>.debug_loc</name>
         <load_address>0x48cf</load_address>
         <run_address>0x48cf</run_address>
         <size>0x1a68</size>
         <alignment>0x1</alignment>
         <input_file_ref idref="fl-18"/>
      </object_component>
      <object_component id="oc-173">
         <name>.debug_loc</name>
         <load_address>0x6337</load_address>
         <run_address>0x6337</run_address>
         <size>0x7e4</size>
         <alignment>0x1</alignment>
         <input_file_ref idref="fl-19"/>
      </object_component>
      <object_component id="oc-db">
         <name>.debug_loc</name>
         <load_address>0x6b1b</load_address>
         <run_address>0x6b1b</run_address>
         <size>0x136</size>
         <alignment>0x1</alignment>
         <input_file_ref idref="fl-30"/>
      </object_component>
      <object_component id="oc-49">
         <name>.debug_loc</name>
         <load_address>0x6c51</load_address>
         <run_address>0x6c51</run_address>
         <size>0xd8</size>
         <alignment>0x1</alignment>
         <input_file_ref idref="fl-31"/>
      </object_component>
      <object_component id="oc-fb">
         <name>.debug_loc</name>
         <load_address>0x6d29</load_address>
         <run_address>0x6d29</run_address>
         <size>0x424</size>
         <alignment>0x1</alignment>
         <input_file_ref idref="fl-33"/>
      </object_component>
      <object_component id="oc-58">
         <name>.debug_loc</name>
         <load_address>0x714d</load_address>
         <run_address>0x714d</run_address>
         <size>0x16c</size>
         <alignment>0x1</alignment>
         <input_file_ref idref="fl-36"/>
      </object_component>
      <object_component id="oc-54">
         <name>.debug_loc</name>
         <load_address>0x72b9</load_address>
         <run_address>0x72b9</run_address>
         <size>0x6f</size>
         <alignment>0x1</alignment>
         <input_file_ref idref="fl-37"/>
      </object_component>
      <object_component id="oc-4c">
         <name>.debug_loc</name>
         <load_address>0x7328</load_address>
         <run_address>0x7328</run_address>
         <size>0x167</size>
         <alignment>0x1</alignment>
         <input_file_ref idref="fl-38"/>
      </object_component>
      <object_component id="oc-184">
         <name>.debug_loc</name>
         <load_address>0x748f</load_address>
         <run_address>0x748f</run_address>
         <size>0x32d8</size>
         <alignment>0x1</alignment>
         <input_file_ref idref="fl-39"/>
      </object_component>
      <object_component id="oc-1ce">
         <name>.debug_loc</name>
         <load_address>0xa767</load_address>
         <run_address>0xa767</run_address>
         <size>0x101</size>
         <alignment>0x1</alignment>
         <input_file_ref idref="fl-3a"/>
      </object_component>
      <object_component id="oc-f9">
         <name>.debug_loc</name>
         <load_address>0xa868</load_address>
         <run_address>0xa868</run_address>
         <size>0x26</size>
         <alignment>0x1</alignment>
         <input_file_ref idref="fl-3b"/>
      </object_component>
      <object_component id="oc-1c7">
         <name>.debug_loc</name>
         <load_address>0xa88e</load_address>
         <run_address>0xa88e</run_address>
         <size>0x66</size>
         <alignment>0x1</alignment>
         <input_file_ref idref="fl-40"/>
      </object_component>
      <object_component id="oc-1c2">
         <name>.debug_loc</name>
         <load_address>0xa8f4</load_address>
         <run_address>0xa8f4</run_address>
         <size>0xbf</size>
         <alignment>0x1</alignment>
         <input_file_ref idref="fl-42"/>
      </object_component>
      <object_component id="oc-1ca">
         <name>.debug_loc</name>
         <load_address>0xa9b3</load_address>
         <run_address>0xa9b3</run_address>
         <size>0x33</size>
         <alignment>0x1</alignment>
         <input_file_ref idref="fl-46"/>
      </object_component>
      <object_component id="oc-163">
         <name>.debug_loc</name>
         <load_address>0xa9e6</load_address>
         <run_address>0xa9e6</run_address>
         <size>0x20</size>
         <alignment>0x1</alignment>
         <input_file_ref idref="fl-114"/>
      </object_component>
      <object_component id="oc-75">
         <name>.debug_abbrev</name>
         <load_address>0x0</load_address>
         <run_address>0x0</run_address>
         <size>0x23e</size>
         <alignment>0x1</alignment>
         <input_file_ref idref="fl-1"/>
      </object_component>
      <object_component id="oc-135">
         <name>.debug_abbrev</name>
         <load_address>0x23e</load_address>
         <run_address>0x23e</run_address>
         <size>0x22b</size>
         <alignment>0x1</alignment>
         <input_file_ref idref="fl-2"/>
      </object_component>
      <object_component id="oc-43">
         <name>.debug_abbrev</name>
         <load_address>0x469</load_address>
         <run_address>0x469</run_address>
         <size>0x6d</size>
         <alignment>0x1</alignment>
         <input_file_ref idref="fl-3"/>
      </object_component>
      <object_component id="oc-147">
         <name>.debug_abbrev</name>
         <load_address>0x4d6</load_address>
         <run_address>0x4d6</run_address>
         <size>0x70</size>
         <alignment>0x1</alignment>
         <input_file_ref idref="fl-4"/>
      </object_component>
      <object_component id="oc-14f">
         <name>.debug_abbrev</name>
         <load_address>0x546</load_address>
         <run_address>0x546</run_address>
         <size>0xe9</size>
         <alignment>0x1</alignment>
         <input_file_ref idref="fl-5"/>
      </object_component>
      <object_component id="oc-67">
         <name>.debug_abbrev</name>
         <load_address>0x62f</load_address>
         <run_address>0x62f</run_address>
         <size>0x1db</size>
         <alignment>0x1</alignment>
         <input_file_ref idref="fl-6"/>
      </object_component>
      <object_component id="oc-13e">
         <name>.debug_abbrev</name>
         <load_address>0x80a</load_address>
         <run_address>0x80a</run_address>
         <size>0x279</size>
         <alignment>0x1</alignment>
         <input_file_ref idref="fl-7"/>
      </object_component>
      <object_component id="oc-6b">
         <name>.debug_abbrev</name>
         <load_address>0xa83</load_address>
         <run_address>0xa83</run_address>
         <size>0x172</size>
         <alignment>0x1</alignment>
         <input_file_ref idref="fl-8"/>
      </object_component>
      <object_component id="oc-17d">
[...]
         <object_component_ref idref="oc-33"/>
      </symbol>
      <symbol id="sm-b6">
         <name>CANFD0_IRQHandler</name>
         <value>0x3e0f</value>
         <object_component_ref idref="oc-33"/>
      </symbol>
      <symbol id="sm-b7">
         <name>DAC0_IRQHandler</name>
         <value>0x3e0f</value>
         <object_component_ref idref="oc-33"/>
      </symbol>
      <symbol id="sm-b8">
         <name>SPI0_IRQHandler</name>
         <value>0x3e0f</value>
         <object_component_ref idref="oc-33"/>
      </symbol>
      <symbol id="sm-b9">
         <name>SPI1_IRQHandler</name>
         <value>0x3e0f</value>
         <object_component_ref idref="oc-33"/>
      </symbol>
      <symbol id="sm-ba">
         <name>UART2_IRQHandler</name>
         <value>0x3e0f</value>
         <object_component_ref idref="oc-33"/>
      </symbol>
      <symbol id="sm-bb">
         <name>UART0_IRQHandler</name>
         <value>0x3e0f</value>
         <object_component_ref idref="oc-33"/>
      </symbol>
      <symbol id="sm-bc">
         <name>TIMG0_IRQHandler</name>
         <value>0x3e0f</value>
         <object_component_ref idref="oc-33"/>
      </symbol>
      <symbol id="sm-bd">
         <name>TIMG6_IRQHandler</name>
         <value>0x3e0f</value>
         <object_component_ref idref="oc-33"/>
      </symbol>
      <symbol id="sm-be">
         <name>TIMA1_IRQHandler</name>
         <value>0x3e0f</value>
         <object_component_ref idref="oc-33"/>
      </symbol>
      <symbol id="sm-bf">
         <name>TIMG7_IRQHandler</name>
         <value>0x3e0f</value>
         <object_component_ref idref="oc-33"/>
      </symbol>
      <symbol id="sm-c0">
         <name>TIMG12_IRQHandler</name>
         <value>0x3e0f</value>
         <object_component_ref idref="oc-33"/>
      </symbol>
      <symbol id="sm-c1">
         <name>I2C0_IRQHandler</name>
         <value>0x3e0f</value>
         <object_component_ref idref="oc-33"/>
      </symbol>
      <symbol id="sm-c2">
         <name>I2C1_IRQHandler</name>
         <value>0x3e0f</value>
         <object_component_ref idref="oc-33"/>
      </symbol>
      <symbol id="sm-c3">
         <name>AES_IRQHandler</name>
         <value>0x3e0f</value>
         <object_component_ref idref="oc-33"/>
      </symbol>
      <symbol id="sm-c4">
         <name>RTC_IRQHandler</name>
         <value>0x3e0f</value>
         <object_component_ref idref="oc-33"/>
      </symbol>
      <symbol id="sm-c5">
         <name>DMA_IRQHandler</name>
         <value>0x3e0f</value>
         <object_component_ref idref="oc-33"/>
      </symbol>
      <symbol id="sm-ce">
         <name>delay_ms</name>
         <value>0x4503</value>
         <object_component_ref idref="oc-d6"/>
      </symbol>
      <symbol id="sm-d7">
         <name>KEY_Scan</name>
         <value>0x3fbd</value>
         <object_component_ref idref="oc-e0"/>
      </symbol>
      <symbol id="sm-ed">
         <name>GROUP1_IRQHandler</name>
         <value>0x3e69</value>
         <object_component_ref idref="oc-34"/>
      </symbol>
      <symbol id="sm-ee">
         <name>right_encoder_count</name>
         <value>0x20200668</value>
         <object_component_ref idref="oc-65"/>
      </symbol>
      <symbol id="sm-ef">
         <name>left_encoder_count</name>
         <value>0x20200660</value>
         <object_component_ref idref="oc-66"/>
      </symbol>
      <symbol id="sm-f0">
         <name>pid_calc</name>
         <value>0x3551</value>
         <object_component_ref idref="oc-a0"/>
      </symbol>
      <symbol id="sm-f1">
         <name>Motor_Control_Loop</name>
         <value>0x3159</value>
         <object_component_ref idref="oc-71"/>
      </symbol>
      <symbol id="sm-f2">
         <name>current_speed_L</name>
         <value>0x20200654</value>
         <object_component_ref idref="oc-bb"/>
      </symbol>
      <symbol id="sm-f3">
         <name>current_speed_R</name>
         <value>0x20200658</value>
         <object_component_ref idref="oc-bc"/>
      </symbol>
      <symbol id="sm-f4">
         <name>target_speed_L</name>
         <value>0x20200674</value>
         <object_component_ref idref="oc-9c"/>
      </symbol>
      <symbol id="sm-f5">
         <name>pid_left</name>
         <value>0x2020060c</value>
         <object_component_ref idref="oc-9d"/>
      </symbol>
      <symbol id="sm-f6">
         <name>target_speed_R</name>
         <value>0x20200678</value>
         <object_component_ref idref="oc-9e"/>
      </symbol>
      <symbol id="sm-f7">
         <name>pid_right</name>
         <value>0x20200628</value>
         <object_component_ref idref="oc-9f"/>
      </symbol>
      <symbol id="sm-f8">
         <name>Car_SetSpeed</name>
         <value>0x3e11</value>
         <object_component_ref idref="oc-70"/>
      </symbol>
      <symbol id="sm-128">
         <name>OLED_Refresh</name>
         <value>0x2f09</value>
         <object_component_ref idref="oc-d5"/>
      </symbol>
      <symbol id="sm-129">
         <name>OLED_GRAM</name>
         <value>0x20200000</value>
      </symbol>
      <symbol id="sm-12a">
         <name>OLED_Clear</name>
         <value>0x16b5</value>
         <object_component_ref idref="oc-d3"/>
      </symbol>
      <symbol id="sm-12b">
         <name>asc2_1206</name>
         <value>0x58bc</value>
         <object_component_ref idref="oc-142"/>
      </symbol>
      <symbol id="sm-12c">
         <name>asc2_1608</name>
         <value>0x52cc</value>
         <object_component_ref idref="oc-141"/>
      </symbol>
      <symbol id="sm-12d">
         <name>asc2_2412</name>
         <value>0x4570</value>
         <object_component_ref idref="oc-140"/>
      </symbol>
      <symbol id="sm-12e">
         <name>OLED_ShowString</name>
         <value>0x2ca9</value>
         <object_component_ref idref="oc-d4"/>
      </symbol>
      <symbol id="sm-12f">
         <name>OLED_Init</name>
         <value>0xc1</value>
         <object_component_ref idref="oc-cd"/>
      </symbol>
      <symbol id="sm-13d">
         <name>uart1_send_char</name>
         <value>0x4441</value>
         <object_component_ref idref="oc-e4"/>
      </symbol>
      <symbol id="sm-13e">
         <name>UART1_IRQHandler</name>
         <value>0x42a9</value>
         <object_component_ref idref="oc-39"/>
      </symbol>
      <symbol id="sm-13f">
         <name>uart_data</name>
         <value>0x2020068b</value>
         <object_component_ref idref="oc-6a"/>
      </symbol>
      <symbol id="sm-140">
         <name>__TI_ATRegion0_src_addr</name>
         <value>0x0</value>
      </symbol>
      <symbol id="sm-141">
         <name>__TI_ATRegion0_trg_addr</name>
         <value>0x0</value>
      </symbol>
      <symbol id="sm-142">
         <name>__TI_ATRegion0_region_sz</name>
         <value>0x0</value>
      </symbol>
      <symbol id="sm-143">
         <name>__TI_ATRegion1_src_addr</name>
         <value>0x0</value>
      </symbol>
      <symbol id="sm-144">
         <name>__TI_ATRegion1_trg_addr</name>
         <value>0x0</value>
      </symbol>
      <symbol id="sm-145">
         <name>__TI_ATRegion1_region_sz</name>
         <value>0x0</value>
      </symbol>
      <symbol id="sm-146">
         <name>__TI_ATRegion2_src_addr</name>
         <value>0x0</value>
      </symbol>
      <symbol id="sm-147">
         <name>__TI_ATRegion2_trg_addr</name>
         <value>0x0</value>
      </symbol>
      <symbol id="sm-148">
         <name>__TI_ATRegion2_region_sz</name>
         <value>0x0</value>
      </symbol>
      <symbol id="sm-151">
         <name>DL_Common_delayCycles</name>
         <value>0x452d</value>
         <object_component_ref idref="oc-143"/>
      </symbol>
      <symbol id="sm-15d">
         <name>DL_I2C_setClockConfig</name>
         <value>0x4379</value>
         <object_component_ref idref="oc-170"/>
      </symbol>
      <symbol id="sm-15e">
         <name>DL_I2C_fillControllerTXFIFO</name>
         <value>0x3db1</value>
         <object_component_ref idref="oc-137"/>
      </symbol>
      <symbol id="sm-17a">
         <name>DL_Timer_setClockConfig</name>
         <value>0x4425</value>
         <object_component_ref idref="oc-167"/>
      </symbol>
      <symbol id="sm-17b">
         <name>DL_Timer_initTimerMode</name>
         <value>0x3775</value>
         <object_component_ref idref="oc-16d"/>
      </symbol>
      <symbol id="sm-17c">
         <name>DL_Timer_setCaptureCompareValue</name>
         <value>0x44c5</value>
         <object_component_ref idref="oc-b5"/>
      </symbol>
      <symbol id="sm-17d">
         <name>DL_Timer_setCaptCompUpdateMethod</name>
         <value>0x4409</value>
         <object_component_ref idref="oc-16a"/>
      </symbol>
      <symbol id="sm-17e">
         <name>DL_Timer_setCaptureCompareOutCtl</name>
         <value>0x445d</value>
         <object_component_ref idref="oc-169"/>
      </symbol>
      <symbol id="sm-17f">
         <name>DL_Timer_initFourCCPWMMode</name>
         <value>0x3671</value>
         <object_component_ref idref="oc-168"/>
      </symbol>
      <symbol id="sm-18c">
         <name>DL_UART_init</name>
         <value>0x4009</value>
         <object_component_ref idref="oc-178"/>
      </symbol>
      <symbol id="sm-18d">
         <name>DL_UART_setClockConfig</name>
         <value>0x44a1</value>
         <object_component_ref idref="oc-172"/>
      </symbol>
      <symbol id="sm-19e">
         <name>sprintf</name>
         <value>0x4319</value>
         <object_component_ref idref="oc-da"/>
      </symbol>
      <symbol id="sm-1a9">
         <name>_c_int00_noargs</name>
         <value>0x4351</value>
         <object_component_ref idref="oc-5e"/>
      </symbol>
      <symbol id="sm-1aa">
         <name>__stack</name>
         <value>0x20207e00</value>
         <object_component_ref idref="oc-1a"/>
      </symbol>
      <symbol id="sm-1b6">
         <name>__TI_auto_init_nobinit_nopinit</name>
         <value>0x4185</value>
         <object_component_ref idref="oc-fa"/>
      </symbol>
      <symbol id="sm-1be">
         <name>_system_pre_init</name>
         <value>0x455f</value>
         <object_component_ref idref="oc-80"/>
      </symbol>
      <symbol id="sm-1c9">
         <name>__TI_zero_init</name>
         <value>0x44e5</value>
         <object_component_ref idref="oc-5b"/>
      </symbol>
      <symbol id="sm-1d2">
         <name>__TI_decompress_none</name>
         <value>0x44b3</value>
         <object_component_ref idref="oc-20"/>
      </symbol>
      <symbol id="sm-1dd">
         <name>__TI_decompress_lzss</name>
         <value>0x3ba5</value>
         <object_component_ref idref="oc-1c"/>
      </symbol>
      <symbol id="sm-1ff">
         <name>__TI_printfi_nofloat</name>
         <value>0x2145</value>
         <object_component_ref idref="oc-186"/>
      </symbol>
      <symbol id="sm-20a">
         <name>__aeabi_errno_addr</name>
         <value>0x4541</value>
         <object_component_ref idref="oc-1aa"/>
      </symbol>
      <symbol id="sm-20b">
         <name>__aeabi_errno</name>
         <value>0x2020064c</value>
         <object_component_ref idref="oc-1cb"/>
      </symbol>
      <symbol id="sm-215">
         <name>abort</name>
         <value>0x4551</value>
         <object_component_ref idref="oc-f3"/>
      </symbol>
      <symbol id="sm-223">
         <name>atoi</name>
         <value>0x4091</value>
         <object_component_ref idref="oc-1a2"/>
      </symbol>
      <symbol id="sm-22d">
         <name>memccpy</name>
         <value>0x43c5</value>
         <object_component_ref idref="oc-197"/>
      </symbol>
      <symbol id="sm-239">
         <name>wcslen</name>
         <value>0x44d5</value>
         <object_component_ref idref="oc-1a6"/>
      </symbol>
      <symbol id="sm-23e">
         <name>__aeabi_ctype_table_</name>
         <value>0x5d30</value>
         <object_component_ref idref="oc-1c4"/>
      </symbol>
      <symbol id="sm-23f">
         <name>__aeabi_ctype_table_C</name>
         <value>0x5d30</value>
         <object_component_ref idref="oc-1c4"/>
      </symbol>
      <symbol id="sm-24a">
         <name>HOSTexit</name>
         <value>0x4557</value>
         <object_component_ref idref="oc-151"/>
      </symbol>
      <symbol id="sm-24b">
         <name>C$$EXIT</name>
         <value>0x4556</value>
         <object_component_ref idref="oc-151"/>
      </symbol>
      <symbol id="sm-260">
         <name>__aeabi_fadd</name>
         <value>0x387b</value>
         <object_component_ref idref="oc-a5"/>
      </symbol>
      <symbol id="sm-261">
         <name>__addsf3</name>
         <value>0x387b</value>
         <object_component_ref idref="oc-a5"/>
      </symbol>
      <symbol id="sm-262">
         <name>__aeabi_fsub</name>
         <value>0x3871</value>
         <object_component_ref idref="oc-a5"/>
      </symbol>
      <symbol id="sm-263">
         <name>__subsf3</name>
         <value>0x3871</value>
         <object_component_ref idref="oc-a5"/>
      </symbol>
      <symbol id="sm-269">
         <name>__muldsi3</name>
         <value>0x41fd</value>
         <object_component_ref idref="oc-11b"/>
      </symbol>
      <symbol id="sm-26f">
         <name>__aeabi_fmul</name>
         <value>0x3b19</value>
         <object_component_ref idref="oc-ad"/>
      </symbol>
      <symbol id="sm-270">
         <name>__mulsf3</name>
         <value>0x3b19</value>
         <object_component_ref idref="oc-ad"/>
      </symbol>
      <symbol id="sm-276">
         <name>__aeabi_f2iz</name>
         <value>0x42e1</value>
         <object_component_ref idref="oc-b1"/>
      </symbol>
      <symbol id="sm-277">
         <name>__fixsfsi</name>
         <value>0x42e1</value>
         <object_component_ref idref="oc-b1"/>
      </symbol>
      <symbol id="sm-27d">
         <name>__aeabi_i2f</name>
         <value>0x410d</value>
         <object_component_ref idref="oc-a1"/>
      </symbol>
      <symbol id="sm-27e">
         <name>__floatsisf</name>
         <value>0x410d</value>
         <object_component_ref idref="oc-a1"/>
      </symbol>
      <symbol id="sm-284">
         <name>__aeabi_lmul</name>
         <value>0x43a1</value>
         <object_component_ref idref="oc-1af"/>
      </symbol>
      <symbol id="sm-285">
         <name>__muldi3</name>
         <value>0x43a1</value>
         <object_component_ref idref="oc-1af"/>
      </symbol>
      <symbol id="sm-28b">
         <name>__aeabi_fcmpeq</name>
         <value>0x3c8d</value>
         <object_component_ref idref="oc-a9"/>
      </symbol>
      <symbol id="sm-28c">
         <name>__aeabi_fcmplt</name>
         <value>0x3ca1</value>
         <object_component_ref idref="oc-a9"/>
      </symbol>
      <symbol id="sm-28d">
         <name>__aeabi_fcmple</name>
         <value>0x3cb5</value>
         <object_component_ref idref="oc-a9"/>
      </symbol>
      <symbol id="sm-28e">
         <name>__aeabi_fcmpge</name>
         <value>0x3cc9</value>
         <object_component_ref idref="oc-a9"/>
      </symbol>
      <symbol id="sm-28f">
         <name>__aeabi_fcmpgt</name>
         <value>0x3cdd</value>
         <object_component_ref idref="oc-a9"/>
      </symbol>
      <symbol id="sm-295">
         <name>__aeabi_idiv</name>
         <value>0x3ec1</value>
         <object_component_ref idref="oc-8f"/>
      </symbol>
      <symbol id="sm-296">
         <name>__aeabi_idivmod</name>
         <value>0x3ec1</value>
         <object_component_ref idref="oc-8f"/>
      </symbol>
      <symbol id="sm-29c">
         <name>__aeabi_memcpy</name>
         <value>0x4549</value>
         <object_component_ref idref="oc-4e"/>
      </symbol>
      <symbol id="sm-29d">
         <name>__aeabi_memcpy4</name>
         <value>0x4549</value>
         <object_component_ref idref="oc-4e"/>
      </symbol>
      <symbol id="sm-29e">
         <name>__aeabi_memcpy8</name>
         <value>0x4549</value>
         <object_component_ref idref="oc-4e"/>
      </symbol>
      <symbol id="sm-2a7">
         <name>__aeabi_memset</name>
         <value>0x44f5</value>
         <object_component_ref idref="oc-196"/>
      </symbol>
      <symbol id="sm-2a8">
         <name>__aeabi_memset4</name>
         <value>0x44f5</value>
         <object_component_ref idref="oc-196"/>
      </symbol>
      <symbol id="sm-2a9">
         <name>__aeabi_memset8</name>
         <value>0x44f5</value>
         <object_component_ref idref="oc-196"/>
      </symbol>
      <symbol id="sm-2aa">
         <name>__aeabi_memclr</name>
         <value>0x4521</value>
         <object_component_ref idref="oc-7b"/>
      </symbol>
      <symbol id="sm-2ab">
         <name>__aeabi_memclr4</name>
         <value>0x4521</value>
         <object_component_ref idref="oc-7b"/>
      </symbol>
      <symbol id="sm-2ac">
         <name>__aeabi_memclr8</name>
         <value>0x4521</value>
         <object_component_ref idref="oc-7b"/>
      </symbol>
      <symbol id="sm-2b2">
         <name>__aeabi_uidiv</name>
         <value>0x4051</value>
         <object_component_ref idref="oc-19c"/>
      </symbol>
      <symbol id="sm-2b3">
         <name>__aeabi_uidivmod</name>
         <value>0x4051</value>
         <object_component_ref idref="oc-19c"/>
      </symbol>
      <symbol id="sm-2b9">
         <name>__aeabi_uldivmod</name>
         <value>0x448d</value>
         <object_component_ref idref="oc-1b4"/>
      </symbol>
      <symbol id="sm-2c2">
         <name>__eqsf2</name>
         <value>0x41c1</value>
         <object_component_ref idref="oc-114"/>
      </symbol>
      <symbol id="sm-2c3">
         <name>__lesf2</name>
         <value>0x41c1</value>
         <object_component_ref idref="oc-114"/>
      </symbol>
      <symbol id="sm-2c4">
         <name>__ltsf2</name>
         <value>0x41c1</value>
         <object_component_ref idref="oc-114"/>
      </symbol>
      <symbol id="sm-2c5">
         <name>__nesf2</name>
         <value>0x41c1</value>
         <object_component_ref idref="oc-114"/>
      </symbol>
      <symbol id="sm-2c6">
         <name>__cmpsf2</name>
         <value>0x41c1</value>
         <object_component_ref idref="oc-114"/>
      </symbol>
      <symbol id="sm-2c7">
         <name>__gtsf2</name>
         <value>0x4149</value>
         <object_component_ref idref="oc-119"/>
      </symbol>
      <symbol id="sm-2c8">
         <name>__gesf2</name>
         <value>0x4149</value>
         <object_component_ref idref="oc-119"/>
      </symbol>
      <symbol id="sm-2ce">
         <name>__udivmoddi4</name>
         <value>0x3949</value>
         <object_component_ref idref="oc-1d0"/>
      </symbol>
      <symbol id="sm-2d4">
         <name>__aeabi_llsl</name>
         <value>0x43e9</value>
         <object_component_ref idref="oc-205"/>
      </symbol>
      <symbol id="sm-2d5">
         <name>__ashldi3</name>
         <value>0x43e9</value>
         <object_component_ref idref="oc-205"/>
      </symbol>
      <symbol id="sm-2e2">
         <name>__aeabi_idiv0</name>
         <value>0x41fb</value>
         <object_component_ref idref="oc-10c"/>
      </symbol>
      <symbol id="sm-2e3">
         <name>__aeabi_ldiv0</name>
         <value>0x4237</value>
         <object_component_ref idref="oc-204"/>
      </symbol>
      <symbol id="sm-2fd">
         <name>memcpy</name>
         <value>0x39eb</value>
         <object_component_ref idref="oc-c3"/>
      </symbol>
      <symbol id="sm-30c">
         <name>memset</name>
         <value>0x3cef</value>
         <object_component_ref idref="oc-129"/>
      </symbol>
      <symbol id="sm-30d">
         <name>__TI_static_base__</name>
         <value>0x0</value>
      </symbol>
      <symbol id="sm-310">
         <name>__mpu_init</name>
         <value>0x0</value>
      </symbol>
      <symbol id="sm-311">
         <name>_system_post_cinit</name>
         <value>0x0</value>
      </symbol>
   </symbol_table>
   <title>Link successful</title>
</link_info>
